{"additional_epochs": 20, "device": "cpu", "end_epoch": 20, "initial_learning_rate": 0.001, "input_channels": 16, "input_fields": ["force", "encoder_displacement"], "optimizer": "adamw", "parameters": 4171586, "resume_checkpoint": null, "retained_time_points": 501, "run_dir": "experiments/lnn_gelu_probe", "scheduler": "cosine", "scheduler_restarted_on_resume": false, "split_sizes": {"test": 1, "train": 5000, "val": 500}, "start_epoch": 0, "target_channels": 2, "target_fields": ["disturbance"], "training_loss": "relative_l2"}
{"epoch": 1, "learning_rate": 0.0009938626377866762, "train": {"mse": 3.639332135728543, "relative_l2": 1.000329894001721, "rmse": 1.9077033668074665, "seconds": 14.13262395747006}}
{"epoch": 2, "learning_rate": 0.0009756016733731341, "train": {"mse": 3.6371417165668665, "relative_l2": 1.0000289770953683, "rmse": 1.907129181929443, "seconds": 14.157727919518948}}
{"epoch": 3, "learning_rate": 0.0009456667523079014, "train": {"mse": 3.6368898203592814, "relative_l2": 0.9999942922919488, "rmse": 1.9070631401081826, "seconds": 13.267477860674262}}
{"epoch": 4, "learning_rate": 0.0009047949716959113, "train": {"mse": 3.6366011976047905, "relative_l2": 0.9999545020858144, "rmse": 1.9069874665568178, "seconds": 12.79662743024528}}
{"epoch": 5, "learning_rate": 0.0008539927304214939, "train": {"mse": 3.636368463073852, "relative_l2": 0.9999226138769942, "rmse": 1.9069264440648601, "seconds": 12.793988374993205}}
{"epoch": 6, "learning_rate": 0.000794510948267798, "train": {"mse": 3.635866666666667, "relative_l2": 0.9998536747953479, "rmse": 1.9067948674848763, "seconds": 12.680092804133892}}
{"epoch": 7, "learning_rate": 0.0007278142641201641, "train": {"mse": 3.6357185628742514, "relative_l2": 0.9998332556407197, "rmse": 1.9067560312935294, "seconds": 12.753814904019237}}
{"epoch": 8, "learning_rate": 0.0006555449716959114, "train": {"mse": 3.6348542914171658, "relative_l2": 0.999714464852087, "rmse": 1.9065293838326138, "seconds": 12.757006481289864}}
{"epoch": 9, "learning_rate": 0.0005794825808225553, "train": {"mse": 3.633408383233533, "relative_l2": 0.9995156069351571, "rmse": 1.9061501470853583, "seconds": 12.838378811255097}}
{"epoch": 10, "learning_rate": 0.0005015000000000001, "train": {"mse": 3.6319552894211578, "relative_l2": 0.9993157209009288, "rmse": 1.9057689496424162, "seconds": 13.032662840560079}, "validation": {"mse": 3.5721501996007983, "relative_l2": 0.9994793544871488, "rmse": 1.890013280271014, "seconds": 0.3416483774781227}}
{"epoch": 11, "learning_rate": 0.0004235174191774452, "train": {"mse": 3.6257037924151696, "relative_l2": 0.9984552056428477, "rmse": 1.9041280924389434, "seconds": 12.780198687687516}}
{"epoch": 12, "learning_rate": 0.0003474550283040889, "train": {"mse": 3.5937972055888223, "relative_l2": 0.9940522950703115, "rmse": 1.8957313115494037, "seconds": 12.817824652418494}}
{"epoch": 13, "learning_rate": 0.00027518573587983607, "train": {"mse": 3.269845109780439, "relative_l2": 0.9481914600187394, "rmse": 1.8082713042517815, "seconds": 12.809194408357143}}
{"epoch": 14, "learning_rate": 0.00020848905173220228, "train": {"mse": 2.4606161676646705, "relative_l2": 0.8225350428633332, "rmse": 1.5686351289145193, "seconds": 12.555047519505024}}
{"epoch": 15, "learning_rate": 0.00014900726957850613, "train": {"mse": 2.1371710578842316, "relative_l2": 0.766570438308796, "rmse": 1.4619066515630303, "seconds": 12.474380603060126}}
{"epoch": 16, "learning_rate": 9.820502830408878e-05, "train": {"mse": 2.0600800399201598, "relative_l2": 0.7526176945255227, "rmse": 1.4352978923973099, "seconds": 12.523411693051457}}
{"epoch": 17, "learning_rate": 5.733324769209867e-05, "train": {"mse": 2.011624550898204, "relative_l2": 0.7437139242596408, "rmse": 1.418317507083024, "seconds": 12.533190244808793}}
{"epoch": 18, "learning_rate": 2.7398326626865973e-05, "train": {"mse": 1.9836087824351298, "relative_l2": 0.7385169377924564, "rmse": 1.408406469182505, "seconds": 12.45417901687324}}
{"epoch": 19, "learning_rate": 9.13736221332388e-06, "train": {"mse": 1.9725169660678643, "relative_l2": 0.7364492878400435, "rmse": 1.404463230585929, "seconds": 12.510412488132715}}
{"epoch": 20, "learning_rate": 3e-06, "train": {"mse": 1.965712375249501, "relative_l2": 0.7351779260637571, "rmse": 1.402038649698895, "seconds": 12.451428066939116}, "validation": {"mse": 1.9739119261477045, "relative_l2": 0.7429727019816049, "rmse": 1.4049597596186534, "seconds": 0.3609531130641699}}
{"summary": {"additional_epochs": 20, "best_validation_mse": 1.9739119261477045, "best_validation_relative_l2": 0.7429727019816049, "best_validation_score": 0.7429727019816049, "end_epoch": 20, "initial_learning_rate": 0.001, "kept_resume_learning_rate": false, "minimum_learning_rate": 3e-06, "optimizer": "adamw", "plateau_cooldown": null, "plateau_factor": null, "plateau_patience": null, "plateau_threshold": null, "plateau_threshold_mode": null, "resume_checkpoint": null, "scheduler": "cosine", "scheduler_restarted_on_resume": false, "start_epoch": 0, "test": {"mse": 0.422545046625499, "relative_l2": 0.647001417727359, "rmse": 0.6500346503268106, "seconds": 0.02129936031997204}, "total_seconds": 258.3501839917153, "training_loss": "relative_l2", "validation_selection_metric": "relative_l2", "weight_decay": 0.0001}}
