[data] train=5000 val=500 test=200
[data] batch 64 -> 79 batches/epoch
[data] per-bin target energy (100 train samples): tone bins 4-7 = 0.999805, bins 0-2 = 3.228e-05
[REF-A] shared map fit bins 3..250: test rl2 = 1.353e-05 (bins0-2 1.35e-05 | bins3-7 6.60e-08 | bins8-250 4.52e-07)  (7.2s)
[REF-A] target energy frac: bins0-2 2.788e-05 | bins3-7 0.999839 | bins8-250 1.334e-04
[REF-B] shared map fit ALL bins 0..250 (ridge 1e-10): test rl2 = 4.593e-07 (bins0-2 4.75e-08 | bins3-7 6.60e-08 | bins8-250 4.52e-07)  (7.4s)
  [S1  shared bare  f64 adamw 1e-3] ep  10 train 9.995e-01 val rl2 9.994e-01
  [S1  shared bare  f64 adamw 1e-3] ep  20 train 9.988e-01 val rl2 9.988e-01
  [S1  shared bare  f64 adamw 1e-3] ep  30 train 9.981e-01 val rl2 9.981e-01
  [S1  shared bare  f64 adamw 1e-3] ep  40 train 9.974e-01 val rl2 9.974e-01
  [S1  shared bare  f64 adamw 1e-3] ep  50 train 9.967e-01 val rl2 9.967e-01
[S1  shared bare  f64 adamw 1e-3] FINAL official test rl2 = 9.967e-01 (50 ep, 80.2s, 1.60s/ep)
  [S1n shared norm  f64 adamw 1e-2] ep  10 train 6.810e-01 val rl2 6.645e-01
  [S1n shared norm  f64 adamw 1e-2] ep  20 train 3.448e-01 val rl2 3.285e-01
  [S1n shared norm  f64 adamw 1e-2] ep  30 train 3.026e-02 val rl2 2.223e-02
  [S1n shared norm  f64 adamw 1e-2] ep  40 train 7.666e-03 val rl2 7.561e-03
  [S1n shared norm  f64 adamw 1e-2] ep  50 train 7.516e-03 val rl2 7.850e-03
[S1n shared norm  f64 adamw 1e-2] FINAL official test rl2 = 8.133e-03 (50 ep, 78.9s, 1.58s/ep)
  [S1n shared norm  f64 sgd-m 1e-1] ep  10 train 6.280e-01 val rl2 6.084e-01
  [S1n shared norm  f64 sgd-m 1e-1] ep  20 train 2.370e-01 val rl2 2.172e-01
  [S1n shared norm  f64 sgd-m 1e-1] ep  30 train 6.699e-02 val rl2 8.438e-02
  [S1n shared norm  f64 sgd-m 1e-1] ep  40 train 4.923e-02 val rl2 2.857e-02
  [S1n shared norm  f64 sgd-m 1e-1] ep  50 train 4.875e-02 val rl2 6.348e-02
[S1n shared norm  f64 sgd-m 1e-1] FINAL official test rl2 = 6.605e-02 (50 ep, 78.2s, 1.56s/ep)
  [S1n shared norm  f32 adamw 1e-2] ep  10 train 6.806e-01 val rl2 6.640e-01
  [S1n shared norm  f32 adamw 1e-2] ep  20 train 3.443e-01 val rl2 3.279e-01
  [S1n shared norm  f32 adamw 1e-2] ep  30 train 2.918e-02 val rl2 2.315e-02
  [S1n shared norm  f32 adamw 1e-2] ep  40 train 8.144e-03 val rl2 8.013e-03
  [S1n shared norm  f32 adamw 1e-2] ep  50 train 8.502e-03 val rl2 8.204e-03
[S1n shared norm  f32 adamw 1e-2] FINAL official test rl2 = 8.517e-03 (50 ep, 78.9s, 1.58s/ep)
  [S2  perbin bare  f64 adamw 1e-2] ep  10 train 9.933e-01 val rl2 9.928e-01
  [S2  perbin bare  f64 adamw 1e-2] ep  20 train 9.865e-01 val rl2 9.860e-01
  [S2  perbin bare  f64 adamw 1e-2] ep  30 train 9.796e-01 val rl2 9.792e-01
  [S2  perbin bare  f64 adamw 1e-2] ep  40 train 9.729e-01 val rl2 9.727e-01
  [S2  perbin bare  f64 adamw 1e-2] ep  50 train 9.659e-01 val rl2 9.656e-01
[S2  perbin bare  f64 adamw 1e-2] FINAL official test rl2 = 9.657e-01 (50 ep, 81.7s, 1.63s/ep)
  [S2n perbin norm  f64 adamw 1e-2] ep  10 train 6.492e-01 val rl2 6.317e-01
  [S2n perbin norm  f64 adamw 1e-2] ep  20 train 2.857e-01 val rl2 2.689e-01
  [S2n perbin norm  f64 adamw 1e-2] ep  30 train 2.332e-02 val rl2 2.179e-02
  [S2n perbin norm  f64 adamw 1e-2] ep  40 train 9.536e-03 val rl2 9.370e-03
  [S2n perbin norm  f64 adamw 1e-2] ep  50 train 7.064e-03 val rl2 8.711e-03
[S2n perbin norm  f64 adamw 1e-2] FINAL official test rl2 = 8.799e-03 (50 ep, 80.6s, 1.61s/ep)

=== SUMMARY ===
  S1  shared bare  f64 adamw 1e-3: official test rl2 = 9.967e-01
  S1n shared norm  f64 adamw 1e-2: official test rl2 = 8.133e-03
  S1n shared norm  f64 sgd-m 1e-1: official test rl2 = 6.605e-02
  S1n shared norm  f32 adamw 1e-2: official test rl2 = 8.517e-03
  S2  perbin bare  f64 adamw 1e-2: official test rl2 = 9.657e-01
  S2n perbin norm  f64 adamw 1e-2: official test rl2 = 8.799e-03
