{"additional_epochs": 120, "device": "cpu", "end_epoch": 120, "initial_learning_rate": 0.1, "input_channels": 13, "input_fields": ["force", "displacement", "velocity", "acceleration"], "optimizer": "sgd", "parameters": 26, "resume_checkpoint": null, "retained_time_points": 501, "run_dir": "experiments/spectral_w128_b1_seed20260810_20260825-021611", "scheduler": "multistep", "scheduler_restarted_on_resume": false, "split_sizes": {"test": 200, "train": 5000, "val": 500}, "start_epoch": 0, "target_channels": 2, "target_fields": ["disturbance"], "training_loss": "relative_l2"}
{"epoch": 1, "learning_rate": 0.1, "train": {"mse": 3.568179241516966, "relative_l2": 0.9905028568897529, "rmse": 1.8889624775301828, "seconds": 1.7984280064702034}}
{"epoch": 2, "learning_rate": 0.1, "train": {"mse": 3.4159061876247505, "relative_l2": 0.9691375400261906, "rmse": 1.8482170293622853, "seconds": 2.203618051484227}}
{"epoch": 3, "learning_rate": 0.1, "train": {"mse": 3.2644373253493013, "relative_l2": 0.9474070074394639, "rmse": 1.8067753942727085, "seconds": 2.380549807101488}}
{"epoch": 4, "learning_rate": 0.1, "train": {"mse": 3.1172938123752494, "relative_l2": 0.9258088282333413, "rmse": 1.7655859685598005, "seconds": 2.3382496256381273}}
{"epoch": 5, "learning_rate": 0.1, "train": {"mse": 2.972104391217565, "relative_l2": 0.9039918238957215, "rmse": 1.7239792316665432, "seconds": 1.9976675603538752}}
{"epoch": 6, "learning_rate": 0.1, "train": {"mse": 2.831565269461078, "relative_l2": 0.8823598000641714, "rmse": 1.6827255478719867, "seconds": 1.6397552117705345}}
{"epoch": 7, "learning_rate": 0.1, "train": {"mse": 2.6928874251497006, "relative_l2": 0.8604815209416955, "rmse": 1.6410019576922206, "seconds": 1.6210854426026344}}
{"epoch": 8, "learning_rate": 0.1, "train": {"mse": 2.558333133732535, "relative_l2": 0.8387084079567677, "rmse": 1.5994790194724453, "seconds": 1.57011903449893}}
{"epoch": 9, "learning_rate": 0.1, "train": {"mse": 2.4278269461077846, "relative_l2": 0.8170362256643883, "rmse": 1.5581485635547672, "seconds": 1.6311381701380014}}
{"epoch": 10, "learning_rate": 0.1, "train": {"mse": 2.3009369261477044, "relative_l2": 0.795398613804735, "rmse": 1.5168839527622753, "seconds": 1.6569200828671455}, "validation": {"mse": 2.199436876247505, "relative_l2": 0.7842683841430733, "rmse": 1.483049856291927, "seconds": 0.23252378590404987}}
{"epoch": 11, "learning_rate": 0.1, "train": {"mse": 2.176860279441118, "relative_l2": 0.7736556520392527, "rmse": 1.475418679372441, "seconds": 1.661533934995532}}
{"epoch": 12, "learning_rate": 0.1, "train": {"mse": 2.0565860279441117, "relative_l2": 0.7519793064460976, "rmse": 1.4340802027585875, "seconds": 1.641392108052969}}
{"epoch": 13, "learning_rate": 0.1, "train": {"mse": 1.9393249500998004, "relative_l2": 0.7302267554862081, "rmse": 1.3925964778426665, "seconds": 1.6177316270768642}}
{"epoch": 14, "learning_rate": 0.1, "train": {"mse": 1.8260107784431139, "relative_l2": 0.7085722131939866, "rmse": 1.3512996627110931, "seconds": 1.619659636169672}}
{"epoch": 15, "learning_rate": 0.1, "train": {"mse": 1.715453493013972, "relative_l2": 0.6867867367618312, "rmse": 1.3097532183636627, "seconds": 1.598975732922554}}
{"epoch": 16, "learning_rate": 0.1, "train": {"mse": 1.6083157684630738, "relative_l2": 0.6649945851458262, "rmse": 1.2681939001836722, "seconds": 1.600136088207364}}
{"epoch": 17, "learning_rate": 0.1, "train": {"mse": 1.5054062874251497, "relative_l2": 0.6433677509902306, "rmse": 1.226949993856779, "seconds": 1.6074790991842747}}
{"epoch": 18, "learning_rate": 0.1, "train": {"mse": 1.4050969061876248, "relative_l2": 0.6215636547146595, "rmse": 1.1853678358162183, "seconds": 1.6206519827246666}}
{"epoch": 19, "learning_rate": 0.1, "train": {"mse": 1.3088179640718562, "relative_l2": 0.5998905889521404, "rmse": 1.144035822897105, "seconds": 1.713734520599246}}
{"epoch": 20, "learning_rate": 0.1, "train": {"mse": 1.215719760479042, "relative_l2": 0.578161492871231, "rmse": 1.1025968258974093, "seconds": 1.6658019796013832}, "validation": {"mse": 1.1497874251497007, "relative_l2": 0.5670452724611414, "rmse": 1.0722814113607029, "seconds": 0.21653784811496735}}
{"epoch": 21, "learning_rate": 0.1, "train": {"mse": 1.1260612774451098, "relative_l2": 0.5564337160546252, "rmse": 1.0611603448325375, "seconds": 1.642497943714261}}
{"epoch": 22, "learning_rate": 0.1, "train": {"mse": 1.039632135728543, "relative_l2": 0.5346533260242167, "rmse": 1.0196235264687368, "seconds": 1.9251895267516375}}
{"epoch": 23, "learning_rate": 0.1, "train": {"mse": 0.9569006986027944, "relative_l2": 0.5129392500656372, "rmse": 0.9782130128979037, "seconds": 1.6509226150810719}}
{"epoch": 24, "learning_rate": 0.1, "train": {"mse": 0.8777919161676647, "relative_l2": 0.49127896113321257, "rmse": 0.9369055001267015, "seconds": 1.6358507294207811}}
{"epoch": 25, "learning_rate": 0.1, "train": {"mse": 0.8018901197604791, "relative_l2": 0.46955868776164117, "rmse": 0.8954831767043304, "seconds": 1.6248426027595997}}
{"epoch": 26, "learning_rate": 0.1, "train": {"mse": 0.7294369760479041, "relative_l2": 0.44784356290139005, "rmse": 0.8540708261308919, "seconds": 1.6661091838032007}}
{"epoch": 27, "learning_rate": 0.1, "train": {"mse": 0.6604314371257485, "relative_l2": 0.4261341755861299, "rmse": 0.8126693282791891, "seconds": 1.650463817641139}}
{"epoch": 28, "learning_rate": 0.1, "train": {"mse": 0.5950130738522954, "relative_l2": 0.4044786769330595, "rmse": 0.7713709055002629, "seconds": 1.6214064732193947}}
{"epoch": 29, "learning_rate": 0.1, "train": {"mse": 0.5327214570858283, "relative_l2": 0.3827212843555093, "rmse": 0.7298777000880546, "seconds": 1.632291266694665}}
{"epoch": 30, "learning_rate": 0.1, "train": {"mse": 0.4741561876247505, "relative_l2": 0.3610714188328843, "rmse": 0.6885899996549111, "seconds": 1.5878091603517532}, "validation": {"mse": 0.437610497754491, "relative_l2": 0.34982659468914157, "rmse": 0.6615213509437855, "seconds": 0.1863735392689705}}
{"epoch": 31, "learning_rate": 0.1, "train": {"mse": 0.4189185129740519, "relative_l2": 0.33938858069217925, "rmse": 0.6472391466637752, "seconds": 1.5973569732159376}}
{"epoch": 32, "learning_rate": 0.1, "train": {"mse": 0.36636506986027945, "relative_l2": 0.31738725201312745, "rmse": 0.6052809842216088, "seconds": 1.8084170017391443}}
{"epoch": 33, "learning_rate": 0.1, "train": {"mse": 0.318548003992016, "relative_l2": 0.2959510391822942, "rmse": 0.5644005705100023, "seconds": 1.7058832235634327}}
{"epoch": 34, "learning_rate": 0.1, "train": {"mse": 0.27323388223552897, "relative_l2": 0.2740941090525216, "rmse": 0.5227177845028127, "seconds": 1.7399042025208473}}
{"epoch": 35, "learning_rate": 0.1, "train": {"mse": 0.23186334830339322, "relative_l2": 0.25249249670630974, "rmse": 0.4815219084355282, "seconds": 1.5884427074342966}}
{"epoch": 36, "learning_rate": 0.1, "train": {"mse": 0.19363594061876246, "relative_l2": 0.23074133975305872, "rmse": 0.44004083971690905, "seconds": 1.6565469820052385}}
{"epoch": 37, "learning_rate": 0.1, "train": {"mse": 0.1587810628742515, "relative_l2": 0.2089449470096412, "rmse": 0.39847341551758697, "seconds": 1.5812552124261856}}
{"epoch": 38, "learning_rate": 0.1, "train": {"mse": 0.12742377744510977, "relative_l2": 0.18717924309236345, "rmse": 0.3569646725449309, "seconds": 1.6408067736774683}}
{"epoch": 39, "learning_rate": 0.1, "train": {"mse": 0.09969036926147705, "relative_l2": 0.16556137611461785, "rmse": 0.3157378172811693, "seconds": 1.6451813783496618}}
{"epoch": 40, "learning_rate": 0.1, "train": {"mse": 0.07536996631736527, "relative_l2": 0.14395659373775105, "rmse": 0.2745359107974133, "seconds": 1.6509341206401587}, "validation": {"mse": 0.06288494885229541, "relative_l2": 0.13261184358974268, "rmse": 0.2507687158564549, "seconds": 0.20079517923295498}}
{"epoch": 41, "learning_rate": 0.1, "train": {"mse": 0.05429316367265469, "relative_l2": 0.12218137926380385, "rmse": 0.23300893474855142, "seconds": 1.6149256154894829}}
{"epoch": 42, "learning_rate": 0.1, "train": {"mse": 0.036743197979041915, "relative_l2": 0.10051270231297399, "rmse": 0.19168515325669308, "seconds": 1.6435443703085184}}
{"epoch": 43, "learning_rate": 0.1, "train": {"mse": 0.022577289171656686, "relative_l2": 0.07878950474534903, "rmse": 0.15025740970633258, "seconds": 1.6291593872010708}}
{"epoch": 44, "learning_rate": 0.1, "train": {"mse": 0.011893657216816367, "relative_l2": 0.05718605766492362, "rmse": 0.10905804517235933, "seconds": 1.6163893714547157}}
{"epoch": 45, "learning_rate": 0.1, "train": {"mse": 0.004619737868013972, "relative_l2": 0.035640276786914775, "rmse": 0.06796865356922978, "seconds": 1.613744767382741}}
{"epoch": 46, "learning_rate": 0.1, "train": {"mse": 0.0007975738951783932, "relative_l2": 0.014808732582443303, "rmse": 0.028241350803005036, "seconds": 1.7034655772149563}}
{"epoch": 47, "learning_rate": 0.1, "train": {"mse": 1.1837259738031262e-06, "relative_l2": 0.0005705031693813166, "rmse": 0.001087991715870634, "seconds": 1.6559866424649954}}
{"epoch": 48, "learning_rate": 0.1, "train": {"mse": 2.103929822435398e-09, "relative_l2": 2.405182449523327e-05, "rmse": 4.5868614786533485e-05, "seconds": 1.7043380625545979}}
{"epoch": 49, "learning_rate": 0.1, "train": {"mse": 1.970300276181893e-09, "relative_l2": 2.3275481926858016e-05, "rmse": 4.4388064569002024e-05, "seconds": 1.6312707718461752}}
{"epoch": 50, "learning_rate": 0.1, "train": {"mse": 1.899698589316861e-09, "relative_l2": 2.2854661804569275e-05, "rmse": 4.3585531880623654e-05, "seconds": 1.6079043596982956}, "validation": {"mse": 4.756318762184617e-09, "relative_l2": 3.647072805487628e-05, "rmse": 6.89660696443158e-05, "seconds": 0.1692601442337036}}
{"epoch": 51, "learning_rate": 0.1, "train": {"mse": 1.908400785661267e-09, "relative_l2": 2.290694739707402e-05, "rmse": 4.3685246773496277e-05, "seconds": 1.605485562235117}}
{"epoch": 52, "learning_rate": 0.1, "train": {"mse": 8.405903781840426e-10, "relative_l2": 1.5202837599733136e-05, "rmse": 2.8992936694720018e-05, "seconds": 1.5997918546199799}}
{"epoch": 53, "learning_rate": 0.1, "train": {"mse": 1.4862763191649538e-09, "relative_l2": 2.0215395944655916e-05, "rmse": 3.8552254397959065e-05, "seconds": 1.6205164920538664}}
{"epoch": 54, "learning_rate": 0.1, "train": {"mse": 2.1639668536995224e-09, "relative_l2": 2.439258073698892e-05, "rmse": 4.651845712939674e-05, "seconds": 1.6017561610788107}}
{"epoch": 55, "learning_rate": 0.1, "train": {"mse": 1.232355215889727e-09, "relative_l2": 1.840773607716792e-05, "rmse": 3.51049172608301e-05, "seconds": 1.6290844026952982}}
{"epoch": 56, "learning_rate": 0.1, "train": {"mse": 1.368522941471336e-09, "relative_l2": 1.9398068566782694e-05, "rmse": 3.6993552701401034e-05, "seconds": 1.6275601405650377}}
{"epoch": 57, "learning_rate": 0.1, "train": {"mse": 1.5836090087414739e-09, "relative_l2": 2.0866826594160364e-05, "rmse": 3.979458516860647e-05, "seconds": 1.624315470457077}}
{"epoch": 58, "learning_rate": 0.1, "train": {"mse": 9.539543638031878e-10, "relative_l2": 1.6195570409915397e-05, "rmse": 3.088615165091287e-05, "seconds": 1.6318525187671185}}
{"epoch": 59, "learning_rate": 0.1, "train": {"mse": 1.132825738982764e-09, "relative_l2": 1.764875404323622e-05, "rmse": 3.365747671740655e-05, "seconds": 1.6206318121403456}}
{"epoch": 60, "learning_rate": 0.010000000000000002, "train": {"mse": 8.434327709639144e-10, "relative_l2": 1.5228518694597535e-05, "rmse": 2.9041914037540885e-05, "seconds": 1.603715306147933}, "validation": {"mse": 3.02168660789743e-10, "relative_l2": 9.192500594190918e-06, "rmse": 1.7382999188567633e-05, "seconds": 0.19073682092130184}}
{"epoch": 61, "learning_rate": 0.010000000000000002, "train": {"mse": 6.947409061384118e-11, "relative_l2": 4.370628889467389e-06, "rmse": 8.33511191369625e-06, "seconds": 1.6011553592979908}}
{"epoch": 62, "learning_rate": 0.010000000000000002, "train": {"mse": 5.142028167464598e-11, "relative_l2": 3.7601026264786463e-06, "rmse": 7.1707936572352975e-06, "seconds": 1.5488487556576729}}
{"epoch": 63, "learning_rate": 0.010000000000000002, "train": {"mse": 5.058031375826654e-11, "relative_l2": 3.7292644800880494e-06, "rmse": 7.111983813133051e-06, "seconds": 1.676551403477788}}
{"epoch": 64, "learning_rate": 0.010000000000000002, "train": {"mse": 4.9922834410742965e-11, "relative_l2": 3.7049473659514806e-06, "rmse": 7.06560927385197e-06, "seconds": 1.7099504210054874}}
{"epoch": 65, "learning_rate": 0.010000000000000002, "train": {"mse": 4.9208593880107065e-11, "relative_l2": 3.678348950886782e-06, "rmse": 7.014883739600185e-06, "seconds": 1.6467536594718695}}
{"epoch": 66, "learning_rate": 0.010000000000000002, "train": {"mse": 4.8086260716819356e-11, "relative_l2": 3.636159926730009e-06, "rmse": 6.934425766912452e-06, "seconds": 1.627635896205902}}
{"epoch": 67, "learning_rate": 0.010000000000000002, "train": {"mse": 4.876480984339814e-11, "relative_l2": 3.6617251283868744e-06, "rmse": 6.983180496263729e-06, "seconds": 1.6430658921599388}}
{"epoch": 68, "learning_rate": 0.010000000000000002, "train": {"mse": 4.696178397799502e-11, "relative_l2": 3.593393402422904e-06, "rmse": 6.852866843737373e-06, "seconds": 1.8445072695612907}}
{"epoch": 69, "learning_rate": 0.010000000000000002, "train": {"mse": 4.697815996563125e-11, "relative_l2": 3.5940192800387597e-06, "rmse": 6.854061567102476e-06, "seconds": 1.6420578248798847}}
{"epoch": 70, "learning_rate": 0.010000000000000002, "train": {"mse": 4.6152642304393764e-11, "relative_l2": 3.5623019944945262e-06, "rmse": 6.793573603369126e-06, "seconds": 1.629988633096218}, "validation": {"mse": 4.7176924314323864e-11, "relative_l2": 3.632233575375161e-06, "rmse": 6.8685460116624294e-06, "seconds": 0.21924174018204212}}
{"epoch": 71, "learning_rate": 0.010000000000000002, "train": {"mse": 4.491068426512197e-11, "relative_l2": 3.5140447280986596e-06, "rmse": 6.701543424101792e-06, "seconds": 1.634882252663374}}
{"epoch": 72, "learning_rate": 0.010000000000000002, "train": {"mse": 4.465994692338768e-11, "relative_l2": 3.5042215034402285e-06, "rmse": 6.682809807512681e-06, "seconds": 1.6334985997527838}}
{"epoch": 73, "learning_rate": 0.010000000000000002, "train": {"mse": 4.478393446936638e-11, "relative_l2": 3.509082058728684e-06, "rmse": 6.6920799807956855e-06, "seconds": 1.666869543492794}}
{"epoch": 74, "learning_rate": 0.010000000000000002, "train": {"mse": 4.447243925083629e-11, "relative_l2": 3.49685703164184e-06, "rmse": 6.6687659466228305e-06, "seconds": 1.593144252896309}}
{"epoch": 75, "learning_rate": 0.010000000000000002, "train": {"mse": 4.351055184509345e-11, "relative_l2": 3.4588340122149206e-06, "rmse": 6.596252863944305e-06, "seconds": 1.5765373669564724}}
{"epoch": 76, "learning_rate": 0.010000000000000002, "train": {"mse": 4.173500615333815e-11, "relative_l2": 3.387526225569516e-06, "rmse": 6.460263628780032e-06, "seconds": 1.6436022352427244}}
{"epoch": 77, "learning_rate": 0.010000000000000002, "train": {"mse": 4.209162973651956e-11, "relative_l2": 3.4019685617627354e-06, "rmse": 6.487806234507899e-06, "seconds": 1.6143049336969852}}
{"epoch": 78, "learning_rate": 0.010000000000000002, "train": {"mse": 4.066749972694678e-11, "relative_l2": 3.3439223592478132e-06, "rmse": 6.3771074733727654e-06, "seconds": 1.6506143379956484}}
{"epoch": 79, "learning_rate": 0.010000000000000002, "train": {"mse": 4.04749148592219e-11, "relative_l2": 3.335995229746327e-06, "rmse": 6.36198985060664e-06, "seconds": 1.6302795931696892}}
{"epoch": 80, "learning_rate": 0.010000000000000002, "train": {"mse": 4.0002111224699285e-11, "relative_l2": 3.316453265394279e-06, "rmse": 6.3247222251020076e-06, "seconds": 1.6625641975551844}, "validation": {"mse": 4.187097579278907e-11, "relative_l2": 3.4218856914723484e-06, "rmse": 6.470778607925716e-06, "seconds": 0.17917311377823353}}
{"epoch": 81, "learning_rate": 0.010000000000000002, "train": {"mse": 3.9418257016339105e-11, "relative_l2": 3.292161333312345e-06, "rmse": 6.278396054434532e-06, "seconds": 1.65178681910038}}
{"epoch": 82, "learning_rate": 0.010000000000000002, "train": {"mse": 3.9012854019116734e-11, "relative_l2": 3.2751883952540992e-06, "rmse": 6.246027058788389e-06, "seconds": 1.6229485161602497}}
{"epoch": 83, "learning_rate": 0.010000000000000002, "train": {"mse": 3.8988589208773865e-11, "relative_l2": 3.274169702974897e-06, "rmse": 6.244084337096502e-06, "seconds": 1.668208308517933}}
{"epoch": 84, "learning_rate": 0.010000000000000002, "train": {"mse": 3.783778541213916e-11, "relative_l2": 3.2254870602014815e-06, "rmse": 6.151242590903009e-06, "seconds": 1.7226771991699934}}
{"epoch": 85, "learning_rate": 0.010000000000000002, "train": {"mse": 3.6887484351674955e-11, "relative_l2": 3.184725227742944e-06, "rmse": 6.0735067590046324e-06, "seconds": 1.6274646762758493}}
{"epoch": 86, "learning_rate": 0.010000000000000002, "train": {"mse": 3.779598568917481e-11, "relative_l2": 3.2237049564117507e-06, "rmse": 6.147843987055528e-06, "seconds": 1.6843226961791515}}
{"epoch": 87, "learning_rate": 0.010000000000000002, "train": {"mse": 3.61315748039001e-11, "relative_l2": 3.1519249686597156e-06, "rmse": 6.010954566780562e-06, "seconds": 1.6911171171814203}}
{"epoch": 88, "learning_rate": 0.010000000000000002, "train": {"mse": 3.5473337362589176e-11, "relative_l2": 3.1230821067775935e-06, "rmse": 5.955949744800503e-06, "seconds": 1.6380028128623962}}
{"epoch": 89, "learning_rate": 0.010000000000000002, "train": {"mse": 3.57048580434151e-11, "relative_l2": 3.13325813479097e-06, "rmse": 5.975354219074807e-06, "seconds": 1.7646750006824732}}
{"epoch": 90, "learning_rate": 0.010000000000000002, "train": {"mse": 3.4503354909392944e-11, "relative_l2": 3.080087738793064e-06, "rmse": 5.8739556441458545e-06, "seconds": 1.733855564147234}, "validation": {"mse": 3.85067421834202e-11, "relative_l2": 3.2815373018266905e-06, "rmse": 6.205380099834353e-06, "seconds": 0.28719739243388176}}
{"epoch": 91, "learning_rate": 0.010000000000000002, "train": {"mse": 3.393980367257894e-11, "relative_l2": 3.0548304569451345e-06, "rmse": 5.825787815615922e-06, "seconds": 1.7190139796584845}}
{"epoch": 92, "learning_rate": 0.010000000000000002, "train": {"mse": 3.5217031952692663e-11, "relative_l2": 3.111779395933588e-06, "rmse": 5.934393983608829e-06, "seconds": 1.6919859945774078}}
{"epoch": 93, "learning_rate": 0.010000000000000002, "train": {"mse": 3.36189266803587e-11, "relative_l2": 3.040355692400033e-06, "rmse": 5.798183049918199e-06, "seconds": 1.675073342397809}}
{"epoch": 94, "learning_rate": 0.010000000000000002, "train": {"mse": 3.2603618351486094e-11, "relative_l2": 2.9940934377616936e-06, "rmse": 5.709957823967362e-06, "seconds": 1.6613079328089952}}
{"epoch": 95, "learning_rate": 0.010000000000000002, "train": {"mse": 3.1515018909448337e-11, "relative_l2": 2.943684323490318e-06, "rmse": 5.613823911510615e-06, "seconds": 1.648328524082899}}
{"epoch": 96, "learning_rate": 0.010000000000000002, "train": {"mse": 3.1951044829276034e-11, "relative_l2": 2.963977712302727e-06, "rmse": 5.652525526636393e-06, "seconds": 2.2902499083429575}}
{"epoch": 97, "learning_rate": 0.010000000000000002, "train": {"mse": 3.127154881160654e-11, "relative_l2": 2.932291200241547e-06, "rmse": 5.5920969959047155e-06, "seconds": 1.783377606421709}}
{"epoch": 98, "learning_rate": 0.010000000000000002, "train": {"mse": 3.01396857413599e-11, "relative_l2": 2.8787358010513885e-06, "rmse": 5.489962271396762e-06, "seconds": 1.6511748470366001}}
{"epoch": 99, "learning_rate": 0.010000000000000002, "train": {"mse": 3.045505275689586e-11, "relative_l2": 2.8937576130910086e-06, "rmse": 5.518609676077469e-06, "seconds": 1.9768561776727438}}
{"epoch": 100, "learning_rate": 0.0010000000000000002, "train": {"mse": 2.948165742936962e-11, "relative_l2": 2.8471372065239296e-06, "rmse": 5.4297014125428316e-06, "seconds": 1.7030954621732235}, "validation": {"mse": 2.9916285159937226e-11, "relative_l2": 2.8924295437202763e-06, "rmse": 5.469578151917863e-06, "seconds": 0.3773760683834553}}
{"epoch": 101, "learning_rate": 0.0010000000000000002, "train": {"mse": 2.7826294291786806e-11, "relative_l2": 2.7660506986554266e-06, "rmse": 5.275063439598315e-06, "seconds": 1.963406853377819}}
{"epoch": 102, "learning_rate": 0.0010000000000000002, "train": {"mse": 2.7686166028657598e-11, "relative_l2": 2.7590770874876453e-06, "rmse": 5.261764535653187e-06, "seconds": 2.193298567086458}}
{"epoch": 103, "learning_rate": 0.0010000000000000002, "train": {"mse": 2.7599481925249338e-11, "relative_l2": 2.7547545812304753e-06, "rmse": 5.253520907472372e-06, "seconds": 1.821879843249917}}
{"epoch": 104, "learning_rate": 0.0010000000000000002, "train": {"mse": 2.7566721236255177e-11, "relative_l2": 2.7531192948328687e-06, "rmse": 5.250402007109092e-06, "seconds": 1.6748984307050705}}
{"epoch": 105, "learning_rate": 0.0010000000000000002, "train": {"mse": 2.753188668149793e-11, "relative_l2": 2.7513791109824742e-06, "rmse": 5.2470836358398105e-06, "seconds": 1.7112035602331161}}
{"epoch": 106, "learning_rate": 0.0010000000000000002, "train": {"mse": 2.748081555865155e-11, "relative_l2": 2.7488261995272337e-06, "rmse": 5.242214757013638e-06, "seconds": 1.7261741254478693}}
{"epoch": 107, "learning_rate": 0.0010000000000000002, "train": {"mse": 2.7500993633520102e-11, "relative_l2": 2.749834587808264e-06, "rmse": 5.244138979233875e-06, "seconds": 1.6431202739477158}}
{"epoch": 108, "learning_rate": 0.0010000000000000002, "train": {"mse": 2.7348907239653333e-11, "relative_l2": 2.742221211199466e-06, "rmse": 5.229618269018623e-06, "seconds": 1.6468874346464872}}
{"epoch": 109, "learning_rate": 0.0010000000000000002, "train": {"mse": 2.7333823787401656e-11, "relative_l2": 2.7414646119290676e-06, "rmse": 5.228175952222883e-06, "seconds": 1.6439833715558052}}
{"epoch": 110, "learning_rate": 0.0010000000000000002, "train": {"mse": 2.7318513778385943e-11, "relative_l2": 2.740696890874817e-06, "rmse": 5.22671156449119e-06, "seconds": 1.6701460517942905}, "validation": {"mse": 2.7663381461787434e-11, "relative_l2": 2.7813880822170034e-06, "rmse": 5.259598982982204e-06, "seconds": 0.2267617117613554}}
{"epoch": 111, "learning_rate": 0.0010000000000000002, "train": {"mse": 2.7282502871200055e-11, "relative_l2": 2.738889769503215e-06, "rmse": 5.223265537113737e-06, "seconds": 2.107369577512145}}
{"epoch": 112, "learning_rate": 0.0010000000000000002, "train": {"mse": 2.7196420014588657e-11, "relative_l2": 2.7345657279856502e-06, "rmse": 5.215018697434234e-06, "seconds": 1.6851438079029322}}
{"epoch": 113, "learning_rate": 0.0010000000000000002, "train": {"mse": 2.7204111326270237e-11, "relative_l2": 2.7349519261988867e-06, "rmse": 5.2157560646823045e-06, "seconds": 2.076571887359023}}
{"epoch": 114, "learning_rate": 0.0010000000000000002, "train": {"mse": 2.709874500355083e-11, "relative_l2": 2.729650461839016e-06, "rmse": 5.205645493457159e-06, "seconds": 1.6626670602709055}}
{"epoch": 115, "learning_rate": 0.0010000000000000002, "train": {"mse": 2.705743905814911e-11, "relative_l2": 2.7275691495028476e-06, "rmse": 5.201676562239247e-06, "seconds": 1.7212549839168787}}
{"epoch": 116, "learning_rate": 0.0010000000000000002, "train": {"mse": 2.7020876281922626e-11, "relative_l2": 2.7257260902242905e-06, "rmse": 5.19816085571836e-06, "seconds": 1.6765440627932549}}
{"epoch": 117, "learning_rate": 0.0010000000000000002, "train": {"mse": 2.694037311176905e-11, "relative_l2": 2.721662391223369e-06, "rmse": 5.190411651475155e-06, "seconds": 1.7072672974318266}}
{"epoch": 118, "learning_rate": 0.0010000000000000002, "train": {"mse": 2.694690259389148e-11, "relative_l2": 2.7219923424513524e-06, "rmse": 5.191040607998697e-06, "seconds": 1.6525037325918674}}
{"epoch": 119, "learning_rate": 0.0010000000000000002, "train": {"mse": 2.6896392053807388e-11, "relative_l2": 2.7194394337000464e-06, "rmse": 5.186173160800494e-06, "seconds": 1.6649190932512283}}
{"epoch": 120, "learning_rate": 0.0010000000000000002, "train": {"mse": 2.6874143017749645e-11, "relative_l2": 2.7183148711870085e-06, "rmse": 5.18402768296521e-06, "seconds": 1.844071188941598}, "validation": {"mse": 2.7214588487391617e-11, "relative_l2": 2.7587340965932114e-06, "rmse": 5.216760344063317e-06, "seconds": 0.20223564840853214}}
{"summary": {"additional_epochs": 120, "best_validation_mse": 2.7214588487391617e-11, "best_validation_relative_l2": 2.7587340965932114e-06, "best_validation_score": 2.7587340965932114e-06, "end_epoch": 120, "initial_learning_rate": 0.1, "kept_resume_learning_rate": false, "minimum_learning_rate": 0.0, "optimizer": "sgd", "plateau_cooldown": null, "plateau_factor": null, "plateau_patience": null, "plateau_threshold": null, "plateau_threshold_mode": null, "resume_checkpoint": null, "scheduler": "multistep", "scheduler_restarted_on_resume": false, "start_epoch": 0, "test": {"mse": 2.661144736374193e-11, "relative_l2": 2.8378861881815567e-06, "rmse": 5.158628438232583e-06, "seconds": 0.2000909075140953}, "total_seconds": 206.98691594414413, "training_loss": "relative_l2", "validation_selection_metric": "relative_l2", "weight_decay": 0.0}}
