[data] train=5000 val=500 test=200
[check] per-pair whitened z covariance: diag 5.245e-03..3.153e+02, off-diag abs max 5.262e+01
  [R3a shared scale    f64 lbfgs] ep  10 train 5.827e-02 val rl2 5.507e-02
  [R3a shared scale    f64 lbfgs] ep  20 train 9.401e-03 val rl2 9.525e-03
  [R3a shared scale    f64 lbfgs] ep  30 train 9.047e-03 val rl2 9.077e-03
  [R3a shared scale    f64 lbfgs] ep  40 train 8.323e-03 val rl2 8.307e-03
  [R3a shared scale    f64 lbfgs] ep  50 train 7.478e-03 val rl2 7.434e-03
[R3a shared scale    f64 lbfgs] FINAL official test rl2 = 7.668e-03 (50 ep, 129.4s, 2.59s/ep)
  [R3b shared whiten   f64 lbfgs] ep  10 train 9.891e-01 val rl2 9.880e-01
  [R3b shared whiten   f64 lbfgs] ep  20 train 9.781e-01 val rl2 9.770e-01
  [R3b shared whiten   f64 lbfgs] ep  30 train 9.671e-01 val rl2 9.660e-01
  [R3b shared whiten   f64 lbfgs] ep  40 train 9.561e-01 val rl2 9.550e-01
  [R3b shared whiten   f64 lbfgs] ep  50 train 9.451e-01 val rl2 9.440e-01
[R3b shared whiten   f64 lbfgs] FINAL official test rl2 = 9.440e-01 (50 ep, 129.8s, 2.60s/ep)
  [R3c shared whiten   f64 sgd-m 1e-1] ep  10 train 7.952e-01 val rl2 7.843e-01
  [R3c shared whiten   f64 sgd-m 1e-1] ep  20 train 5.780e-01 val rl2 5.671e-01
  [R3c shared whiten   f64 sgd-m 1e-1] ep  30 train 3.608e-01 val rl2 3.498e-01
  [R3c shared whiten   f64 sgd-m 1e-1] ep  40 train 1.436e-01 val rl2 1.326e-01
  [R3c shared whiten   f64 sgd-m 1e-1] ep  50 train 1.702e-05 val rl2 1.491e-05
  [R3c shared whiten   f64 sgd-m 1e-1] ep  60 train 1.803e-05 val rl2 1.802e-05
  [R3c shared whiten   f64 sgd-m 1e-1] ep  70 train 1.806e-05 val rl2 7.750e-06
  [R3c shared whiten   f64 sgd-m 1e-1] ep  80 train 1.526e-05 val rl2 2.449e-05
  [R3c shared whiten   f64 sgd-m 1e-1] ep  90 train 1.678e-05 val rl2 2.276e-05
  [R3c shared whiten   f64 sgd-m 1e-1] ep 100 train 1.609e-05 val rl2 1.751e-05
[R3c shared whiten   f64 sgd-m 1e-1] FINAL official test rl2 = 1.809e-05 (100 ep, 160.4s, 1.60s/ep)
  [R3d shared whiten   f64 adamw 1e-2] ep  10 train 8.224e-01 val rl2 8.139e-01
  [R3d shared whiten   f64 adamw 1e-2] ep  20 train 6.369e-01 val rl2 6.288e-01
  [R3d shared whiten   f64 adamw 1e-2] ep  30 train 4.516e-01 val rl2 4.438e-01
  [R3d shared whiten   f64 adamw 1e-2] ep  40 train 2.668e-01 val rl2 2.591e-01
  [R3d shared whiten   f64 adamw 1e-2] ep  50 train 8.309e-02 val rl2 7.463e-02
  [R3d shared whiten   f64 adamw 1e-2] ep  60 train 8.833e-04 val rl2 8.906e-04
  [R3d shared whiten   f64 adamw 1e-2] ep  70 train 8.163e-04 val rl2 8.154e-04
  [R3d shared whiten   f64 adamw 1e-2] ep  80 train 7.612e-04 val rl2 7.819e-04
  [R3d shared whiten   f64 adamw 1e-2] ep  90 train 7.117e-04 val rl2 7.204e-04
  [R3d shared whiten   f64 adamw 1e-2] ep 100 train 6.575e-04 val rl2 6.788e-04
[R3d shared whiten   f64 adamw 1e-2] FINAL official test rl2 = 6.992e-04 (100 ep, 161.3s, 1.61s/ep)
  [R3e shared whiten   f64 adamw 1e-2 cosine] ep  10 train 8.236e-01 val rl2 8.151e-01
  [R3e shared whiten   f64 adamw 1e-2 cosine] ep  20 train 6.470e-01 val rl2 6.398e-01
  [R3e shared whiten   f64 adamw 1e-2 cosine] ep  30 train 4.871e-01 val rl2 4.811e-01
  [R3e shared whiten   f64 adamw 1e-2 cosine] ep  40 train 3.502e-01 val rl2 3.457e-01
  [R3e shared whiten   f64 adamw 1e-2 cosine] ep  50 train 2.406e-01 val rl2 2.374e-01
  [R3e shared whiten   f64 adamw 1e-2 cosine] ep  60 train 1.601e-01 val rl2 1.580e-01
  [R3e shared whiten   f64 adamw 1e-2 cosine] ep  70 train 1.071e-01 val rl2 1.061e-01
  [R3e shared whiten   f64 adamw 1e-2 cosine] ep  80 train 7.802e-02 val rl2 7.782e-02
  [R3e shared whiten   f64 adamw 1e-2 cosine] ep  90 train 6.632e-02 val rl2 6.677e-02
  [R3e shared whiten   f64 adamw 1e-2 cosine] ep 100 train 6.428e-02 val rl2 6.503e-02
[R3e shared whiten   f64 adamw 1e-2 cosine] FINAL official test rl2 = 6.463e-02 (100 ep, 157.8s, 1.58s/ep)

=== SUMMARY ===
  R3a shared scale    f64 lbfgs: official test rl2 = 7.668e-03
  R3b shared whiten   f64 lbfgs: official test rl2 = 9.440e-01
  R3c shared whiten   f64 sgd-m 1e-1: official test rl2 = 1.809e-05
  R3d shared whiten   f64 adamw 1e-2: official test rl2 = 6.992e-04
  R3e shared whiten   f64 adamw 1e-2 cosine: official test rl2 = 6.463e-02
