{"additional_epochs": 120, "device": "cpu", "end_epoch": 120, "initial_learning_rate": 0.1, "input_channels": 13, "input_fields": ["force", "displacement", "velocity", "acceleration"], "optimizer": "sgd", "parameters": 26, "resume_checkpoint": null, "retained_time_points": 501, "run_dir": "experiments/m61_s20260811", "scheduler": "multistep", "scheduler_restarted_on_resume": false, "split_sizes": {"test": 200, "train": 5000, "val": 500}, "start_epoch": 0, "target_channels": 2, "target_fields": ["disturbance"], "training_loss": "relative_l2"}
{"epoch": 1, "learning_rate": 0.1, "train": {"mse": 3.5664159680638723, "relative_l2": 0.9902583075358942, "rmse": 1.8884956891832907, "seconds": 1.6169286165386438}}
{"epoch": 2, "learning_rate": 0.1, "train": {"mse": 3.4144510978043914, "relative_l2": 0.9689311571504757, "rmse": 1.8478233405291729, "seconds": 1.6190055888146162}}
{"epoch": 3, "learning_rate": 0.1, "train": {"mse": 3.262096606786427, "relative_l2": 0.9470673361165534, "rmse": 1.8061275167568946, "seconds": 1.6156771667301655}}
{"epoch": 4, "learning_rate": 0.1, "train": {"mse": 3.1150259481037925, "relative_l2": 0.9254718467212126, "rmse": 1.7649436104600602, "seconds": 1.5841078720986843}}
{"epoch": 5, "learning_rate": 0.1, "train": {"mse": 2.9687229540918163, "relative_l2": 0.903477430547759, "rmse": 1.7229982455277824, "seconds": 1.603478666394949}}
{"epoch": 6, "learning_rate": 0.1, "train": {"mse": 2.8294195608782435, "relative_l2": 0.8820254186131887, "rmse": 1.6820878576573353, "seconds": 1.5764061603695154}}
{"epoch": 7, "learning_rate": 0.1, "train": {"mse": 2.6916105788423152, "relative_l2": 0.860277448689535, "rmse": 1.6406128668404119, "seconds": 1.5363547801971436}}
{"epoch": 8, "learning_rate": 0.1, "train": {"mse": 2.5577992015968065, "relative_l2": 0.8386208368294805, "rmse": 1.5993121026231267, "seconds": 1.6127732153981924}}
{"epoch": 9, "learning_rate": 0.1, "train": {"mse": 2.426175848303393, "relative_l2": 0.8167583565695572, "rmse": 1.5576186466216284, "seconds": 1.7076606135815382}}
{"epoch": 10, "learning_rate": 0.1, "train": {"mse": 2.299619760479042, "relative_l2": 0.7951708319462826, "rmse": 1.5164497223709865, "seconds": 1.8403977304697037}, "validation": {"mse": 2.1978475548902194, "relative_l2": 0.7839849752940189, "rmse": 1.4825139307575559, "seconds": 0.29120589792728424}}
{"epoch": 11, "learning_rate": 0.1, "train": {"mse": 2.175112774451098, "relative_l2": 0.7733451006962782, "rmse": 1.4748263539993778, "seconds": 1.6481482107192278}}
{"epoch": 12, "learning_rate": 0.1, "train": {"mse": 2.0551065868263474, "relative_l2": 0.7517088243098642, "rmse": 1.4335642946259326, "seconds": 1.6232869047671556}}
{"epoch": 13, "learning_rate": 0.1, "train": {"mse": 1.9375369261477047, "relative_l2": 0.7298900897179592, "rmse": 1.3919543549081286, "seconds": 1.613148046657443}}
{"epoch": 14, "learning_rate": 0.1, "train": {"mse": 1.8238349301397205, "relative_l2": 0.7081498862410955, "rmse": 1.3504943280664752, "seconds": 1.6002622712403536}}
{"epoch": 15, "learning_rate": 0.1, "train": {"mse": 1.713898003992016, "relative_l2": 0.6864752938950547, "rmse": 1.3091592737295246, "seconds": 1.6405533365905285}}
{"epoch": 16, "learning_rate": 0.1, "train": {"mse": 1.6072472055888223, "relative_l2": 0.6647736011941291, "rmse": 1.2677725370068647, "seconds": 1.6874779425561428}}
{"epoch": 17, "learning_rate": 0.1, "train": {"mse": 1.5038729540918163, "relative_l2": 0.6430400513190413, "rmse": 1.2263249789887738, "seconds": 1.6402123533189297}}
{"epoch": 18, "learning_rate": 0.1, "train": {"mse": 1.4042450099800399, "relative_l2": 0.6213751340268567, "rmse": 1.185008442999475, "seconds": 1.5900438409298658}}
{"epoch": 19, "learning_rate": 0.1, "train": {"mse": 1.307433133732535, "relative_l2": 0.5995731726113177, "rmse": 1.1434304236518, "seconds": 1.5856863111257553}}
{"epoch": 20, "learning_rate": 0.1, "train": {"mse": 1.2145604790419162, "relative_l2": 0.5778857348872306, "rmse": 1.1020709954635028, "seconds": 1.6502965781837702}, "validation": {"mse": 1.1486442115768463, "relative_l2": 0.5667633007441318, "rmse": 1.07174820343999, "seconds": 0.18631591275334358}}
{"epoch": 21, "learning_rate": 0.1, "train": {"mse": 1.124737125748503, "relative_l2": 0.5561064606043277, "rmse": 1.060536244429441, "seconds": 1.6214484795928001}}
{"epoch": 22, "learning_rate": 0.1, "train": {"mse": 1.0385799401197604, "relative_l2": 0.5343827296786986, "rmse": 1.0191074232482857, "seconds": 1.6180841568857431}}
{"epoch": 23, "learning_rate": 0.1, "train": {"mse": 0.9561928143712575, "relative_l2": 0.5127494025970591, "rmse": 0.9778511207598309, "seconds": 1.569215377792716}}
{"epoch": 24, "learning_rate": 0.1, "train": {"mse": 0.8766478043912176, "relative_l2": 0.4909588525257422, "rmse": 0.9362947209032088, "seconds": 1.6931349374353886}}
{"epoch": 25, "learning_rate": 0.1, "train": {"mse": 0.8006144211576847, "relative_l2": 0.4691850369490706, "rmse": 0.8947705969452084, "seconds": 1.6025922857224941}}
{"epoch": 26, "learning_rate": 0.1, "train": {"mse": 0.7284211576846308, "relative_l2": 0.4475316194270623, "rmse": 0.8534759268336927, "seconds": 1.6414822582155466}}
{"epoch": 27, "learning_rate": 0.1, "train": {"mse": 0.6591008982035929, "relative_l2": 0.4257047033248035, "rmse": 0.8118502929749997, "seconds": 1.5959407668560743}}
{"epoch": 28, "learning_rate": 0.1, "train": {"mse": 0.5937192614770459, "relative_l2": 0.4040387716785218, "rmse": 0.770531804325458, "seconds": 1.6738429516553879}}
{"epoch": 29, "learning_rate": 0.1, "train": {"mse": 0.5318200099800399, "relative_l2": 0.38239729347548407, "rmse": 0.7292599056440988, "seconds": 1.5964666176587343}}
{"epoch": 30, "learning_rate": 0.1, "train": {"mse": 0.4732062375249501, "relative_l2": 0.36070958209902376, "rmse": 0.6878998746365274, "seconds": 1.585814779624343}, "validation": {"mse": 0.4369033495508982, "relative_l2": 0.34954383265872185, "rmse": 0.6609866485420853, "seconds": 0.20140129327774048}}
{"epoch": 31, "learning_rate": 0.1, "train": {"mse": 0.4180046157684631, "relative_l2": 0.3390181611461505, "rmse": 0.6465327646519263, "seconds": 1.6191108170896769}}
{"epoch": 32, "learning_rate": 0.1, "train": {"mse": 0.3659212075848303, "relative_l2": 0.3171949664716332, "rmse": 0.6049142150626239, "seconds": 1.6230643428862095}}
{"epoch": 33, "learning_rate": 0.1, "train": {"mse": 0.31763500499001995, "relative_l2": 0.2955266182363136, "rmse": 0.5635911683037802, "seconds": 1.5843471065163612}}
{"epoch": 34, "learning_rate": 0.1, "train": {"mse": 0.27289044411177643, "relative_l2": 0.2739217952006466, "rmse": 0.5223891692136968, "seconds": 1.6234712917357683}}
{"epoch": 35, "learning_rate": 0.1, "train": {"mse": 0.23122290419161676, "relative_l2": 0.2521435568310827, "rmse": 0.4808564278364351, "seconds": 1.6536619774997234}}
{"epoch": 36, "learning_rate": 0.1, "train": {"mse": 0.1929308133732535, "relative_l2": 0.23032084575774028, "rmse": 0.43923890239054814, "seconds": 1.7108131144195795}}
{"epoch": 37, "learning_rate": 0.1, "train": {"mse": 0.15845993013972057, "relative_l2": 0.2087335228704879, "rmse": 0.39807025779342087, "seconds": 1.6603123601526022}}
{"epoch": 38, "learning_rate": 0.1, "train": {"mse": 0.1271124251497006, "relative_l2": 0.18695043290851496, "rmse": 0.356528295019765, "seconds": 1.6135926377028227}}
{"epoch": 39, "learning_rate": 0.1, "train": {"mse": 0.09936837574850299, "relative_l2": 0.16529379260989938, "rmse": 0.315227498401556, "seconds": 1.6116975881159306}}
{"epoch": 40, "learning_rate": 0.1, "train": {"mse": 0.07490608158682635, "relative_l2": 0.14351289231134662, "rmse": 0.2736897542598669, "seconds": 1.6051488127559423}, "validation": {"mse": 0.06260290356786427, "relative_l2": 0.13231412069515344, "rmse": 0.25020572249224093, "seconds": 0.2058196496218443}}
{"epoch": 41, "learning_rate": 0.1, "train": {"mse": 0.05406492639720559, "relative_l2": 0.12192429612385745, "rmse": 0.23251865817006082, "seconds": 1.656744522973895}}
{"epoch": 42, "learning_rate": 0.1, "train": {"mse": 0.036537163173652694, "relative_l2": 0.10023050832027008, "rmse": 0.19114696747176685, "seconds": 1.4982916172593832}}
{"epoch": 43, "learning_rate": 0.1, "train": {"mse": 0.022448755613772454, "relative_l2": 0.07856490847134555, "rmse": 0.14982908800954658, "seconds": 1.6834808252751827}}
{"epoch": 44, "learning_rate": 0.1, "train": {"mse": 0.011766587917914172, "relative_l2": 0.05687974616013107, "rmse": 0.10847390431764763, "seconds": 1.6220852583646774}}
{"epoch": 45, "learning_rate": 0.1, "train": {"mse": 0.004559596042290419, "relative_l2": 0.03540752621453658, "rmse": 0.06752478094959227, "seconds": 1.611186420544982}}
{"epoch": 46, "learning_rate": 0.1, "train": {"mse": 0.0007716552734375, "relative_l2": 0.014566128506016199, "rmse": 0.027778683795988246, "seconds": 1.6207923907786608}}
{"epoch": 47, "learning_rate": 0.1, "train": {"mse": 8.741971737372423e-07, "relative_l2": 0.0004902720645379575, "rmse": 0.0009349851195271731, "seconds": 1.6221142560243607}}
{"epoch": 48, "learning_rate": 0.1, "train": {"mse": 4.149880074336381e-09, "relative_l2": 3.3779265219340945e-05, "rmse": 6.441956282323236e-05, "seconds": 1.6153513807803392}}
{"epoch": 49, "learning_rate": 0.1, "train": {"mse": 9.909577987448659e-10, "relative_l2": 1.6506691283044646e-05, "rmse": 3.147948218673341e-05, "seconds": 1.6268579177558422}}
{"epoch": 50, "learning_rate": 0.1, "train": {"mse": 8.236670758790836e-10, "relative_l2": 1.5049022871745492e-05, "rmse": 2.8699600622292354e-05, "seconds": 1.5727425813674927}, "validation": {"mse": 1.5960747428134291e-09, "relative_l2": 2.1126889911273053e-05, "rmse": 3.9950904155143085e-05, "seconds": 0.19066644832491875}}
{"epoch": 51, "learning_rate": 0.1, "train": {"mse": 2.057721537208843e-09, "relative_l2": 2.378623878907489e-05, "rmse": 4.536211566063517e-05, "seconds": 1.578174490481615}}
{"epoch": 52, "learning_rate": 0.1, "train": {"mse": 2.041900021111418e-09, "relative_l2": 2.369461660063417e-05, "rmse": 4.5187387854482336e-05, "seconds": 1.610840143635869}}
{"epoch": 53, "learning_rate": 0.1, "train": {"mse": 9.186099285256125e-10, "relative_l2": 1.589271298768958e-05, "rmse": 3.0308578464283217e-05, "seconds": 1.6190750319510698}}
{"epoch": 54, "learning_rate": 0.1, "train": {"mse": 8.405930736286198e-10, "relative_l2": 1.5202862808848916e-05, "rmse": 2.899298317918699e-05, "seconds": 1.5933355558663607}}
{"epoch": 55, "learning_rate": 0.1, "train": {"mse": 1.0575492217571673e-09, "relative_l2": 1.705229227631306e-05, "rmse": 3.251998188433024e-05, "seconds": 1.6155090127140284}}
{"epoch": 56, "learning_rate": 0.1, "train": {"mse": 9.281289375232842e-10, "relative_l2": 1.5974844138856325e-05, "rmse": 3.0465208640731218e-05, "seconds": 1.6725119594484568}}
{"epoch": 57, "learning_rate": 0.1, "train": {"mse": 8.522463170532694e-10, "relative_l2": 1.530787797876611e-05, "rmse": 2.9193258075337694e-05, "seconds": 1.656564338132739}}
{"epoch": 58, "learning_rate": 0.1, "train": {"mse": 1.3335446219244403e-09, "relative_l2": 1.9148564638491582e-05, "rmse": 3.6517730240589165e-05, "seconds": 1.6052364595234394}}
{"epoch": 59, "learning_rate": 0.1, "train": {"mse": 9.559011254125012e-10, "relative_l2": 1.6212087366499574e-05, "rmse": 3.0917650709788755e-05, "seconds": 1.6747626885771751}}
{"epoch": 60, "learning_rate": 0.010000000000000002, "train": {"mse": 1.943051190433388e-09, "relative_l2": 2.3113968791294325e-05, "rmse": 4.408005433791329e-05, "seconds": 1.6470868233591318}, "validation": {"mse": 4.682945042937815e-09, "relative_l2": 3.6188325441826536e-05, "rmse": 6.843204690010241e-05, "seconds": 0.20084120333194733}}
{"epoch": 61, "learning_rate": 0.010000000000000002, "train": {"mse": 4.5536022759721187e-10, "relative_l2": 1.1189483608542065e-05, "rmse": 2.133917120220961e-05, "seconds": 1.6916215475648642}}
{"epoch": 62, "learning_rate": 0.010000000000000002, "train": {"mse": 6.89289834212787e-11, "relative_l2": 4.353448483374688e-06, "rmse": 8.302348066738632e-06, "seconds": 1.643319183960557}}
{"epoch": 63, "learning_rate": 0.010000000000000002, "train": {"mse": 6.989742064116125e-11, "relative_l2": 4.38392407344661e-06, "rmse": 8.360467728611914e-06, "seconds": 1.6295829694718122}}
{"epoch": 64, "learning_rate": 0.010000000000000002, "train": {"mse": 6.799136953960041e-11, "relative_l2": 4.323737977647981e-06, "rmse": 8.245687936103355e-06, "seconds": 1.651455381885171}}
{"epoch": 65, "learning_rate": 0.010000000000000002, "train": {"mse": 6.691577097032956e-11, "relative_l2": 4.28940119271746e-06, "rmse": 8.180206046936077e-06, "seconds": 1.627149723470211}}
{"epoch": 66, "learning_rate": 0.010000000000000002, "train": {"mse": 6.65471747335411e-11, "relative_l2": 4.2775710935458395e-06, "rmse": 8.157645170852989e-06, "seconds": 1.620323995128274}}
{"epoch": 67, "learning_rate": 0.010000000000000002, "train": {"mse": 6.599798371007819e-11, "relative_l2": 4.259883862250418e-06, "rmse": 8.123914309621822e-06, "seconds": 1.6921534929424524}}
{"epoch": 68, "learning_rate": 0.010000000000000002, "train": {"mse": 6.469877361470533e-11, "relative_l2": 4.21774649605066e-06, "rmse": 8.043554787201075e-06, "seconds": 1.6078969053924084}}
{"epoch": 69, "learning_rate": 0.010000000000000002, "train": {"mse": 6.435056748667996e-11, "relative_l2": 4.2063813149459925e-06, "rmse": 8.021880545525466e-06, "seconds": 1.7337386943399906}}
{"epoch": 70, "learning_rate": 0.010000000000000002, "train": {"mse": 6.328394405075354e-11, "relative_l2": 4.1713746172533655e-06, "rmse": 7.955120618240401e-06, "seconds": 1.8719495236873627}, "validation": {"mse": 6.340044360522352e-11, "relative_l2": 4.210707801965996e-06, "rmse": 7.962439551118962e-06, "seconds": 0.17940149828791618}}
{"epoch": 71, "learning_rate": 0.010000000000000002, "train": {"mse": 6.275199457794845e-11, "relative_l2": 4.1538060663276964e-06, "rmse": 7.921615654520764e-06, "seconds": 1.7136589251458645}}
{"epoch": 72, "learning_rate": 0.010000000000000002, "train": {"mse": 6.154975077758233e-11, "relative_l2": 4.11382296637778e-06, "rmse": 7.845364923162105e-06, "seconds": 1.950352817773819}}
{"epoch": 73, "learning_rate": 0.010000000000000002, "train": {"mse": 6.032577495531229e-11, "relative_l2": 4.0727141328868215e-06, "rmse": 7.766966908344098e-06, "seconds": 1.6198119316250086}}
{"epoch": 74, "learning_rate": 0.010000000000000002, "train": {"mse": 5.973898131816747e-11, "relative_l2": 4.052857253840525e-06, "rmse": 7.729099644730133e-06, "seconds": 1.6355754435062408}}
{"epoch": 75, "learning_rate": 0.010000000000000002, "train": {"mse": 5.892030973760727e-11, "relative_l2": 4.024991647380829e-06, "rmse": 7.675956600815776e-06, "seconds": 1.6872163452208042}}
{"epoch": 76, "learning_rate": 0.010000000000000002, "train": {"mse": 5.781418990581752e-11, "relative_l2": 3.987031322377992e-06, "rmse": 7.603564289582716e-06, "seconds": 1.7259788643568754}}
{"epoch": 77, "learning_rate": 0.010000000000000002, "train": {"mse": 5.7575672106471605e-11, "relative_l2": 3.978798388526518e-06, "rmse": 7.58786347442227e-06, "seconds": 1.6265594717115164}}
{"epoch": 78, "learning_rate": 0.010000000000000002, "train": {"mse": 5.711171870861582e-11, "relative_l2": 3.962735520942033e-06, "rmse": 7.5572295656950784e-06, "seconds": 1.6666726395487785}}
{"epoch": 79, "learning_rate": 0.010000000000000002, "train": {"mse": 5.6528933383450063e-11, "relative_l2": 3.942465198753837e-06, "rmse": 7.518572562890516e-06, "seconds": 1.7048448510468006}}
{"epoch": 80, "learning_rate": 0.010000000000000002, "train": {"mse": 5.541849154570027e-11, "relative_l2": 3.903550473405538e-06, "rmse": 7.44435971361542e-06, "seconds": 1.619645046070218}, "validation": {"mse": 5.5194978775110785e-11, "relative_l2": 3.92878933368619e-06, "rmse": 7.429332323641929e-06, "seconds": 0.2131907157599926}}
{"epoch": 81, "learning_rate": 0.010000000000000002, "train": {"mse": 5.4071814903688286e-11, "relative_l2": 3.855830605820899e-06, "rmse": 7.353353990097871e-06, "seconds": 1.6393673196434975}}
{"epoch": 82, "learning_rate": 0.010000000000000002, "train": {"mse": 5.4048799060121505e-11, "relative_l2": 3.855009471930481e-06, "rmse": 7.351788834026825e-06, "seconds": 1.648543694987893}}
{"epoch": 83, "learning_rate": 0.010000000000000002, "train": {"mse": 5.3016821381648974e-11, "relative_l2": 3.818029818728861e-06, "rmse": 7.281265094861536e-06, "seconds": 1.6797230541706085}}
{"epoch": 84, "learning_rate": 0.010000000000000002, "train": {"mse": 5.2597627467559484e-11, "relative_l2": 3.802905437222342e-06, "rmse": 7.252422179352184e-06, "seconds": 1.6463235039263964}}
{"epoch": 85, "learning_rate": 0.010000000000000002, "train": {"mse": 5.180433024457115e-11, "relative_l2": 3.774118053394619e-06, "rmse": 7.1975225074028875e-06, "seconds": 1.6430598925799131}}
{"epoch": 86, "learning_rate": 0.010000000000000002, "train": {"mse": 5.1197826168955324e-11, "relative_l2": 3.751959881129687e-06, "rmse": 7.155265625324843e-06, "seconds": 1.6321395263075829}}
{"epoch": 87, "learning_rate": 0.010000000000000002, "train": {"mse": 5.062976703345181e-11, "relative_l2": 3.7310877332037716e-06, "rmse": 7.115459720457407e-06, "seconds": 1.668288191780448}}
{"epoch": 88, "learning_rate": 0.010000000000000002, "train": {"mse": 4.899603135311259e-11, "relative_l2": 3.6703956129072136e-06, "rmse": 6.999716519482242e-06, "seconds": 1.6577948238700628}}
{"epoch": 89, "learning_rate": 0.010000000000000002, "train": {"mse": 4.8740707689193553e-11, "relative_l2": 3.6608195044710547e-06, "rmse": 6.9814545539732305e-06, "seconds": 1.7107559014111757}}
{"epoch": 90, "learning_rate": 0.010000000000000002, "train": {"mse": 4.842579669175956e-11, "relative_l2": 3.6489743652564864e-06, "rmse": 6.958864612259643e-06, "seconds": 1.594064138829708}, "validation": {"mse": 4.799069515257486e-11, "relative_l2": 3.6634264534790264e-06, "rmse": 6.9275316782079645e-06, "seconds": 0.1968368086963892}}
{"epoch": 91, "learning_rate": 0.010000000000000002, "train": {"mse": 4.816767592317687e-11, "relative_l2": 3.6392364301786384e-06, "rmse": 6.940293648195073e-06, "seconds": 1.6025147791951895}}
{"epoch": 92, "learning_rate": 0.010000000000000002, "train": {"mse": 4.72312761533879e-11, "relative_l2": 3.603688677162404e-06, "rmse": 6.87250144804553e-06, "seconds": 1.612667579203844}}
{"epoch": 93, "learning_rate": 0.010000000000000002, "train": {"mse": 4.664782568079953e-11, "relative_l2": 3.581361230672751e-06, "rmse": 6.829921352460768e-06, "seconds": 1.5926988273859024}}
{"epoch": 94, "learning_rate": 0.010000000000000002, "train": {"mse": 4.564518710326946e-11, "relative_l2": 3.5426638427223077e-06, "rmse": 6.756122194222767e-06, "seconds": 1.6720479354262352}}
{"epoch": 95, "learning_rate": 0.010000000000000002, "train": {"mse": 4.4763160956848764e-11, "relative_l2": 3.5082681014883e-06, "rmse": 6.6905277039146e-06, "seconds": 1.628737824037671}}
{"epoch": 96, "learning_rate": 0.010000000000000002, "train": {"mse": 4.4408224931102015e-11, "relative_l2": 3.4943315415306023e-06, "rmse": 6.663949649502314e-06, "seconds": 1.5386289414018393}}
{"epoch": 97, "learning_rate": 0.010000000000000002, "train": {"mse": 4.353370710820733e-11, "relative_l2": 3.4597540538167367e-06, "rmse": 6.5980078135909576e-06, "seconds": 1.5849184766411781}}
{"epoch": 98, "learning_rate": 0.010000000000000002, "train": {"mse": 4.4468375751953164e-11, "relative_l2": 3.4966976558392817e-06, "rmse": 6.668461273183879e-06, "seconds": 1.5855770781636238}}
{"epoch": 99, "learning_rate": 0.010000000000000002, "train": {"mse": 4.18828751059052e-11, "relative_l2": 3.3935221824929698e-06, "rmse": 6.471698007934641e-06, "seconds": 1.5988479722291231}}
{"epoch": 100, "learning_rate": 0.0010000000000000002, "train": {"mse": 4.19339142784387e-11, "relative_l2": 3.3955892544044814e-06, "rmse": 6.475640067085161e-06, "seconds": 1.528308343142271}, "validation": {"mse": 4.1975079352006376e-11, "relative_l2": 3.4261369577060344e-06, "rmse": 6.478817743385469e-06, "seconds": 0.20224598795175552}}
{"epoch": 101, "learning_rate": 0.0010000000000000002, "train": {"mse": 3.9966472102972326e-11, "relative_l2": 3.3149759345085304e-06, "rmse": 6.3219041516755315e-06, "seconds": 1.599897287786007}}
{"epoch": 102, "learning_rate": 0.0010000000000000002, "train": {"mse": 3.9760058558919653e-11, "relative_l2": 3.306404115657425e-06, "rmse": 6.305557751612434e-06, "seconds": 1.5997167397290468}}
{"epoch": 103, "learning_rate": 0.0010000000000000002, "train": {"mse": 3.96532457583991e-11, "relative_l2": 3.301960271961922e-06, "rmse": 6.297082321075301e-06, "seconds": 1.544503040611744}}
{"epoch": 104, "learning_rate": 0.0010000000000000002, "train": {"mse": 3.958843019186796e-11, "relative_l2": 3.2992600007813443e-06, "rmse": 6.291933740263637e-06, "seconds": 1.5525947324931622}}
{"epoch": 105, "learning_rate": 0.0010000000000000002, "train": {"mse": 3.952976360827863e-11, "relative_l2": 3.296814668301609e-06, "rmse": 6.287269964641142e-06, "seconds": 1.5640469957143068}}
{"epoch": 106, "learning_rate": 0.0010000000000000002, "train": {"mse": 3.944275419259381e-11, "relative_l2": 3.2931847027095378e-06, "rmse": 6.280346661816831e-06, "seconds": 1.4869223907589912}}
{"epoch": 107, "learning_rate": 0.0010000000000000002, "train": {"mse": 3.9464640156914316e-11, "relative_l2": 3.2940982358665e-06, "rmse": 6.282088837075954e-06, "seconds": 1.6118035968393087}}
{"epoch": 108, "learning_rate": 0.0010000000000000002, "train": {"mse": 3.934393477944021e-11, "relative_l2": 3.289056401406941e-06, "rmse": 6.272474374554288e-06, "seconds": 1.5490174293518066}}
{"epoch": 109, "learning_rate": 0.0010000000000000002, "train": {"mse": 3.926406480639638e-11, "relative_l2": 3.2857164188240116e-06, "rmse": 6.2661044362822725e-06, "seconds": 1.5988067127764225}}
{"epoch": 110, "learning_rate": 0.0010000000000000002, "train": {"mse": 3.924660250812234e-11, "relative_l2": 3.2849860534599393e-06, "rmse": 6.264710887832122e-06, "seconds": 1.5860475338995457}, "validation": {"mse": 3.954297433650965e-11, "relative_l2": 3.3253979380734605e-06, "rmse": 6.288320470245585e-06, "seconds": 0.1863212902098894}}
{"epoch": 111, "learning_rate": 0.0010000000000000002, "train": {"mse": 3.9283882714101595e-11, "relative_l2": 3.2865457009521137e-06, "rmse": 6.267685594707316e-06, "seconds": 1.5521920043975115}}
{"epoch": 112, "learning_rate": 0.0010000000000000002, "train": {"mse": 3.91411345253165e-11, "relative_l2": 3.280568647843249e-06, "rmse": 6.25628759931291e-06, "seconds": 1.6020389255136251}}
{"epoch": 113, "learning_rate": 0.0010000000000000002, "train": {"mse": 3.905324792831452e-11, "relative_l2": 3.2768835216225253e-06, "rmse": 6.249259790432346e-06, "seconds": 1.5846104193478823}}
{"epoch": 114, "learning_rate": 0.0010000000000000002, "train": {"mse": 3.8986704140314146e-11, "relative_l2": 3.2740907299055285e-06, "rmse": 6.243933386921592e-06, "seconds": 1.6090497728437185}}
{"epoch": 115, "learning_rate": 0.0010000000000000002, "train": {"mse": 3.893265002007464e-11, "relative_l2": 3.2718198597887337e-06, "rmse": 6.239603354386771e-06, "seconds": 1.5999956876039505}}
{"epoch": 116, "learning_rate": 0.0010000000000000002, "train": {"mse": 3.883488206267208e-11, "relative_l2": 3.267710065091843e-06, "rmse": 6.2317639607636035e-06, "seconds": 1.6140400487929583}}
{"epoch": 117, "learning_rate": 0.0010000000000000002, "train": {"mse": 3.885615806647404e-11, "relative_l2": 3.2686043456558647e-06, "rmse": 6.23347078813032e-06, "seconds": 1.5717539675533772}}
{"epoch": 118, "learning_rate": 0.0010000000000000002, "train": {"mse": 3.8823394472905977e-11, "relative_l2": 3.267226008037653e-06, "rmse": 6.230842196116507e-06, "seconds": 1.5742626655846834}}
{"epoch": 119, "learning_rate": 0.0010000000000000002, "train": {"mse": 3.869261312858014e-11, "relative_l2": 3.2617185199652398e-06, "rmse": 6.220338666711013e-06, "seconds": 1.5837888680398464}}
{"epoch": 120, "learning_rate": 0.0010000000000000002, "train": {"mse": 3.8672777793431535e-11, "relative_l2": 3.2608821920780547e-06, "rmse": 6.218744068815787e-06, "seconds": 1.574099823832512}, "validation": {"mse": 3.9084854049184275e-11, "relative_l2": 3.306078824942375e-06, "rmse": 6.251788068159723e-06, "seconds": 0.1878786738961935}}
{"summary": {"additional_epochs": 120, "best_validation_mse": 3.9084854049184275e-11, "best_validation_relative_l2": 3.306078824942375e-06, "best_validation_score": 3.306078824942375e-06, "end_epoch": 120, "initial_learning_rate": 0.1, "kept_resume_learning_rate": false, "minimum_learning_rate": 0.0, "optimizer": "sgd", "plateau_cooldown": null, "plateau_factor": null, "plateau_patience": null, "plateau_threshold": null, "plateau_threshold_mode": null, "resume_checkpoint": null, "scheduler": "multistep", "scheduler_restarted_on_resume": false, "start_epoch": 0, "test": {"mse": 3.8362454752005106e-11, "relative_l2": 3.4073278340511116e-06, "rmse": 6.193743193901819e-06, "seconds": 0.16527319699525833}, "total_seconds": 197.94875760748982, "training_loss": "relative_l2", "validation_selection_metric": "relative_l2", "weight_decay": 0.0}}
