[data] train=5000 val=500 test=200
[data] batch 64 -> 79 batches/epoch
[data] per-bin target energy (100 train samples): tone bins 4-7 = 0.999805, bins 0-2 = 3.228e-05
[REF-A] shared map fit bins 3..250: test rl2 = 1.353e-05 (bins0-2 1.35e-05 | bins3-7 6.60e-08 | bins8-250 4.52e-07)  (7.2s)
[REF-A] target energy frac: bins0-2 2.788e-05 | bins3-7 0.999839 | bins8-250 1.334e-04
[REF-B] shared map fit ALL bins 0..250 (ridge 1e-10): test rl2 = 4.593e-07 (bins0-2 4.75e-08 | bins3-7 6.60e-08 | bins8-250 4.52e-07)  (7.2s)
  [S1  shared bare      f64 adamw 1e-3] ep  10 train 9.995e-01 val rl2 9.994e-01
  [S1  shared bare      f64 adamw 1e-3] ep  20 train 9.988e-01 val rl2 9.988e-01
  [S1  shared bare      f64 adamw 1e-3] ep  30 train 9.981e-01 val rl2 9.981e-01
  [S1  shared bare      f64 adamw 1e-3] ep  40 train 9.974e-01 val rl2 9.974e-01
  [S1  shared bare      f64 adamw 1e-3] ep  50 train 9.967e-01 val rl2 9.967e-01
[S1  shared bare      f64 adamw 1e-3] FINAL official test rl2 = 9.967e-01 (50 ep, 78.6s, 1.57s/ep)
  [S1n shared norm      f64 adamw 1e-2] ep  10 train 6.810e-01 val rl2 6.645e-01
  [S1n shared norm      f64 adamw 1e-2] ep  20 train 3.448e-01 val rl2 3.285e-01
  [S1n shared norm      f64 adamw 1e-2] ep  30 train 3.026e-02 val rl2 2.223e-02
  [S1n shared norm      f64 adamw 1e-2] ep  40 train 7.666e-03 val rl2 7.561e-03
  [S1n shared norm      f64 adamw 1e-2] ep  50 train 7.516e-03 val rl2 7.850e-03
[S1n shared norm      f64 adamw 1e-2] FINAL official test rl2 = 8.133e-03 (50 ep, 79.1s, 1.58s/ep)
  [S1n shared norm      f64 sgd-m 1e-1] ep  10 train 6.280e-01 val rl2 6.084e-01
  [S1n shared norm      f64 sgd-m 1e-1] ep  20 train 2.370e-01 val rl2 2.172e-01
  [S1n shared norm      f64 sgd-m 1e-1] ep  30 train 6.699e-02 val rl2 8.438e-02
  [S1n shared norm      f64 sgd-m 1e-1] ep  40 train 4.923e-02 val rl2 2.857e-02
  [S1n shared norm      f64 sgd-m 1e-1] ep  50 train 4.875e-02 val rl2 6.348e-02
[S1n shared norm      f64 sgd-m 1e-1] FINAL official test rl2 = 6.605e-02 (50 ep, 78.9s, 1.58s/ep)
  [S1w shared whiten    f64 adamw 1e-1] ep  10 train 9.984e-01 val rl2 9.983e-01
  [S1w shared whiten    f64 adamw 1e-1] ep  20 train 9.968e-01 val rl2 9.967e-01
  [S1w shared whiten    f64 adamw 1e-1] ep  30 train 9.951e-01 val rl2 9.950e-01
[S1w shared whiten    f64 adamw 1e-1] FINAL official test rl2 = 9.951e-01 (30 ep, 47.5s, 1.58s/ep)
  [S1w shared whiten    f64 adamw 1e-2] ep  10 train 9.998e-01 val rl2 9.998e-01
  [S1w shared whiten    f64 adamw 1e-2] ep  20 train 9.997e-01 val rl2 9.997e-01
  [S1w shared whiten    f64 adamw 1e-2] ep  30 train 9.995e-01 val rl2 9.995e-01
[S1w shared whiten    f64 adamw 1e-2] FINAL official test rl2 = 9.995e-01 (30 ep, 47.8s, 1.59s/ep)
  [S1w shared whiten    f64 sgd-m 1e-1] ep  10 train 1.000e+00 val rl2 1.000e+00
  [S1w shared whiten    f64 sgd-m 1e-1] ep  20 train 1.000e+00 val rl2 1.000e+00
  [S1w shared whiten    f64 sgd-m 1e-1] ep  30 train 1.000e+00 val rl2 1.000e+00
[S1w shared whiten    f64 sgd-m 1e-1] FINAL official test rl2 = 1.000e+00 (30 ep, 48.0s, 1.60s/ep)
  [S1w shared whiten    f32 adamw 1e-2] ep  10 train 9.998e-01 val rl2 9.998e-01
  [S1w shared whiten    f32 adamw 1e-2] ep  20 train 9.997e-01 val rl2 9.997e-01
  [S1w shared whiten    f32 adamw 1e-2] ep  30 train 9.995e-01 val rl2 9.995e-01
[S1w shared whiten    f32 adamw 1e-2] FINAL official test rl2 = 9.995e-01 (30 ep, 47.2s, 1.57s/ep)
  [S1w shared whiten    f64 lbfgs 1e-0] ep  10 train 1.000e+00 val rl2 1.000e+00
  [S1w shared whiten    f64 lbfgs 1e-0] ep  20 train 1.000e+00 val rl2 1.000e+00
[S1w shared whiten    f64 lbfgs 1e-0] FINAL official test rl2 = 1.000e+00 (20 ep, 37.2s, 1.86s/ep)

=== SUMMARY ===
  S1  shared bare      f64 adamw 1e-3: official test rl2 = 9.967e-01
  S1n shared norm      f64 adamw 1e-2: official test rl2 = 8.133e-03
  S1n shared norm      f64 sgd-m 1e-1: official test rl2 = 6.605e-02
  S1w shared whiten    f64 adamw 1e-1: official test rl2 = 9.951e-01
  S1w shared whiten    f64 adamw 1e-2: official test rl2 = 9.995e-01
  S1w shared whiten    f64 sgd-m 1e-1: official test rl2 = 1.000e+00
  S1w shared whiten    f32 adamw 1e-2: official test rl2 = 9.995e-01
  S1w shared whiten    f64 lbfgs 1e-0: official test rl2 = 1.000e+00
