{"additional_epochs": 120, "device": "cpu", "end_epoch": 120, "initial_learning_rate": 0.1, "input_channels": 13, "input_fields": ["force", "displacement", "velocity", "acceleration"], "optimizer": "sgd", "parameters": 26, "resume_checkpoint": null, "retained_time_points": 501, "run_dir": "experiments/m61_s20260812", "scheduler": "multistep", "scheduler_restarted_on_resume": false, "split_sizes": {"test": 200, "train": 5000, "val": 500}, "start_epoch": 0, "target_channels": 2, "target_fields": ["disturbance"], "training_loss": "relative_l2"}
{"epoch": 1, "learning_rate": 0.1, "train": {"mse": 3.56854251497006, "relative_l2": 0.9905533854816999, "rmse": 1.8890586319566844, "seconds": 1.6212176345288754}}
{"epoch": 2, "learning_rate": 0.1, "train": {"mse": 3.4153940119760478, "relative_l2": 0.9690648286326674, "rmse": 1.8480784647779562, "seconds": 1.632512990385294}}
{"epoch": 3, "learning_rate": 0.1, "train": {"mse": 3.2648179640718564, "relative_l2": 0.9474622924297702, "rmse": 1.8068807276828918, "seconds": 1.5843661911785603}}
{"epoch": 4, "learning_rate": 0.1, "train": {"mse": 3.1163047904191616, "relative_l2": 0.9256619511740298, "rmse": 1.7653058631351004, "seconds": 1.6002953071147203}}
{"epoch": 5, "learning_rate": 0.1, "train": {"mse": 2.9720610778443115, "relative_l2": 0.9039852367990405, "rmse": 1.7239666695862514, "seconds": 1.5912971626967192}}
{"epoch": 6, "learning_rate": 0.1, "train": {"mse": 2.8314159680638724, "relative_l2": 0.8823364405900488, "rmse": 1.6826811843197964, "seconds": 1.5978781525045633}}
{"epoch": 7, "learning_rate": 0.1, "train": {"mse": 2.693364271457086, "relative_l2": 0.8605577502027294, "rmse": 1.6411472424670146, "seconds": 1.6061484441161156}}
{"epoch": 8, "learning_rate": 0.1, "train": {"mse": 2.558242115768463, "relative_l2": 0.838693580493376, "rmse": 1.599450566841146, "seconds": 1.5842337794601917}}
{"epoch": 9, "learning_rate": 0.1, "train": {"mse": 2.4277001996007983, "relative_l2": 0.8170148535557399, "rmse": 1.5581078908730288, "seconds": 1.606203244999051}}
{"epoch": 10, "learning_rate": 0.1, "train": {"mse": 2.3006734530938124, "relative_l2": 0.7953530732036452, "rmse": 1.5167971034696146, "seconds": 1.5871387366205454}, "validation": {"mse": 2.1992098303393215, "relative_l2": 0.7842279034352456, "rmse": 1.4829733073590103, "seconds": 0.23799570463597775}}
{"epoch": 11, "learning_rate": 0.1, "train": {"mse": 2.176477644710579, "relative_l2": 0.7735876973584215, "rmse": 1.4752890037923345, "seconds": 1.647736296057701}}
{"epoch": 12, "learning_rate": 0.1, "train": {"mse": 2.0560646706586825, "relative_l2": 0.7518839847006179, "rmse": 1.433898417133753, "seconds": 1.5819718930870295}}
{"epoch": 13, "learning_rate": 0.1, "train": {"mse": 1.9391546906187624, "relative_l2": 0.7301947003225465, "rmse": 1.3925353462726764, "seconds": 1.573069116100669}}
{"epoch": 14, "learning_rate": 0.1, "train": {"mse": 1.8257077844311378, "relative_l2": 0.7085134621612932, "rmse": 1.3511875459872837, "seconds": 1.5724514201283455}}
{"epoch": 15, "learning_rate": 0.1, "train": {"mse": 1.7150171656686626, "relative_l2": 0.6866993510665963, "rmse": 1.30958663923723, "seconds": 1.553561119362712}}
{"epoch": 16, "learning_rate": 0.1, "train": {"mse": 1.6086582834331338, "relative_l2": 0.6650653186628523, "rmse": 1.2683289334526489, "seconds": 1.6166459992527962}}
{"epoch": 17, "learning_rate": 0.1, "train": {"mse": 1.5052956087824352, "relative_l2": 0.6433441354142354, "rmse": 1.2269048898681736, "seconds": 1.593689238652587}}
{"epoch": 18, "learning_rate": 0.1, "train": {"mse": 1.405664870259481, "relative_l2": 0.6216892653238433, "rmse": 1.1856073845331265, "seconds": 1.5844978988170624}}
{"epoch": 19, "learning_rate": 0.1, "train": {"mse": 1.309130638722555, "relative_l2": 0.5999622740813743, "rmse": 1.144172468958485, "seconds": 1.6011342573910952}}
{"epoch": 20, "learning_rate": 0.1, "train": {"mse": 1.215570758483034, "relative_l2": 0.5781261564305871, "rmse": 1.1025292551597141, "seconds": 1.5378422010689974}, "validation": {"mse": 1.149627869261477, "relative_l2": 0.5670059266876684, "rmse": 1.072207008586251, "seconds": 0.18610751256346703}}
{"epoch": 21, "learning_rate": 0.1, "train": {"mse": 1.1262157684630738, "relative_l2": 0.5564719155046497, "rmse": 1.0612331357732256, "seconds": 1.6637320704758167}}
{"epoch": 22, "learning_rate": 0.1, "train": {"mse": 1.0400016966067864, "relative_l2": 0.5347483742686084, "rmse": 1.0198047345481323, "seconds": 1.5918221957981586}}
{"epoch": 23, "learning_rate": 0.1, "train": {"mse": 0.9566230538922156, "relative_l2": 0.5128647455719628, "rmse": 0.9780710883633232, "seconds": 1.6293364856392145}}
{"epoch": 24, "learning_rate": 0.1, "train": {"mse": 0.8777813373253494, "relative_l2": 0.49127610861101734, "rmse": 0.9368998544803758, "seconds": 1.607054317370057}}
{"epoch": 25, "learning_rate": 0.1, "train": {"mse": 0.8015848802395209, "relative_l2": 0.46946931048449386, "rmse": 0.895312727620646, "seconds": 1.5810338910669088}}
{"epoch": 26, "learning_rate": 0.1, "train": {"mse": 0.7293112774451098, "relative_l2": 0.44780494984020214, "rmse": 0.8539972350336444, "seconds": 1.5896975435316563}}
{"epoch": 27, "learning_rate": 0.1, "train": {"mse": 0.6604976047904192, "relative_l2": 0.426155451768609, "rmse": 0.8127100373382989, "seconds": 1.572904858738184}}
{"epoch": 28, "learning_rate": 0.1, "train": {"mse": 0.5946956087824351, "relative_l2": 0.40437078134241594, "rmse": 0.7711650982652386, "seconds": 1.5786860827356577}}
{"epoch": 29, "learning_rate": 0.1, "train": {"mse": 0.5322098303393213, "relative_l2": 0.38253737308953556, "rmse": 0.7295271278981483, "seconds": 1.5038781054317951}}
{"epoch": 30, "learning_rate": 0.1, "train": {"mse": 0.47394640718562875, "relative_l2": 0.36099157538985616, "rmse": 0.6884376567167347, "seconds": 1.668158883228898}, "validation": {"mse": 0.43750639346307385, "relative_l2": 0.34978498163812555, "rmse": 0.6614426607522936, "seconds": 0.19429021514952183}}
{"epoch": 31, "learning_rate": 0.1, "train": {"mse": 0.4187135728542914, "relative_l2": 0.3393055539900762, "rmse": 0.6470808085968022, "seconds": 1.597411384806037}}
{"epoch": 32, "learning_rate": 0.1, "train": {"mse": 0.36660356786427145, "relative_l2": 0.3174905248817448, "rmse": 0.6054779664564777, "seconds": 1.5784876737743616}}
{"epoch": 33, "learning_rate": 0.1, "train": {"mse": 0.31815281936127743, "relative_l2": 0.29576742281231305, "rmse": 0.5640503695249897, "seconds": 1.6601539105176926}}
{"epoch": 34, "learning_rate": 0.1, "train": {"mse": 0.2733662924151697, "relative_l2": 0.2741605145328246, "rmse": 0.5228444246763752, "seconds": 1.5970096997916698}}
{"epoch": 35, "learning_rate": 0.1, "train": {"mse": 0.23160306886227544, "relative_l2": 0.25235073851131623, "rmse": 0.48125156504916994, "seconds": 1.5707348305732012}}
{"epoch": 36, "learning_rate": 0.1, "train": {"mse": 0.19343914670658682, "relative_l2": 0.230624095689798, "rmse": 0.43981717418330407, "seconds": 1.6016905847936869}}
{"epoch": 37, "learning_rate": 0.1, "train": {"mse": 0.1588746631736527, "relative_l2": 0.20900648929926646, "rmse": 0.39859084682623197, "seconds": 1.5579581558704376}}
{"epoch": 38, "learning_rate": 0.1, "train": {"mse": 0.1275424775449102, "relative_l2": 0.1872664256488815, "rmse": 0.3571308969340376, "seconds": 1.6125322598963976}}
{"epoch": 39, "learning_rate": 0.1, "train": {"mse": 0.09960994261477046, "relative_l2": 0.16549460537027094, "rmse": 0.31561042855832644, "seconds": 1.5820765625685453}}
{"epoch": 40, "learning_rate": 0.1, "train": {"mse": 0.07524928892215568, "relative_l2": 0.14384133226750395, "rmse": 0.2743160383976039, "seconds": 1.6096715219318867}, "validation": {"mse": 0.06284793693862276, "relative_l2": 0.13257281246535502, "rmse": 0.25069490808275857, "seconds": 0.1931497547775507}}
{"epoch": 41, "learning_rate": 0.1, "train": {"mse": 0.054306094061876246, "relative_l2": 0.12219592767680765, "rmse": 0.23303667964909783, "seconds": 1.6085678525269032}}
{"epoch": 42, "learning_rate": 0.1, "train": {"mse": 0.036700433507984034, "relative_l2": 0.10045417665901497, "rmse": 0.19157357204996736, "seconds": 1.6360071152448654}}
{"epoch": 43, "learning_rate": 0.1, "train": {"mse": 0.02259007765718563, "relative_l2": 0.07881181168578887, "rmse": 0.150299958939401, "seconds": 1.6433752607554197}}
{"epoch": 44, "learning_rate": 0.1, "train": {"mse": 0.011868902039670658, "relative_l2": 0.0571265106755878, "rmse": 0.10894449063477536, "seconds": 1.5768151674419641}}
{"epoch": 45, "learning_rate": 0.1, "train": {"mse": 0.0046031491704091815, "relative_l2": 0.035576234040956334, "rmse": 0.06784651185145174, "seconds": 1.6295581683516502}}
{"epoch": 46, "learning_rate": 0.1, "train": {"mse": 0.0007935102938653942, "relative_l2": 0.01477095951158043, "rmse": 0.0281693147567596, "seconds": 1.6461073234677315}}
{"epoch": 47, "learning_rate": 0.1, "train": {"mse": 1.1031991231465293e-06, "relative_l2": 0.0005507562103949464, "rmse": 0.0010503328630232082, "seconds": 1.5471622850745916}}
{"epoch": 48, "learning_rate": 0.1, "train": {"mse": 1.6421070340983644e-09, "relative_l2": 2.1248742196375766e-05, "rmse": 4.052291986146068e-05, "seconds": 1.5913606062531471}}
{"epoch": 49, "learning_rate": 0.1, "train": {"mse": 9.236736464762164e-10, "relative_l2": 1.5936456046899562e-05, "rmse": 3.0391999711704005e-05, "seconds": 1.6301089599728584}}
{"epoch": 50, "learning_rate": 0.1, "train": {"mse": 3.223490720975423e-09, "relative_l2": 2.97711567174696e-05, "rmse": 5.6775793442059645e-05, "seconds": 1.6081919856369495}, "validation": {"mse": 7.67384241232853e-10, "relative_l2": 1.4649250145382674e-05, "rmse": 2.7701701053055442e-05, "seconds": 0.19403952732682228}}
{"epoch": 51, "learning_rate": 0.1, "train": {"mse": 8.159687932201488e-10, "relative_l2": 1.4978530217984101e-05, "rmse": 2.8565167481044965e-05, "seconds": 1.6577151771634817}}
{"epoch": 52, "learning_rate": 0.1, "train": {"mse": 9.048031178301204e-10, "relative_l2": 1.5772825305276638e-05, "rmse": 3.007994544260545e-05, "seconds": 1.5888274312019348}}
{"epoch": 53, "learning_rate": 0.1, "train": {"mse": 1.5290484702337288e-09, "relative_l2": 2.0504210487512025e-05, "rmse": 3.910304937257104e-05, "seconds": 1.5615559574216604}}
{"epoch": 54, "learning_rate": 0.1, "train": {"mse": 1.2567809628631302e-09, "relative_l2": 1.8589266166397846e-05, "rmse": 3.545110665216433e-05, "seconds": 1.5767948906868696}}
{"epoch": 55, "learning_rate": 0.1, "train": {"mse": 8.614951309686649e-10, "relative_l2": 1.5390716511869544e-05, "rmse": 2.935123729876928e-05, "seconds": 1.615355458110571}}
{"epoch": 56, "learning_rate": 0.1, "train": {"mse": 2.0138028927310973e-09, "relative_l2": 2.3531028257557022e-05, "rmse": 4.4875415237422564e-05, "seconds": 1.6463597379624844}}
{"epoch": 57, "learning_rate": 0.1, "train": {"mse": 2.0485494040443513e-09, "relative_l2": 2.373316432553145e-05, "rmse": 4.526090370335475e-05, "seconds": 1.569077268242836}}
{"epoch": 58, "learning_rate": 0.1, "train": {"mse": 1.2022335297928122e-09, "relative_l2": 1.8181381968386148e-05, "rmse": 3.467323938995046e-05, "seconds": 1.529275756329298}}
{"epoch": 59, "learning_rate": 0.1, "train": {"mse": 8.183726650512147e-10, "relative_l2": 1.5000580091455354e-05, "rmse": 2.8607213514273193e-05, "seconds": 1.607136107981205}}
{"epoch": 60, "learning_rate": 0.010000000000000002, "train": {"mse": 1.0102850658272555e-09, "relative_l2": 1.6666884109672218e-05, "rmse": 3.1784981765407e-05, "seconds": 1.543939808383584}, "validation": {"mse": 1.0668413951517102e-09, "relative_l2": 1.7272646546057466e-05, "rmse": 3.266253810027185e-05, "seconds": 0.18993700109422207}}
{"epoch": 61, "learning_rate": 0.010000000000000002, "train": {"mse": 1.892192217664507e-10, "relative_l2": 7.212985763281223e-06, "rmse": 1.3755697792785748e-05, "seconds": 1.5578149985522032}}
{"epoch": 62, "learning_rate": 0.010000000000000002, "train": {"mse": 1.205246781227653e-10, "relative_l2": 5.75665813467685e-06, "rmse": 1.097837320019525e-05, "seconds": 1.5779103450477123}}
{"epoch": 63, "learning_rate": 0.010000000000000002, "train": {"mse": 1.1963742374332841e-10, "relative_l2": 5.735429574192009e-06, "rmse": 1.0937889364193094e-05, "seconds": 1.5350838657468557}}
{"epoch": 64, "learning_rate": 0.010000000000000002, "train": {"mse": 1.1880031392766448e-10, "relative_l2": 5.715329102107819e-06, "rmse": 1.08995556756991e-05, "seconds": 1.5871731955558062}}
{"epoch": 65, "learning_rate": 0.010000000000000002, "train": {"mse": 1.177348697487406e-10, "relative_l2": 5.689643124518295e-06, "rmse": 1.08505700195308e-05, "seconds": 1.5525877494364977}}
{"epoch": 66, "learning_rate": 0.010000000000000002, "train": {"mse": 1.1622698925539643e-10, "relative_l2": 5.653090874026504e-06, "rmse": 1.0780862175883542e-05, "seconds": 1.5481524802744389}}
{"epoch": 67, "learning_rate": 0.010000000000000002, "train": {"mse": 1.1536199553031288e-10, "relative_l2": 5.632015338961453e-06, "rmse": 1.0740670162066839e-05, "seconds": 1.5184074882417917}}
{"epoch": 68, "learning_rate": 0.010000000000000002, "train": {"mse": 1.1412971262669492e-10, "relative_l2": 5.6018540173706405e-06, "rmse": 1.0683150875406325e-05, "seconds": 1.5415955018252134}}
{"epoch": 69, "learning_rate": 0.010000000000000002, "train": {"mse": 1.1303754636791057e-10, "relative_l2": 5.574986065068785e-06, "rmse": 1.0631911698650933e-05, "seconds": 1.5345582738518715}}
{"epoch": 70, "learning_rate": 0.010000000000000002, "train": {"mse": 1.1245664320663063e-10, "relative_l2": 5.5606426076089725e-06, "rmse": 1.0604557661997535e-05, "seconds": 1.5320967473089695}, "validation": {"mse": 1.1292178021834981e-10, "relative_l2": 5.619501802058783e-06, "rmse": 1.0626466026781895e-05, "seconds": 0.20808129757642746}}
{"epoch": 71, "learning_rate": 0.010000000000000002, "train": {"mse": 1.109396655878383e-10, "relative_l2": 5.523010580802214e-06, "rmse": 1.0532790019165782e-05, "seconds": 1.5456888899207115}}
{"epoch": 72, "learning_rate": 0.010000000000000002, "train": {"mse": 1.0979371823876085e-10, "relative_l2": 5.494411665067556e-06, "rmse": 1.0478249769821335e-05, "seconds": 1.6005440168082714}}
{"epoch": 73, "learning_rate": 0.010000000000000002, "train": {"mse": 1.0902533064152072e-10, "relative_l2": 5.475151681876257e-06, "rmse": 1.0441519556152768e-05, "seconds": 1.5318121071904898}}
{"epoch": 74, "learning_rate": 0.010000000000000002, "train": {"mse": 1.0770860596554365e-10, "relative_l2": 5.44198830149729e-06, "rmse": 1.037827567400017e-05, "seconds": 1.530448503792286}}
{"epoch": 75, "learning_rate": 0.010000000000000002, "train": {"mse": 1.0682702131435543e-10, "relative_l2": 5.4196711677309895e-06, "rmse": 1.0335715810448516e-05, "seconds": 1.5547930654138327}}
{"epoch": 76, "learning_rate": 0.010000000000000002, "train": {"mse": 1.05799278504626e-10, "relative_l2": 5.393539326684072e-06, "rmse": 1.0285877624423984e-05, "seconds": 1.5805078633129597}}
{"epoch": 77, "learning_rate": 0.010000000000000002, "train": {"mse": 1.046442224118048e-10, "relative_l2": 5.3640164426137355e-06, "rmse": 1.0229575866662547e-05, "seconds": 1.5312084592878819}}
{"epoch": 78, "learning_rate": 0.010000000000000002, "train": {"mse": 1.0351986185593638e-10, "relative_l2": 5.335121212262079e-06, "rmse": 1.0174471084824822e-05, "seconds": 1.5730158798396587}}
{"epoch": 79, "learning_rate": 0.010000000000000002, "train": {"mse": 1.0285450530400176e-10, "relative_l2": 5.317948859003016e-06, "rmse": 1.0141721022785124e-05, "seconds": 1.615575673058629}}
{"epoch": 80, "learning_rate": 0.010000000000000002, "train": {"mse": 1.018143541545806e-10, "relative_l2": 5.2909901664754785e-06, "rmse": 1.0090309913703375e-05, "seconds": 1.5486329551786184}, "validation": {"mse": 1.0304391982931711e-10, "relative_l2": 5.368094372577523e-06, "rmse": 1.0151055109165603e-05, "seconds": 0.18481137603521347}}
{"epoch": 81, "learning_rate": 0.010000000000000002, "train": {"mse": 1.0066030885347587e-10, "relative_l2": 5.2609182643501e-06, "rmse": 1.0032961120899247e-05, "seconds": 1.56788276322186}}
{"epoch": 82, "learning_rate": 0.010000000000000002, "train": {"mse": 9.99059329207191e-11, "relative_l2": 5.241168384806551e-06, "rmse": 9.995295539438496e-06, "seconds": 1.621552923694253}}
{"epoch": 83, "learning_rate": 0.010000000000000002, "train": {"mse": 9.874367348463117e-11, "relative_l2": 5.2105922473910294e-06, "rmse": 9.936985130542924e-06, "seconds": 1.5081562083214521}}
{"epoch": 84, "learning_rate": 0.010000000000000002, "train": {"mse": 9.759968962750869e-11, "relative_l2": 5.180321231326322e-06, "rmse": 9.879255519901724e-06, "seconds": 1.591079255566001}}
{"epoch": 85, "learning_rate": 0.010000000000000002, "train": {"mse": 9.705602310359954e-11, "relative_l2": 5.165872642384282e-06, "rmse": 9.851701533420485e-06, "seconds": 1.6009623818099499}}
{"epoch": 86, "learning_rate": 0.010000000000000002, "train": {"mse": 9.598659965843556e-11, "relative_l2": 5.1373336968257845e-06, "rmse": 9.79727511395059e-06, "seconds": 1.5515083633363247}}
{"epoch": 87, "learning_rate": 0.010000000000000002, "train": {"mse": 9.468119701151243e-11, "relative_l2": 5.102280645019608e-06, "rmse": 9.73042635301827e-06, "seconds": 1.5800663996487856}}
{"epoch": 88, "learning_rate": 0.010000000000000002, "train": {"mse": 9.384394777630141e-11, "relative_l2": 5.079671264470393e-06, "rmse": 9.687308593014956e-06, "seconds": 1.555594440549612}}
{"epoch": 89, "learning_rate": 0.010000000000000002, "train": {"mse": 9.296289175756261e-11, "relative_l2": 5.055770560477834e-06, "rmse": 9.641726596287753e-06, "seconds": 1.5665177907794714}}
{"epoch": 90, "learning_rate": 0.010000000000000002, "train": {"mse": 9.199034166104066e-11, "relative_l2": 5.0292542175512725e-06, "rmse": 9.591159557688563e-06, "seconds": 1.5228366907685995}, "validation": {"mse": 9.29100720812297e-11, "relative_l2": 5.097301885134111e-06, "rmse": 9.638987087927326e-06, "seconds": 0.18037972040474415}}
{"epoch": 91, "learning_rate": 0.010000000000000002, "train": {"mse": 9.10903187747487e-11, "relative_l2": 5.004590922139581e-06, "rmse": 9.544124830216163e-06, "seconds": 1.56382423825562}}
{"epoch": 92, "learning_rate": 0.010000000000000002, "train": {"mse": 9.02072063176902e-11, "relative_l2": 4.980272033870524e-06, "rmse": 9.497747433875582e-06, "seconds": 1.521427009254694}}
{"epoch": 93, "learning_rate": 0.010000000000000002, "train": {"mse": 8.915884684243364e-11, "relative_l2": 4.951247347441118e-06, "rmse": 9.442396244726952e-06, "seconds": 1.6043042484670877}}
{"epoch": 94, "learning_rate": 0.010000000000000002, "train": {"mse": 8.816103276214794e-11, "relative_l2": 4.92346446089492e-06, "rmse": 9.389410671716727e-06, "seconds": 1.5465939044952393}}
{"epoch": 95, "learning_rate": 0.010000000000000002, "train": {"mse": 8.738206670677175e-11, "relative_l2": 4.901664489965845e-06, "rmse": 9.34783754174043e-06, "seconds": 1.485045986250043}}
{"epoch": 96, "learning_rate": 0.010000000000000002, "train": {"mse": 8.628608964703337e-11, "relative_l2": 4.87082881732338e-06, "rmse": 9.28903060857447e-06, "seconds": 1.5824811197817326}}
{"epoch": 97, "learning_rate": 0.010000000000000002, "train": {"mse": 8.541652993178236e-11, "relative_l2": 4.846222654038251e-06, "rmse": 9.24210635795663e-06, "seconds": 1.5379022397100925}}
{"epoch": 98, "learning_rate": 0.010000000000000002, "train": {"mse": 8.461162022235032e-11, "relative_l2": 4.8233355785275e-06, "rmse": 9.198457491468356e-06, "seconds": 1.5841735042631626}}
{"epoch": 99, "learning_rate": 0.010000000000000002, "train": {"mse": 8.352531539369188e-11, "relative_l2": 4.79227282954558e-06, "rmse": 9.139218532986935e-06, "seconds": 1.5895433016121387}}
{"epoch": 100, "learning_rate": 0.0010000000000000002, "train": {"mse": 8.270638821062868e-11, "relative_l2": 4.768721163736453e-06, "rmse": 9.094305262670078e-06, "seconds": 1.5971324183046818}, "validation": {"mse": 8.546312946311296e-11, "relative_l2": 4.888755893768388e-06, "rmse": 9.244627059168636e-06, "seconds": 0.20151112228631973}}
{"epoch": 101, "learning_rate": 0.0010000000000000002, "train": {"mse": 8.189708678546305e-11, "relative_l2": 4.745333059883567e-06, "rmse": 9.049700922431804e-06, "seconds": 1.5720114186406136}}
{"epoch": 102, "learning_rate": 0.0010000000000000002, "train": {"mse": 8.154362918783031e-11, "relative_l2": 4.735081854795816e-06, "rmse": 9.030151116555597e-06, "seconds": 1.55316056124866}}
{"epoch": 103, "learning_rate": 0.0010000000000000002, "train": {"mse": 8.144980564178107e-11, "relative_l2": 4.732356474814528e-06, "rmse": 9.024954606078696e-06, "seconds": 1.508554421365261}}
{"epoch": 104, "learning_rate": 0.0010000000000000002, "train": {"mse": 8.134485176855516e-11, "relative_l2": 4.729306502857069e-06, "rmse": 9.019138083462031e-06, "seconds": 1.5527937524020672}}
{"epoch": 105, "learning_rate": 0.0010000000000000002, "train": {"mse": 8.126627723546978e-11, "relative_l2": 4.727022348357272e-06, "rmse": 9.014781042014818e-06, "seconds": 1.5767650958150625}}
{"epoch": 106, "learning_rate": 0.0010000000000000002, "train": {"mse": 8.116021381501487e-11, "relative_l2": 4.723936900543852e-06, "rmse": 9.008896370533679e-06, "seconds": 1.5662233922630548}}
{"epoch": 107, "learning_rate": 0.0010000000000000002, "train": {"mse": 8.11025812597332e-11, "relative_l2": 4.7222588305461105e-06, "rmse": 9.005697155675023e-06, "seconds": 1.5866702366620302}}
{"epoch": 108, "learning_rate": 0.0010000000000000002, "train": {"mse": 8.098665971546889e-11, "relative_l2": 4.718882555204838e-06, "rmse": 8.99925884256414e-06, "seconds": 1.6196653712540865}}
{"epoch": 109, "learning_rate": 0.0010000000000000002, "train": {"mse": 8.090252001879518e-11, "relative_l2": 4.716430358424841e-06, "rmse": 8.994582815161311e-06, "seconds": 1.6297600604593754}}
{"epoch": 110, "learning_rate": 0.0010000000000000002, "train": {"mse": 8.082615877101997e-11, "relative_l2": 4.714204249345782e-06, "rmse": 8.990336966489075e-06, "seconds": 1.6353667005896568}, "validation": {"mse": 8.203034427903682e-11, "relative_l2": 4.789566680022027e-06, "rmse": 9.057060465682937e-06, "seconds": 0.19579183124005795}}
{"epoch": 111, "learning_rate": 0.0010000000000000002, "train": {"mse": 8.073956761397645e-11, "relative_l2": 4.711678348100687e-06, "rmse": 8.985519885570142e-06, "seconds": 1.5893305651843548}}
{"epoch": 112, "learning_rate": 0.0010000000000000002, "train": {"mse": 8.064996731837471e-11, "relative_l2": 4.709063759559027e-06, "rmse": 8.980532685669304e-06, "seconds": 1.5138579607009888}}
{"epoch": 113, "learning_rate": 0.0010000000000000002, "train": {"mse": 8.056333549729661e-11, "relative_l2": 4.7065339111613035e-06, "rmse": 8.97570807776727e-06, "seconds": 1.530961474403739}}
{"epoch": 114, "learning_rate": 0.0010000000000000002, "train": {"mse": 8.045156168455849e-11, "relative_l2": 4.703267332069739e-06, "rmse": 8.969479454492244e-06, "seconds": 1.5337557289749384}}
{"epoch": 115, "learning_rate": 0.0010000000000000002, "train": {"mse": 8.03747705598464e-11, "relative_l2": 4.7010224166636134e-06, "rmse": 8.965197742372803e-06, "seconds": 1.6091347951442003}}
{"epoch": 116, "learning_rate": 0.0010000000000000002, "train": {"mse": 8.029607984380511e-11, "relative_l2": 4.698720333193286e-06, "rmse": 8.960807990566761e-06, "seconds": 1.525653574615717}}
{"epoch": 117, "learning_rate": 0.0010000000000000002, "train": {"mse": 8.01976786892928e-11, "relative_l2": 4.695840616903559e-06, "rmse": 8.955315666646978e-06, "seconds": 1.6063227038830519}}
{"epoch": 118, "learning_rate": 0.0010000000000000002, "train": {"mse": 8.010225762759973e-11, "relative_l2": 4.6930461752906205e-06, "rmse": 8.9499864596322e-06, "seconds": 1.5612538419663906}}
{"epoch": 119, "learning_rate": 0.0010000000000000002, "train": {"mse": 7.999909297189492e-11, "relative_l2": 4.690022829061324e-06, "rmse": 8.944221205442926e-06, "seconds": 1.5707331709563732}}
{"epoch": 120, "learning_rate": 0.0010000000000000002, "train": {"mse": 7.992980726613495e-11, "relative_l2": 4.6879914189618295e-06, "rmse": 8.940347155795178e-06, "seconds": 1.661829000338912}, "validation": {"mse": 8.113507472792874e-11, "relative_l2": 4.763358591499533e-06, "rmse": 9.007501025696792e-06, "seconds": 0.18524737842381}}
{"summary": {"additional_epochs": 120, "best_validation_mse": 8.113507472792874e-11, "best_validation_relative_l2": 4.763358591499533e-06, "best_validation_score": 4.763358591499533e-06, "end_epoch": 120, "initial_learning_rate": 0.1, "kept_resume_learning_rate": false, "minimum_learning_rate": 0.0, "optimizer": "sgd", "plateau_cooldown": null, "plateau_factor": null, "plateau_patience": null, "plateau_threshold": null, "plateau_threshold_mode": null, "resume_checkpoint": null, "scheduler": "multistep", "scheduler_restarted_on_resume": false, "start_epoch": 0, "test": {"mse": 7.848976491153437e-11, "relative_l2": 4.873794803004062e-06, "rmse": 8.859444955048504e-06, "seconds": 0.2075132355093956}, "total_seconds": 192.3858762960881, "training_loss": "relative_l2", "validation_selection_metric": "relative_l2", "weight_decay": 0.0}}
