{"additional_epochs": 100, "device": "cpu", "end_epoch": 100, "initial_learning_rate": 268400.0, "input_channels": 16, "input_fields": ["force", "encoder_displacement"], "optimizer": "sgd", "parameters": 257024, "resume_checkpoint": null, "retained_time_points": 501, "run_dir": "experiments/ld_dense_final", "scheduler": "cosine", "scheduler_restarted_on_resume": false, "split_sizes": {"test": 200, "train": 5000, "val": 500}, "start_epoch": 0, "target_channels": 2, "target_fields": ["disturbance"], "training_loss": "mse"}
{"epoch": 1, "learning_rate": 268333.7804010812, "train": {"mse": 3.6369289421157687, "relative_l2": 0.9999996158284075, "rmse": 1.9070733971496139, "seconds": 0.7373857516795397}}
{"epoch": 2, "learning_rate": 268135.1869550741, "train": {"mse": 1.3581600798403193, "relative_l2": 0.6110938733173444, "rmse": 1.1654012527195599, "seconds": 0.5250205546617508}}
{"epoch": 3, "learning_rate": 267804.4156497334, "train": {"mse": 0.5073461576846308, "relative_l2": 0.3734948458422723, "rmse": 0.7122823581169414, "seconds": 0.5560769215226173}}
{"epoch": 4, "learning_rate": 267341.792916403, "train": {"mse": 0.1897004491017964, "relative_l2": 0.22838450140389402, "rmse": 0.43554615036962085, "seconds": 0.5224254205822945}}
{"epoch": 5, "learning_rate": 266747.7753078675, "train": {"mse": 0.07104206586826348, "relative_l2": 0.13976235702239534, "rmse": 0.2665371753963478, "seconds": 0.5073182545602322}, "validation": {"mse": 0.026215937266092816, "relative_l2": 0.08562324174148378, "rmse": 0.16191336345741453, "seconds": 0.03825245797634125}}
{"epoch": 6, "learning_rate": 266022.94904779, "train": {"mse": 0.026663594685628744, "relative_l2": 0.0856232677811021, "rmse": 0.16328990993208595, "seconds": 0.6099017783999443}}
{"epoch": 7, "learning_rate": 265168.0294521799, "train": {"mse": 0.010035745696107785, "relative_l2": 0.05252998165146044, "rmse": 0.10017856904601795, "seconds": 0.580471707507968}}
{"epoch": 8, "learning_rate": 264183.8602234623, "train": {"mse": 0.003790361074725549, "relative_l2": 0.03228291485768698, "rmse": 0.06156590838057657, "seconds": 0.5273046847432852}}
{"epoch": 9, "learning_rate": 263071.41261784575, "train": {"mse": 0.001437424954777944, "relative_l2": 0.019880395286138625, "rmse": 0.037913387540260024, "seconds": 0.5851316340267658}}
{"epoch": 10, "learning_rate": 261831.7844868096, "train": {"mse": 0.0005476972324881487, "relative_l2": 0.012271642600989903, "rmse": 0.023402932134417447, "seconds": 0.6301516871899366}, "validation": {"mse": 0.00020628847285896956, "relative_l2": 0.007595326581826697, "rmse": 0.014362746006908622, "seconds": 0.04642299562692642}}
{"epoch": 11, "learning_rate": 260466.19919365706, "train": {"mse": 0.0002098127719171033, "relative_l2": 0.007595360815689118, "rmse": 0.014484915323090547, "seconds": 0.7507406789809465}}
{"epoch": 12, "learning_rate": 258976.0044062033, "train": {"mse": 8.086483283433134e-05, "relative_l2": 0.004715332210056778, "rmse": 0.008992487577657884, "seconds": 0.5443612728267908}}
{"epoch": 13, "learning_rate": 257362.67076679022, "train": {"mse": 3.1379885492686505e-05, "relative_l2": 0.0029373664237625275, "rmse": 0.00560177520904637, "seconds": 0.6433403454720974}}
{"epoch": 14, "learning_rate": 255627.7904409398, "train": {"mse": 1.2271044306650371e-05, "relative_l2": 0.0018368479635945498, "rmse": 0.0035030050394840103, "seconds": 0.5335162803530693}}
{"epoch": 15, "learning_rate": 253773.07554607894, "train": {"mse": 4.8406437247575165e-06, "relative_l2": 0.0011536764001948536, "rmse": 0.00220014629621703, "seconds": 0.5306722689419985}, "validation": {"mse": 1.8962264774802202e-06, "relative_l2": 0.0007282057017724277, "rmse": 0.001377035394418103, "seconds": 0.043100686743855476}}
{"epoch": 16, "learning_rate": 251800.35646188646, "train": {"mse": 1.9288411397420003e-06, "relative_l2": 0.0007282502718100754, "rmse": 0.0013888272533839478, "seconds": 0.6110189352184534}}
{"epoch": 17, "learning_rate": 249711.58002392924, "train": {"mse": 7.777544790637232e-07, "relative_l2": 0.00046243820787182654, "rmse": 0.0008819038944600047, "seconds": 0.5186660867184401}}
{"epoch": 18, "learning_rate": 247508.80760237045, "train": {"mse": 3.181478458488297e-07, "relative_l2": 0.0002957651110165056, "rmse": 0.0005640459607592538, "seconds": 0.5261066071689129}}
{"epoch": 19, "learning_rate": 245194.21306764623, "train": {"mse": 1.3249185746777318e-07, "relative_l2": 0.00019086532817686445, "rmse": 0.0003639943096640017, "seconds": 0.521183080971241}}
{"epoch": 20, "learning_rate": 242770.08064511797, "train": {"mse": 5.644953655387589e-08, "relative_l2": 0.00012458410579749296, "rmse": 0.00023759111211044047, "seconds": 0.5291368067264557}, "validation": {"mse": 2.43215652521023e-08, "relative_l2": 8.247165929376803e-05, "rmse": 0.00015595372791986185, "seconds": 0.037360964342951775}}
{"epoch": 21, "learning_rate": 240238.80266081763, "train": {"mse": 2.4768928746263425e-08, "relative_l2": 8.252510031511512e-05, "rmse": 0.0001573814752321995, "seconds": 0.583985498175025}}
{"epoch": 22, "learning_rate": 237602.87718051093, "train": {"mse": 1.1284957210460823e-08, "relative_l2": 5.570349018124607e-05, "rmse": 0.0001062306792337356, "seconds": 0.5273237824440002}}
{"epoch": 23, "learning_rate": 234864.9055444077, "train": {"mse": 5.3874036657834e-09, "relative_l2": 3.848772206956848e-05, "rmse": 7.339893504529476e-05, "seconds": 0.5941418055444956}}
{"epoch": 24, "learning_rate": 232027.58979995345, "train": {"mse": 2.7171094453858283e-09, "relative_l2": 2.7332919048288416e-05, "rmse": 5.2125899947970474e-05, "seconds": 0.5719884503632784}}
{"epoch": 25, "learning_rate": 229093.73003523468, "train": {"mse": 1.454994197704359e-09, "relative_l2": 2.0001523635660464e-05, "rmse": 3.814438618859083e-05, "seconds": 0.544797208160162}, "validation": {"mse": 8.086480122215734e-10, "relative_l2": 1.5037953359900307e-05, "rmse": 2.843673701783616e-05, "seconds": 0.038000138476490974}}
{"epoch": 26, "learning_rate": 226066.22161563003, "train": {"mse": 8.273011857937434e-10, "relative_l2": 1.5082185306652261e-05, "rmse": 2.8762843840513117e-05, "seconds": 0.5971599016338587}}
{"epoch": 27, "learning_rate": 222948.0523264341, "train": {"mse": 4.969841657492691e-10, "relative_l2": 1.1689709029605239e-05, "rmse": 2.2293141675171518e-05, "seconds": 0.5300350561738014}}
{"epoch": 28, "learning_rate": 219742.29942427418, "train": {"mse": 3.128057157996291e-10, "relative_l2": 9.27405709520509e-06, "rmse": 1.7686314364491805e-05, "seconds": 0.5195444114506245}}
{"epoch": 29, "learning_rate": 216452.12660022947, "train": {"mse": 2.0436742277946063e-10, "relative_l2": 7.496150255497085e-06, "rmse": 1.429571344072973e-05, "seconds": 0.5241672322154045}}
{"epoch": 30, "learning_rate": 213080.78085764992, "train": {"mse": 1.3742017784637368e-10, "relative_l2": 6.14692199825695e-06, "rmse": 1.1722635277375719e-05, "seconds": 0.5868597887456417}, "validation": {"mse": 9.205252568362031e-11, "relative_l2": 5.073723854144087e-06, "rmse": 9.594400746457296e-06, "seconds": 0.04190209321677685}}
{"epoch": 31, "learning_rate": 209631.58930775596, "train": {"mse": 9.445859627712689e-11, "relative_l2": 5.096279243443817e-06, "rmse": 9.718981236586832e-06, "seconds": 0.6681717876344919}}
{"epoch": 32, "learning_rate": 206107.95588618136, "train": {"mse": 6.603443611249654e-11, "relative_l2": 4.261060356016352e-06, "rmse": 8.126157524469763e-06, "seconds": 0.5714831594377756}}
{"epoch": 33, "learning_rate": 202513.35799369984, "train": {"mse": 4.678646970666692e-11, "relative_l2": 3.5866796383466096e-06, "rmse": 6.840063574753302e-06, "seconds": 0.5725624263286591}}
{"epoch": 34, "learning_rate": 198851.3430644502, "train": {"mse": 3.351607281406096e-11, "relative_l2": 3.035700958922412e-06, "rmse": 5.789306764549703e-06, "seconds": 0.5763564556837082}}
{"epoch": 35, "learning_rate": 195125.52506504717, "train": {"mse": 2.423814780677403e-11, "relative_l2": 2.581559504695369e-06, "rmse": 4.9232253459265936e-06, "seconds": 0.9742375612258911}, "validation": {"mse": 1.7217429986938336e-11, "relative_l2": 2.194285507176257e-06, "rmse": 4.149389110090585e-06, "seconds": 0.04729374498128891}}
{"epoch": 36, "learning_rate": 191339.58092803275, "train": {"mse": 1.7676147527271463e-11, "relative_l2": 2.2045820033014566e-06, "rmse": 4.204301074765158e-06, "seconds": 0.5472702197730541}}
{"epoch": 37, "learning_rate": 187497.24692318754, "train": {"mse": 1.2992487262057033e-11, "relative_l2": 1.8900730900327945e-06, "rmse": 3.604509295598644e-06, "seconds": 0.5741683375090361}}
{"epoch": 38, "learning_rate": 183602.3149702838, "train": {"mse": 9.620119393487162e-12, "relative_l2": 1.6263823636122635e-06, "rmse": 3.1016317307970595e-06, "seconds": 0.5694248490035534}}
{"epoch": 39, "learning_rate": 179658.62889691812, "train": {"mse": 7.174361428383463e-12, "relative_l2": 1.4045075394726588e-06, "rmse": 2.6784998466274853e-06, "seconds": 0.56550576351583}}
{"epoch": 40, "learning_rate": 175670.08064511794, "train": {"mse": 5.3884939702103166e-12, "relative_l2": 1.2172117212686941e-06, "rmse": 2.3213129841127234e-06, "seconds": 0.7013187725096941}, "validation": {"mse": 3.969414288502469e-12, "relative_l2": 1.053591325249911e-06, "rmse": 1.9923388990085166e-06, "seconds": 0.04057416692376137}}
{"epoch": 41, "learning_rate": 171640.60643046457, "train": {"mse": 4.075229367889099e-12, "relative_l2": 1.058542992586325e-06, "rmse": 2.0187197348540236e-06, "seconds": 0.5672336183488369}}
{"epoch": 42, "learning_rate": 167574.18285752347, "train": {"mse": 3.103352406367979e-12, "relative_l2": 9.237362709275731e-07, "rmse": 1.7616334483563768e-06, "seconds": 0.5666393302381039}}
{"epoch": 43, "learning_rate": 163474.822995416, "train": {"mse": 2.3797059577714073e-12, "relative_l2": 8.08898582061897e-07, "rmse": 1.5426295594767421e-06, "seconds": 0.5527486130595207}}
{"epoch": 44, "learning_rate": 159346.57241740424, "train": {"mse": 1.8374490598820803e-12, "relative_l2": 7.107880258630475e-07, "rmse": 1.355525381496813e-06, "seconds": 0.5670543313026428}}
{"epoch": 45, "learning_rate": 155193.50520839897, "train": {"mse": 1.4291550131840445e-12, "relative_l2": 6.268622505538686e-07, "rmse": 1.1954727153657855e-06, "seconds": 0.6473972033709288}, "validation": {"mse": 1.0896400056366702e-12, "relative_l2": 5.520145077331268e-07, "rmse": 1.0438582306217018e-06, "seconds": 0.03943156078457832}}
{"epoch": 46, "learning_rate": 151019.71994432964, "train": {"mse": 1.118761808144397e-12, "relative_l2": 5.546273285947252e-07, "rmse": 1.0577153719902141e-06, "seconds": 0.563452584668994}}
{"epoch": 47, "learning_rate": 146829.3356473446, "train": {"mse": 8.822944564345161e-13, "relative_l2": 4.925374392414126e-07, "rmse": 9.393053052306881e-07, "seconds": 0.668301934376359}}
{"epoch": 48, "learning_rate": 142626.48772083383, "train": {"mse": 7.007952580626258e-13, "relative_l2": 4.3896311217639754e-07, "rmse": 8.371351492218122e-07, "seconds": 0.5920285154134035}}
{"epoch": 49, "learning_rate": 138415.3238682848, "train": {"mse": 5.604357182367997e-13, "relative_l2": 3.9255031335441365e-07, "rmse": 7.486225472404633e-07, "seconds": 0.5637825969606638}}
{"epoch": 50, "learning_rate": 134199.99999999997, "train": {"mse": 4.51496225015396e-13, "relative_l2": 3.5233800173812245e-07, "rmse": 6.719346880578469e-07, "seconds": 0.6668077670037746}, "validation": {"mse": 3.567737473827355e-13, "relative_l2": 3.1586784458345784e-07, "rmse": 5.973054054524666e-07, "seconds": 0.04504659213125706}}
{"epoch": 51, "learning_rate": 129984.67613171515, "train": {"mse": 3.663742831405559e-13, "relative_l2": 3.1739124278567316e-07, "rmse": 6.05288594920271e-07, "seconds": 0.5481497757136822}}
{"epoch": 52, "learning_rate": 125773.51227916611, "train": {"mse": 2.994697606772535e-13, "relative_l2": 2.8695178905523464e-07, "rmse": 5.472383033718067e-07, "seconds": 0.5457268115133047}}
{"epoch": 53, "learning_rate": 121570.66435265534, "train": {"mse": 2.46507601379468e-13, "relative_l2": 2.6034402023478577e-07, "rmse": 4.96495318587666e-07, "seconds": 0.5624852832406759}}
{"epoch": 54, "learning_rate": 117380.28005567034, "train": {"mse": 2.043198001119745e-13, "relative_l2": 2.370214641412585e-07, "rmse": 4.52017477662064e-07, "seconds": 0.6596857868134975}}
{"epoch": 55, "learning_rate": 113206.49479160098, "train": {"mse": 1.707521387978416e-13, "relative_l2": 2.1667835267302025e-07, "rmse": 4.132216581906636e-07, "seconds": 0.5566241145133972}, "validation": {"mse": 1.4008247921584278e-13, "relative_l2": 1.9792510388859315e-07, "rmse": 3.7427593993715754e-07, "seconds": 0.03932202234864235}}
{"epoch": 56, "learning_rate": 109053.42758259573, "train": {"mse": 1.4377838214751317e-13, "relative_l2": 1.9882877886563962e-07, "rmse": 3.791811996229681e-07, "seconds": 0.5594886429607868}}
{"epoch": 57, "learning_rate": 104925.177004584, "train": {"mse": 1.2191665286546576e-13, "relative_l2": 1.830897317213205e-07, "rmse": 3.4916565247095217e-07, "seconds": 0.5569723937660456}}
{"epoch": 58, "learning_rate": 100825.81714247644, "train": {"mse": 1.0417995178001861e-13, "relative_l2": 1.6924837251704663e-07, "rmse": 3.227691927368822e-07, "seconds": 0.5711749456822872}}
{"epoch": 59, "learning_rate": 96759.39356953542, "train": {"mse": 8.957537413076505e-14, "relative_l2": 1.569375124110774e-07, "rmse": 2.992914534876749e-07, "seconds": 0.8688895478844643}}
{"epoch": 60, "learning_rate": 92729.91935488206, "train": {"mse": 7.757457679108193e-14, "relative_l2": 1.460468292520589e-07, "rmse": 2.7852212980494375e-07, "seconds": 0.6769339665770531}, "validation": {"mse": 6.599478382270604e-14, "relative_l2": 1.3585129327568145e-07, "rmse": 2.5689449940141975e-07, "seconds": 0.046569621190428734}}
{"epoch": 61, "learning_rate": 88741.37110308187, "train": {"mse": 6.76208573278706e-14, "relative_l2": 1.3635553928471938e-07, "rmse": 2.6004010715247483e-07, "seconds": 0.5671566594392061}}
{"epoch": 62, "learning_rate": 84797.68502971623, "train": {"mse": 5.937505568159075e-14, "relative_l2": 1.2777163847103777e-07, "rmse": 2.4366997287641076e-07, "seconds": 0.597046785056591}}
{"epoch": 63, "learning_rate": 80902.7530768124, "train": {"mse": 5.2541898088940415e-14, "relative_l2": 1.201946961884427e-07, "rmse": 2.2922019563934677e-07, "seconds": 0.6421302389353514}}
{"epoch": 64, "learning_rate": 77060.41907196722, "train": {"mse": 4.6852680262888465e-14, "relative_l2": 1.1350099510117827e-07, "rmse": 2.1645479958385878e-07, "seconds": 0.6994334794580936}}
{"epoch": 65, "learning_rate": 73274.4749349528, "train": {"mse": 4.2054653217356514e-14, "relative_l2": 1.0753243422348473e-07, "rmse": 2.050723121666026e-07, "seconds": 0.5482051037251949}, "validation": {"mse": 3.6965340524636235e-14, "relative_l2": 1.01673161374867e-07, "rmse": 1.9226372649211872e-07, "seconds": 0.04516319930553436}}
{"epoch": 66, "learning_rate": 69548.65693554976, "train": {"mse": 3.8002273406178545e-14, "relative_l2": 1.0222031484109433e-07, "rmse": 1.949417179727791e-07, "seconds": 0.553837563842535}}
{"epoch": 67, "learning_rate": 65886.64200630014, "train": {"mse": 3.457499250309879e-14, "relative_l2": 9.750199373939852e-08, "rmse": 1.859435196587899e-07, "seconds": 0.6879523191601038}}
{"epoch": 68, "learning_rate": 62292.0441138186, "train": {"mse": 3.1666206405769666e-14, "relative_l2": 9.331048447163977e-08, "rmse": 1.7795001097434545e-07, "seconds": 0.6678087078034878}}
{"epoch": 69, "learning_rate": 58768.41069224405, "train": {"mse": 2.9166466004402585e-14, "relative_l2": 8.955180713259997e-08, "rmse": 1.7078192528602838e-07, "seconds": 0.6243095323443413}}
{"epoch": 70, "learning_rate": 55319.219142350106, "train": {"mse": 2.7027224636632142e-14, "relative_l2": 8.620514261328015e-08, "rmse": 1.6439958831040952e-07, "seconds": 0.5359556991606951}, "validation": {"mse": 2.451139136416193e-14, "relative_l2": 8.279287312492699e-08, "rmse": 1.5656114257427328e-07, "seconds": 0.047209059819579124}}
{"epoch": 71, "learning_rate": 51947.87339977053, "train": {"mse": 2.5204766196096927e-14, "relative_l2": 8.324799560411938e-08, "rmse": 1.5876009006074834e-07, "seconds": 0.5432254765182734}}
{"epoch": 72, "learning_rate": 48657.70057572582, "train": {"mse": 2.362854697885141e-14, "relative_l2": 8.060295371541066e-08, "rmse": 1.5371579937941127e-07, "seconds": 0.5289925821125507}}
{"epoch": 73, "learning_rate": 45451.94767356593, "train": {"mse": 2.2277449257679095e-14, "relative_l2": 7.826456587191783e-08, "rmse": 1.4925632066240644e-07, "seconds": 0.5862110313028097}}
{"epoch": 74, "learning_rate": 42333.77838436996, "train": {"mse": 2.1094762929122683e-14, "relative_l2": 7.615874407043545e-08, "rmse": 1.4524036260324706e-07, "seconds": 0.5531070251017809}}
{"epoch": 75, "learning_rate": 39306.26996476532, "train": {"mse": 2.00754957567952e-14, "relative_l2": 7.429603074605547e-08, "rmse": 1.4168802262998522e-07, "seconds": 0.5379847548902035}, "validation": {"mse": 1.8687653332091067e-14, "relative_l2": 7.229135355814563e-08, "rmse": 1.367027919688953e-07, "seconds": 0.04071495682001114}}
{"epoch": 76, "learning_rate": 36372.41020004659, "train": {"mse": 1.9185093522704513e-14, "relative_l2": 7.262972261048708e-08, "rmse": 1.385102650445248e-07, "seconds": 0.5352064352482557}}
{"epoch": 77, "learning_rate": 33535.094455592305, "train": {"mse": 1.8419005065894424e-14, "relative_l2": 7.116484908108912e-08, "rmse": 1.3571663518483807e-07, "seconds": 0.5382862873375416}}
{"epoch": 78, "learning_rate": 30797.122819489083, "train": {"mse": 1.7746192007578288e-14, "relative_l2": 6.985299588892254e-08, "rmse": 1.3321483403727337e-07, "seconds": 0.6398626323789358}}
{"epoch": 79, "learning_rate": 28161.197339182334, "train": {"mse": 1.7151236563164392e-14, "relative_l2": 6.867207457411835e-08, "rmse": 1.3096272967208798e-07, "seconds": 0.5330566689372063}}
{"epoch": 80, "learning_rate": 25629.919354882055, "train": {"mse": 1.6626769510986048e-14, "relative_l2": 6.761395860524613e-08, "rmse": 1.2894483126898126e-07, "seconds": 0.5908667631447315}, "validation": {"mse": 1.5768017630114105e-14, "relative_l2": 6.640450142449433e-08, "rmse": 1.2557076741867156e-07, "seconds": 0.06663948856294155}}
{"epoch": 81, "learning_rate": 23205.786932353807, "train": {"mse": 1.616916155191989e-14, "relative_l2": 6.667702268744761e-08, "rmse": 1.271580180402317e-07, "seconds": 0.5837628431618214}}
{"epoch": 82, "learning_rate": 20891.1923976296, "train": {"mse": 1.5768364391988142e-14, "relative_l2": 6.584545041210754e-08, "rmse": 1.2557214815391247e-07, "seconds": 0.5391811076551676}}
{"epoch": 83, "learning_rate": 18688.41997607074, "train": {"mse": 1.5419479399236093e-14, "relative_l2": 6.511293990516302e-08, "rmse": 1.2417519639298378e-07, "seconds": 0.6259099114686251}}
{"epoch": 84, "learning_rate": 16599.6435381135, "train": {"mse": 1.511210088094463e-14, "relative_l2": 6.44606747475557e-08, "rmse": 1.2293128520008496e-07, "seconds": 0.5237665250897408}}
{"epoch": 85, "learning_rate": 14626.924453921038, "train": {"mse": 1.4843400848660452e-14, "relative_l2": 6.388504142776745e-08, "rmse": 1.2183349641482203e-07, "seconds": 0.5282714515924454}, "validation": {"mse": 1.4223012654527958e-14, "relative_l2": 6.306737717693512e-08, "rmse": 1.1926027274213303e-07, "seconds": 0.04024064727127552}}
{"epoch": 86, "learning_rate": 12772.209559060198, "train": {"mse": 1.4609629452097435e-14, "relative_l2": 6.337997294881853e-08, "rmse": 1.2087030012413072e-07, "seconds": 0.5286322701722383}}
{"epoch": 87, "learning_rate": 11037.329233209757, "train": {"mse": 1.4411451850024178e-14, "relative_l2": 6.294863491237836e-08, "rmse": 1.200477065587851e-07, "seconds": 0.532455088570714}}
{"epoch": 88, "learning_rate": 9423.995593796666, "train": {"mse": 1.4237662457300482e-14, "relative_l2": 6.25679346315419e-08, "rmse": 1.19321676393271e-07, "seconds": 0.6319553218781948}}
{"epoch": 89, "learning_rate": 7933.8008063429415, "train": {"mse": 1.4089832693789068e-14, "relative_l2": 6.224226538553532e-08, "rmse": 1.1870060106751384e-07, "seconds": 0.5291366595774889}}
{"epoch": 90, "learning_rate": 6568.215513190394, "train": {"mse": 1.3967799460857974e-14, "relative_l2": 6.197213304698616e-08, "rmse": 1.1818544521580471e-07, "seconds": 0.5375448316335678}, "validation": {"mse": 1.3523060692978015e-14, "relative_l2": 6.14959437009662e-08, "rmse": 1.1628869546511395e-07, "seconds": 0.04040527902543545}}
{"epoch": 91, "learning_rate": 5328.587382154254, "train": {"mse": 1.3863501431341412e-14, "relative_l2": 6.174032550400535e-08, "rmse": 1.1774337107175679e-07, "seconds": 0.5310257505625486}}
{"epoch": 92, "learning_rate": 4216.139776537723, "train": {"mse": 1.3779647460778905e-14, "relative_l2": 6.155332282602514e-08, "rmse": 1.1738674312195097e-07, "seconds": 0.6721090544015169}}
{"epoch": 93, "learning_rate": 3231.970547820108, "train": {"mse": 1.3711258077024238e-14, "relative_l2": 6.140038604156649e-08, "rmse": 1.17095081352823e-07, "seconds": 0.6331341490149498}}
{"epoch": 94, "learning_rate": 2377.050952209973, "train": {"mse": 1.365805813977654e-14, "relative_l2": 6.128115295059288e-08, "rmse": 1.1686769502209128e-07, "seconds": 0.5127251464873552}}
{"epoch": 95, "learning_rate": 1652.2246921325257, "train": {"mse": 1.3615227020774634e-14, "relative_l2": 6.11849898895432e-08, "rmse": 1.1668430494618646e-07, "seconds": 0.522552939131856}, "validation": {"mse": 1.3241161549340159e-14, "relative_l2": 6.085160170280455e-08, "rmse": 1.1507024615138423e-07, "seconds": 0.040763216093182564}}
{"epoch": 96, "learning_rate": 1058.2070835970837, "train": {"mse": 1.3584754523328444e-14, "relative_l2": 6.111648189350063e-08, "rmse": 1.1655365512641996e-07, "seconds": 0.5031476430594921}}
{"epoch": 97, "learning_rate": 595.5843502666644, "train": {"mse": 1.3564667863115728e-14, "relative_l2": 6.107128121886522e-08, "rmse": 1.164674540939044e-07, "seconds": 0.617944648489356}}
{"epoch": 98, "learning_rate": 264.8130449259567, "train": {"mse": 1.3551507930889944e-14, "relative_l2": 6.104164949647672e-08, "rmse": 1.1641094420581746e-07, "seconds": 0.5221354681998491}}
{"epoch": 99, "learning_rate": 66.21959891881926, "train": {"mse": 1.3543535953409489e-14, "relative_l2": 6.102369564679609e-08, "rmse": 1.163766984984945e-07, "seconds": 0.5230485983192921}}
{"epoch": 100, "learning_rate": 0.0, "train": {"mse": 1.3540327874231268e-14, "relative_l2": 6.101646113084111e-08, "rmse": 1.1636291451416671e-07, "seconds": 0.5222917478531599}, "validation": {"mse": 1.3193531430373925e-14, "relative_l2": 6.074205768110958e-08, "rmse": 1.1486309864518685e-07, "seconds": 0.0387335903942585}}
{"summary": {"additional_epochs": 100, "best_validation_mse": 1.3193531430373925e-14, "best_validation_relative_l2": 6.074205768110958e-08, "best_validation_score": 1.3193531430373925e-14, "end_epoch": 100, "initial_learning_rate": 268400.0, "kept_resume_learning_rate": false, "minimum_learning_rate": 0.0, "optimizer": "sgd", "plateau_cooldown": null, "plateau_factor": null, "plateau_patience": null, "plateau_threshold": null, "plateau_threshold_mode": null, "resume_checkpoint": null, "scheduler": "cosine", "scheduler_restarted_on_resume": false, "start_epoch": 0, "test": {"mse": 1.1659823694267896e-14, "relative_l2": 5.940277290056465e-08, "rmse": 1.0798066352022429e-07, "seconds": 0.023625925183296204}, "total_seconds": 61.4230220541358, "training_loss": "mse", "validation_selection_metric": "mse", "weight_decay": 0.0}}
