{"additional_epochs": 300, "device": "cpu", "end_epoch": 300, "initial_learning_rate": 0.001, "input_channels": 16, "input_fields": ["force", "encoder_displacement"], "optimizer": "adamw", "parameters": 4171586, "resume_checkpoint": null, "retained_time_points": 501, "run_dir": "experiments/lnn_fno16ch_gelu_final", "scheduler": "cosine", "scheduler_restarted_on_resume": false, "split_sizes": {"test": 200, "train": 5000, "val": 500}, "start_epoch": 0, "target_channels": 2, "target_fields": ["disturbance"], "training_loss": "relative_l2"}
{"epoch": 1, "learning_rate": 0.0009999726669287078, "train": {"mse": 3.639332135728543, "relative_l2": 1.000329894001721, "rmse": 1.9077033668074665, "seconds": 13.918523428961635}}
{"epoch": 2, "learning_rate": 0.0009998906707122104, "train": {"mse": 3.637146506986028, "relative_l2": 1.0000296356559595, "rmse": 1.907130437853171, "seconds": 12.860616147518158}}
{"epoch": 3, "learning_rate": 0.000999754020342317, "train": {"mse": 3.6369061876247506, "relative_l2": 0.9999965424499744, "rmse": 1.9070674313261056, "seconds": 12.938682954758406}}
{"epoch": 4, "learning_rate": 0.0009995627308042809, "train": {"mse": 3.636665868263473, "relative_l2": 0.9999633932764193, "rmse": 1.9070044227173342, "seconds": 12.974148780107498}}
{"epoch": 5, "learning_rate": 0.000999316823075155, "train": {"mse": 3.636407984031936, "relative_l2": 0.9999280475662283, "rmse": 1.9069368065124592, "seconds": 12.8548039868474}}
{"epoch": 6, "learning_rate": 0.0009990163241214932, "train": {"mse": 3.6361065868263474, "relative_l2": 0.9998866629544458, "rmse": 1.906857778342776, "seconds": 13.09957069158554}}
{"epoch": 7, "learning_rate": 0.0009986612668963922, "train": {"mse": 3.636015169660679, "relative_l2": 0.999874038676542, "rmse": 1.9068338075618123, "seconds": 13.05429689772427}}
{"epoch": 8, "learning_rate": 0.0009982516903358778, "train": {"mse": 3.635352894211577, "relative_l2": 0.999783029269421, "rmse": 1.9066601412447832, "seconds": 12.984212743118405}}
{"epoch": 9, "learning_rate": 0.0009977876393546352, "train": {"mse": 3.6331329341317367, "relative_l2": 0.9994777195212955, "rmse": 1.9060778929864688, "seconds": 13.00060528703034}}
{"epoch": 10, "learning_rate": 0.000997269164841084, "train": {"mse": 3.625263872255489, "relative_l2": 0.9983947402460077, "rmse": 1.9040125714541616, "seconds": 13.320727121084929}, "validation": {"mse": 3.5566312375249503, "relative_l2": 0.9973059064914508, "rmse": 1.885903294849699, "seconds": 0.3724840208888054}}
{"epoch": 11, "learning_rate": 0.0009966963236517975, "train": {"mse": 3.421185229540918, "relative_l2": 0.9698860645232751, "rmse": 1.8496446224993919, "seconds": 13.217414494603872}}
{"epoch": 12, "learning_rate": 0.0009960691786052671, "train": {"mse": 2.3414215568862273, "relative_l2": 0.802365515848229, "rmse": 1.5301704339341509, "seconds": 13.281511396169662}}
{"epoch": 13, "learning_rate": 0.0009953877984750145, "train": {"mse": 2.0031784431137725, "relative_l2": 0.742150984673542, "rmse": 1.4153368655955276, "seconds": 13.389968916773796}}
{"epoch": 14, "learning_rate": 0.0009946522579820495, "train": {"mse": 1.9152744510978044, "relative_l2": 0.7256847231338455, "rmse": 1.3839344099695636, "seconds": 13.43092679604888}}
{"epoch": 15, "learning_rate": 0.000993862637786676, "train": {"mse": 1.8343780439121757, "relative_l2": 0.7101937515792016, "rmse": 1.3543921307775588, "seconds": 13.014715425670147}}
{"epoch": 16, "learning_rate": 0.0009930190244796465, "train": {"mse": 1.841049500998004, "relative_l2": 0.7114839546863423, "rmse": 1.3568527926779692, "seconds": 12.713283188641071}}
{"epoch": 17, "learning_rate": 0.0009921215105726667, "train": {"mse": 1.7897800399201598, "relative_l2": 0.7015074364866252, "rmse": 1.3378266105591412, "seconds": 12.743917172774673}}
{"epoch": 18, "learning_rate": 0.0009911701944882512, "train": {"mse": 1.7687125748502994, "relative_l2": 0.6973664996880538, "rmse": 1.3299295375508806, "seconds": 12.826216045767069}}
{"epoch": 19, "learning_rate": 0.0009901651805489283, "train": {"mse": 1.699948502994012, "relative_l2": 0.6836760330567967, "rmse": 1.303820732690661, "seconds": 12.756637493148446}}
{"epoch": 20, "learning_rate": 0.000989106578965802, "train": {"mse": 1.59151876247505, "relative_l2": 0.6615129557929194, "rmse": 1.2615541060434348, "seconds": 12.7832598593086}, "validation": {"mse": 1.7455344311377246, "relative_l2": 0.6986717473765125, "rmse": 1.3211867510453337, "seconds": 0.3850213810801506}}
{"epoch": 21, "learning_rate": 0.0009879945058264654, "train": {"mse": 0.865510379241517, "relative_l2": 0.4878300950808387, "rmse": 0.9303281030053413, "seconds": 12.328420158475637}}
{"epoch": 22, "learning_rate": 0.0009868290830822703, "train": {"mse": 0.3570652195608782, "relative_l2": 0.3133330453913931, "rmse": 0.5975493448752816, "seconds": 12.359700134024024}}
{"epoch": 23, "learning_rate": 0.0009856104385349534, "train": {"mse": 0.16530819610778444, "relative_l2": 0.21319627804738303, "rmse": 0.40658110643238754, "seconds": 12.34736810065806}}
{"epoch": 24, "learning_rate": 0.0009843387058226223, "train": {"mse": 0.13608288423153692, "relative_l2": 0.1934346293191232, "rmse": 0.3688941368896189, "seconds": 12.241321383044124}}
{"epoch": 25, "learning_rate": 0.0009830140244051003, "train": {"mse": 0.0856000998003992, "relative_l2": 0.15341561334775444, "rmse": 0.29257494732187717, "seconds": 12.357433436438441}}
{"epoch": 26, "learning_rate": 0.0009816365395486323, "train": {"mse": 0.051168946482035925, "relative_l2": 0.1186139275993526, "rmse": 0.22620554034336984, "seconds": 12.21408705227077}}
{"epoch": 27, "learning_rate": 0.0009802064023099557, "train": {"mse": 0.040716744635728545, "relative_l2": 0.10580812557833319, "rmse": 0.20178390578965544, "seconds": 12.403863545507193}}
{"epoch": 28, "learning_rate": 0.0009787237695197352, "train": {"mse": 0.050999996881237526, "relative_l2": 0.1184179524894437, "rmse": 0.225831788907668, "seconds": 12.267215196043253}}
{"epoch": 29, "learning_rate": 0.0009771888037653637, "train": {"mse": 0.033079544036926145, "relative_l2": 0.0953700930486501, "rmse": 0.18187782722730703, "seconds": 12.304148204624653}}
{"epoch": 30, "learning_rate": 0.0009756016733731337, "train": {"mse": 0.04975561689121757, "relative_l2": 0.11696434221408826, "rmse": 0.22305967114478037, "seconds": 12.175935629755259}, "validation": {"mse": 0.06362655158433134, "relative_l2": 0.13339150265759395, "rmse": 0.25224304070545006, "seconds": 0.3403748385608196}}
{"epoch": 31, "learning_rate": 0.0009739625523897781, "train": {"mse": 0.022507906062874252, "relative_l2": 0.07866835042517958, "rmse": 0.15002635122829006, "seconds": 12.564766881987453}}
{"epoch": 32, "learning_rate": 0.0009722716205633839, "train": {"mse": 0.019946737774451096, "relative_l2": 0.0740573876167405, "rmse": 0.1412329202928662, "seconds": 12.591476827859879}}
{"epoch": 33, "learning_rate": 0.000970529063323681, "train": {"mse": 0.020502902008483034, "relative_l2": 0.07508272833948339, "rmse": 0.14318834452734983, "seconds": 12.654135221615434}}
{"epoch": 34, "learning_rate": 0.0009687350717617074, "train": {"mse": 0.018711191679141717, "relative_l2": 0.07172708359515975, "rmse": 0.13678885802265373, "seconds": 12.575858063995838}}
{"epoch": 35, "learning_rate": 0.0009668898426088545, "train": {"mse": 0.01607939745508982, "relative_l2": 0.06649168065058998, "rmse": 0.12680456401521917, "seconds": 12.605953993275762}}
{"epoch": 36, "learning_rate": 0.0009649935782152928, "train": {"mse": 0.007615150168413173, "relative_l2": 0.045758487529189, "rmse": 0.08726482778538655, "seconds": 12.64358893968165}}
{"epoch": 37, "learning_rate": 0.000963046486527782, "train": {"mse": 0.014708495508982036, "relative_l2": 0.06359406683526757, "rmse": 0.12127858635794711, "seconds": 12.507551601156592}}
{"epoch": 38, "learning_rate": 0.0009610487810668672, "train": {"mse": 0.01156079949476048, "relative_l2": 0.056380167230407834, "rmse": 0.10752115835853183, "seconds": 12.457444608211517}}
{"epoch": 39, "learning_rate": 0.0009590006809034643, "train": {"mse": 0.008282984031936128, "relative_l2": 0.047722796502419486, "rmse": 0.09101090062149768, "seconds": 12.45918793976307}}
{"epoch": 40, "learning_rate": 0.0009569024106348362, "train": {"mse": 0.010276458021457087, "relative_l2": 0.05315623041481983, "rmse": 0.10137286629792554, "seconds": 12.40553674288094}, "validation": {"mse": 0.004981383911863773, "relative_l2": 0.03732363887592637, "rmse": 0.0705789197414056, "seconds": 0.37500908598303795}}
{"epoch": 41, "learning_rate": 0.0009547542003599634, "train": {"mse": 0.01225924946981038, "relative_l2": 0.058058306878046, "rmse": 0.11072149506672306, "seconds": 12.59190246462822}}
{"epoch": 42, "learning_rate": 0.0009525562856543104, "train": {"mse": 0.013778901571856288, "relative_l2": 0.061551660248436384, "rmse": 0.11738356602121222, "seconds": 12.617121815681458}}
{"epoch": 43, "learning_rate": 0.0009503089075439932, "train": {"mse": 0.007079467627245509, "relative_l2": 0.04411972015441512, "rmse": 0.08413957230248742, "seconds": 12.66350662894547}}
{"epoch": 44, "learning_rate": 0.0009480123124793469, "train": {"mse": 0.006056288204840319, "relative_l2": 0.040807098475863245, "rmse": 0.07782215754423877, "seconds": 13.249716004356742}}
{"epoch": 45, "learning_rate": 0.0009456667523079008, "train": {"mse": 0.010336024825349302, "relative_l2": 0.0533100660854776, "rmse": 0.10166624230957541, "seconds": 13.06434190273285}}
{"epoch": 46, "learning_rate": 0.00094327248424676, "train": {"mse": 0.00817944189745509, "relative_l2": 0.04742356924515109, "rmse": 0.09044026701340001, "seconds": 13.459183756262064}}
{"epoch": 47, "learning_rate": 0.000940829770854398, "train": {"mse": 0.007201790169660678, "relative_l2": 0.04449924404061838, "rmse": 0.08486336176266339, "seconds": 13.277054008096457}}
{"epoch": 48, "learning_rate": 0.0009383388800018655, "train": {"mse": 0.006495272735778443, "relative_l2": 0.04226016077011102, "rmse": 0.08059325490249443, "seconds": 13.123239520937204}}
{"epoch": 49, "learning_rate": 0.0009358000848434141, "train": {"mse": 0.00711893946482036, "relative_l2": 0.04424253991103447, "rmse": 0.0843738079312553, "seconds": 13.199089905247092}}
{"epoch": 50, "learning_rate": 0.0009332136637865422, "train": {"mse": 0.00898967377744511, "relative_l2": 0.04971694279522484, "rmse": 0.0948138902136449, "seconds": 13.075650431215763}, "validation": {"mse": 0.011778318363273452, "relative_l2": 0.0573919018141709, "rmse": 0.10852796120481326, "seconds": 0.3753765858709812}}
{"epoch": 51, "learning_rate": 0.0009305799004614654, "train": {"mse": 0.005882179391217565, "relative_l2": 0.04021625310167232, "rmse": 0.07669536746908229, "seconds": 12.88400630094111}}
{"epoch": 52, "learning_rate": 0.0009278990836900121, "train": {"mse": 0.0051482421875, "relative_l2": 0.037623733187929984, "rmse": 0.07175125216677407, "seconds": 12.693968664854765}}
{"epoch": 53, "learning_rate": 0.0009251715074539513, "train": {"mse": 0.006337020100424151, "relative_l2": 0.041742164719181594, "rmse": 0.07960540245752264, "seconds": 12.612773047760129}}
{"epoch": 54, "learning_rate": 0.0009223974708627541, "train": {"mse": 0.005902926568737525, "relative_l2": 0.040287112321977424, "rmse": 0.0768305054567359, "seconds": 13.091125974431634}}
{"epoch": 55, "learning_rate": 0.0009195772781207935, "train": {"mse": 0.004264080432884232, "relative_l2": 0.03424089589634257, "rmse": 0.06529992674486114, "seconds": 13.12469887547195}}
{"epoch": 56, "learning_rate": 0.0009167112384939842, "train": {"mse": 0.006409516903692615, "relative_l2": 0.04198026205850559, "rmse": 0.0800594585523323, "seconds": 13.057650279253721}}
{"epoch": 57, "learning_rate": 0.0009137996662758685, "train": {"mse": 0.006060989349426148, "relative_l2": 0.040822937973936164, "rmse": 0.07785235609425156, "seconds": 13.068592889234424}}
{"epoch": 58, "learning_rate": 0.000910842880753151, "train": {"mse": 0.0036090015281936127, "relative_l2": 0.03150112077871698, "rmse": 0.06007496590255888, "seconds": 12.96360458061099}}
{"epoch": 59, "learning_rate": 0.0009078412061706838, "train": {"mse": 0.006381834378118762, "relative_l2": 0.0418895012714796, "rmse": 0.0798863841847831, "seconds": 12.951442018151283}}
{"epoch": 60, "learning_rate": 0.0009047949716959109, "train": {"mse": 0.003436291479540918, "relative_l2": 0.03073812857030217, "rmse": 0.058619889794684174, "seconds": 12.992575451731682}, "validation": {"mse": 0.01314143782747006, "relative_l2": 0.060622021498982326, "rmse": 0.11463611048648702, "seconds": 0.3939779344946146}}
{"epoch": 61, "learning_rate": 0.0009017045113827702, "train": {"mse": 0.003048287994323852, "relative_l2": 0.028950793436286395, "rmse": 0.05521130313915668, "seconds": 12.77050257474184}}
{"epoch": 62, "learning_rate": 0.0008985701641350615, "train": {"mse": 0.0054404413828592815, "relative_l2": 0.038676707220578796, "rmse": 0.07375934776595629, "seconds": 12.844443880021572}}
{"epoch": 63, "learning_rate": 0.0008953922736692812, "train": {"mse": 0.0049673972367764475, "relative_l2": 0.03695701775181042, "rmse": 0.0704797647326979, "seconds": 12.801061253994703}}
{"epoch": 64, "learning_rate": 0.0008921711884769308, "train": {"mse": 0.002355901478293413, "relative_l2": 0.02545136381516744, "rmse": 0.04853762950838672, "seconds": 12.780560236424208}}
{"epoch": 65, "learning_rate": 0.0008889072617862996, "train": {"mse": 0.004224525168413174, "relative_l2": 0.034081708080555904, "rmse": 0.06499634734670229, "seconds": 12.846045307815075}}
{"epoch": 66, "learning_rate": 0.0008856008515237306, "train": {"mse": 0.006131229338198603, "relative_l2": 0.041058797848852524, "rmse": 0.07830216688060812, "seconds": 12.842403385788202}}
{"epoch": 67, "learning_rate": 0.0008822523202743689, "train": {"mse": 0.002389089789171657, "relative_l2": 0.025630001843602257, "rmse": 0.04887831614501114, "seconds": 12.784396663308144}}
{"epoch": 68, "learning_rate": 0.0008788620352424003, "train": {"mse": 0.0027988466426521956, "relative_l2": 0.027740992850355174, "rmse": 0.052904126896228004, "seconds": 12.92050501704216}}
{"epoch": 69, "learning_rate": 0.0008754303682107838, "train": {"mse": 0.0028400550461576846, "relative_l2": 0.027944465295925033, "rmse": 0.05329216683676584, "seconds": 12.892050063237548}}
{"epoch": 70, "learning_rate": 0.0008719576955004808, "train": {"mse": 0.0039494588947105785, "relative_l2": 0.03295347724932592, "rmse": 0.06284472049990021, "seconds": 12.996535440906882}, "validation": {"mse": 0.0027922426631112776, "relative_l2": 0.02794380558499202, "rmse": 0.05284167543815466, "seconds": 0.3803992383182049}}
{"epoch": 71, "learning_rate": 0.0008684443979291872, "train": {"mse": 0.0032724675648702593, "relative_l2": 0.02999646824930381, "rmse": 0.057205485443882556, "seconds": 12.700895559042692}}
{"epoch": 72, "learning_rate": 0.0008648908607695733, "train": {"mse": 0.002334396636414671, "relative_l2": 0.025334933776156417, "rmse": 0.048315594132895344, "seconds": 12.585474235937}}
{"epoch": 73, "learning_rate": 0.0008612974737070333, "train": {"mse": 0.0032915387974051897, "relative_l2": 0.030083749385211273, "rmse": 0.05737193388238878, "seconds": 12.639578199014068}}
{"epoch": 74, "learning_rate": 0.0008576646307969522, "train": {"mse": 0.0049799420689870255, "relative_l2": 0.03700365457422611, "rmse": 0.07056870460046029, "seconds": 12.692485313862562}}
{"epoch": 75, "learning_rate": 0.0008539927304214936, "train": {"mse": 0.0028785240066741516, "relative_l2": 0.028133084657565584, "rmse": 0.053651877941728675, "seconds": 12.622226778417826}}
{"epoch": 76, "learning_rate": 0.0008502821752459125, "train": {"mse": 0.0030736236511352297, "relative_l2": 0.029070855842714623, "rmse": 0.055440271023284415, "seconds": 12.860612342134118}}
{"epoch": 77, "learning_rate": 0.0008465333721743974, "train": {"mse": 0.0018763911629865269, "relative_l2": 0.02271402579504038, "rmse": 0.043317330977179644, "seconds": 13.645194197073579}}
{"epoch": 78, "learning_rate": 0.000842746732305451, "train": {"mse": 0.003233398632422655, "relative_l2": 0.02981687153389905, "rmse": 0.056862981212935496, "seconds": 13.946805553510785}}
{"epoch": 79, "learning_rate": 0.000838922670886806, "train": {"mse": 0.003340831618013972, "relative_l2": 0.03030817195860361, "rmse": 0.05779992749142487, "seconds": 15.672546099871397}}
{"epoch": 80, "learning_rate": 0.0008350616072698905, "train": {"mse": 0.0033042656873752494, "relative_l2": 0.03014185173747978, "rmse": 0.05748274251786574, "seconds": 15.123413998633623}, "validation": {"mse": 0.0013111387089103045, "relative_l2": 0.019148435291857318, "rmse": 0.036209649389497056, "seconds": 0.3761211037635803}}
{"epoch": 81, "learning_rate": 0.0008311639648638402, "train": {"mse": 0.002517960758171158, "relative_l2": 0.026312185832990453, "rmse": 0.05017928614648835, "seconds": 15.38428165949881}}
{"epoch": 82, "learning_rate": 0.0008272301710890674, "train": {"mse": 0.0017968309474800399, "relative_l2": 0.022227266596681998, "rmse": 0.042389042776170824, "seconds": 15.836268376559019}}
{"epoch": 83, "learning_rate": 0.000823260657330389, "train": {"mse": 0.0028846751808882234, "relative_l2": 0.028163129231136123, "rmse": 0.05370917222307772, "seconds": 15.521977318450809}}
{"epoch": 84, "learning_rate": 0.0008192558588897215, "train": {"mse": 0.0025155376746506986, "relative_l2": 0.02629952241684655, "rmse": 0.0501551360744909, "seconds": 15.408404203131795}}
{"epoch": 85, "learning_rate": 0.0008152162149383436, "train": {"mse": 0.0023976696996631736, "relative_l2": 0.02567598718955547, "rmse": 0.048966005551435106, "seconds": 15.94024520367384}}
{"epoch": 86, "learning_rate": 0.0008111421684687374, "train": {"mse": 0.002426646901509481, "relative_l2": 0.025830674254413048, "rmse": 0.04926100792218406, "seconds": 16.04629190824926}}
{"epoch": 87, "learning_rate": 0.0008070341662460085, "train": {"mse": 0.003022356264034431, "relative_l2": 0.028827388489343977, "rmse": 0.054975960783186235, "seconds": 15.753229467198253}}
{"epoch": 88, "learning_rate": 0.0008028926587588936, "train": {"mse": 0.0021526743388223554, "relative_l2": 0.024328851969590025, "rmse": 0.046396921652436765, "seconds": 15.1512815002352}}
{"epoch": 89, "learning_rate": 0.0007987181001703591, "train": {"mse": 0.0009879173294036925, "relative_l2": 0.01648134790433139, "rmse": 0.03143115221247374, "seconds": 14.426015559583902}}
{"epoch": 90, "learning_rate": 0.0007945109482677974, "train": {"mse": 0.0018788501122754492, "relative_l2": 0.022728905163909283, "rmse": 0.04334570465773338, "seconds": 15.249021474272013}, "validation": {"mse": 0.0021806046110903195, "relative_l2": 0.024694340657238346, "rmse": 0.046696944344253616, "seconds": 0.605843685567379}}
{"epoch": 91, "learning_rate": 0.0007902716644128249, "train": {"mse": 0.001699044878992016, "relative_l2": 0.021613984049791164, "rmse": 0.041219472085314436, "seconds": 15.904916498810053}}
{"epoch": 92, "learning_rate": 0.0007860007134906889, "train": {"mse": 0.0015558981646082834, "relative_l2": 0.020683449093485292, "rmse": 0.03944487501068147, "seconds": 15.809031581506133}}
{"epoch": 93, "learning_rate": 0.0007816985638592868, "train": {"mse": 0.0011096759605788422, "relative_l2": 0.01746749139286501, "rmse": 0.033311799119513825, "seconds": 15.853194588795304}}
{"epoch": 94, "learning_rate": 0.0007773656872978066, "train": {"mse": 0.0022654185769086827, "relative_l2": 0.02495782169998924, "rmse": 0.04759641348787409, "seconds": 15.606557244434953}}
{"epoch": 95, "learning_rate": 0.0007730025589549905, "train": {"mse": 0.0012980873214508482, "relative_l2": 0.0188922823208223, "rmse": 0.03602897891213194, "seconds": 16.006014429032803}}
{"epoch": 96, "learning_rate": 0.0007686096572970294, "train": {"mse": 0.0015499185223303393, "relative_l2": 0.02064366995244157, "rmse": 0.03936900458902078, "seconds": 16.353931851685047}}
{"epoch": 97, "learning_rate": 0.0007641874640550934, "train": {"mse": 0.0017290035164046907, "relative_l2": 0.02180370950900583, "rmse": 0.04158128805610392, "seconds": 15.532386412844062}}
{"epoch": 98, "learning_rate": 0.0007597364641725051, "train": {"mse": 0.0015200512061813872, "relative_l2": 0.020443798040920468, "rmse": 0.03898783407912508, "seconds": 14.577265815809369}}
{"epoch": 99, "learning_rate": 0.0007552571457515599, "train": {"mse": 0.001703198680763473, "relative_l2": 0.021640389895727974, "rmse": 0.04126982772878357, "seconds": 15.077415190637112}}
{"epoch": 100, "learning_rate": 0.0007507499999999997, "train": {"mse": 0.0009835494050960578, "relative_l2": 0.01644487357417754, "rmse": 0.03136159123985991, "seconds": 15.318468445912004}, "validation": {"mse": 0.005783614899108034, "relative_l2": 0.04021690597581932, "rmse": 0.07605008151940426, "seconds": 0.5179829522967339}}
{"epoch": 101, "learning_rate": 0.0007462155211771474, "train": {"mse": 0.0020752826378493015, "relative_l2": 0.023887519332276543, "rmse": 0.045555270143522376, "seconds": 15.57740049995482}}
{"epoch": 102, "learning_rate": 0.0007416542065397047, "train": {"mse": 0.0013001534041292414, "relative_l2": 0.0189073122002958, "rmse": 0.03605764002440039, "seconds": 15.811715016141534}}
{"epoch": 103, "learning_rate": 0.0007370665562872232, "train": {"mse": 0.0019052496569361278, "relative_l2": 0.022888031512447875, "rmse": 0.043649165592667724, "seconds": 15.724776001647115}}
{"epoch": 104, "learning_rate": 0.0007324530735072508, "train": {"mse": 0.0018816575832709581, "relative_l2": 0.022745878905251055, "rmse": 0.04337807721961588, "seconds": 15.646520685404539}}
{"epoch": 105, "learning_rate": 0.0007278142641201638, "train": {"mse": 0.0016038293530127245, "relative_l2": 0.020999623287168614, "rmse": 0.04004783830636461, "seconds": 15.663413248956203}}
{"epoch": 106, "learning_rate": 0.000723150636823686, "train": {"mse": 0.0011038143439683133, "relative_l2": 0.017421296237818202, "rmse": 0.03322370153923722, "seconds": 15.842682925984263}}
{"epoch": 107, "learning_rate": 0.000718462703037105, "train": {"mse": 0.0015370443682946606, "relative_l2": 0.02055775221691917, "rmse": 0.039205157419587806, "seconds": 15.986093817278743}}
{"epoch": 108, "learning_rate": 0.0007137509768451884, "train": {"mse": 0.0009734953920284431, "relative_l2": 0.016360608289823823, "rmse": 0.03120088768013569, "seconds": 16.248007863759995}}
{"epoch": 109, "learning_rate": 0.0007090159749418097, "train": {"mse": 0.0012553912682447604, "relative_l2": 0.01857898673573678, "rmse": 0.035431501072418034, "seconds": 15.392860136926174}}
{"epoch": 110, "learning_rate": 0.000704258216573286, "train": {"mse": 0.0007434482109998753, "relative_l2": 0.014297423633814305, "rmse": 0.027266246734742854, "seconds": 14.114117918536067}, "validation": {"mse": 0.000807126530630146, "relative_l2": 0.015023799648248752, "rmse": 0.028409972379960985, "seconds": 0.4177235998213291}}
{"epoch": 111, "learning_rate": 0.0006994782234814378, "train": {"mse": 0.0018624120898827344, "relative_l2": 0.022629258123000397, "rmse": 0.043155672742789385, "seconds": 14.15530775114894}}
{"epoch": 112, "learning_rate": 0.0006946765198463731, "train": {"mse": 0.001856783698228543, "relative_l2": 0.022595038332892975, "rmse": 0.04309041306634857, "seconds": 13.980014968663454}}
{"epoch": 113, "learning_rate": 0.0006898536322290056, "train": {"mse": 0.0013126995033370759, "relative_l2": 0.01899831819211925, "rmse": 0.036231195168488106, "seconds": 14.258758159354329}}
{"epoch": 114, "learning_rate": 0.0006850100895133118, "train": {"mse": 0.001054395116017964, "relative_l2": 0.017026844337559417, "rmse": 0.032471450784003535, "seconds": 15.072895804420114}}
{"epoch": 115, "learning_rate": 0.0006801464228483318, "train": {"mse": 0.0014064173410990519, "relative_l2": 0.019664800974741894, "rmse": 0.03750223114828039, "seconds": 15.042189247906208}}
{"epoch": 116, "learning_rate": 0.0006752631655899246, "train": {"mse": 0.0015911903731599302, "relative_l2": 0.020916715843118754, "rmse": 0.039889727664649835, "seconds": 14.912785591557622}}
{"epoch": 117, "learning_rate": 0.0006703608532422776, "train": {"mse": 0.001059628984219062, "relative_l2": 0.017069050511424304, "rmse": 0.032551942863968376, "seconds": 14.857670338824391}}
{"epoch": 118, "learning_rate": 0.0006654400233991834, "train": {"mse": 0.0005850199503337076, "relative_l2": 0.012682877891724844, "rmse": 0.02418718566377055, "seconds": 15.117910543456674}}
{"epoch": 119, "learning_rate": 0.0006605012156850876, "train": {"mse": 0.001066573591099052, "relative_l2": 0.017124892821607753, "rmse": 0.032658438283222485, "seconds": 15.20636678300798}}
{"epoch": 120, "learning_rate": 0.000655544971695911, "train": {"mse": 0.0008104557973895958, "relative_l2": 0.014927844952064326, "rmse": 0.028468505359249118, "seconds": 14.762186601758003}, "validation": {"mse": 0.0009560892862712076, "relative_l2": 0.016351522551845393, "rmse": 0.03092069349596169, "seconds": 0.45054804533720016}}
{"epoch": 121, "learning_rate": 0.0006505718349396589, "train": {"mse": 0.0009021561369448603, "relative_l2": 0.015749736886398864, "rmse": 0.030035914118682325, "seconds": 15.414044631645083}}
{"epoch": 122, "learning_rate": 0.0006455823507768188, "train": {"mse": 0.0006851958192989021, "relative_l2": 0.013725867470150654, "rmse": 0.02617624532470045, "seconds": 14.895291620865464}}
{"epoch": 123, "learning_rate": 0.0006405770663605556, "train": {"mse": 0.0012403081532248003, "relative_l2": 0.018467037218474442, "rmse": 0.03521800893328299, "seconds": 15.829412382096052}}
{"epoch": 124, "learning_rate": 0.0006355565305767097, "train": {"mse": 0.0011873053697292915, "relative_l2": 0.018068149069030797, "rmse": 0.03445729777172452, "seconds": 15.417609939351678}}
{"epoch": 125, "learning_rate": 0.0006305212939836065, "train": {"mse": 0.0012451840459705588, "relative_l2": 0.0185033013882743, "rmse": 0.035287165456728865, "seconds": 15.159804763272405}}
{"epoch": 126, "learning_rate": 0.0006254719087516799, "train": {"mse": 0.0008236650721993513, "relative_l2": 0.015049003741445167, "rmse": 0.028699565714472953, "seconds": 14.85780580714345}}
{"epoch": 127, "learning_rate": 0.0006204089286029223, "train": {"mse": 0.0008983185971806388, "relative_l2": 0.015716202663914124, "rmse": 0.029971963518939475, "seconds": 15.896633924916387}}
{"epoch": 128, "learning_rate": 0.0006153329087501617, "train": {"mse": 0.0007726596611464571, "relative_l2": 0.014575603471279782, "rmse": 0.027796756306203374, "seconds": 15.416445115581155}}
{"epoch": 129, "learning_rate": 0.0006102444058361764, "train": {"mse": 0.0011548304757672155, "relative_l2": 0.017819335127584806, "rmse": 0.03398279676199732, "seconds": 14.533153161406517}}
{"epoch": 130, "learning_rate": 0.0006051439778726529, "train": {"mse": 0.0011378338050461578, "relative_l2": 0.017687720432367698, "rmse": 0.03373179220032872, "seconds": 15.012715114280581}, "validation": {"mse": 0.0010016009850416356, "relative_l2": 0.016736180202220653, "rmse": 0.03164808027419097, "seconds": 0.4526221491396427}}
{"epoch": 131, "learning_rate": 0.0006000321841789941, "train": {"mse": 0.0010649271768962076, "relative_l2": 0.017111670313538243, "rmse": 0.03263322198153605, "seconds": 14.925419181585312}}
{"epoch": 132, "learning_rate": 0.0005949095853209836, "train": {"mse": 0.0013278242343438124, "relative_l2": 0.019107449505556037, "rmse": 0.03643932263837807, "seconds": 14.832870278507471}}
{"epoch": 133, "learning_rate": 0.0005897767430493122, "train": {"mse": 0.0009634895248565369, "relative_l2": 0.016276309805631318, "rmse": 0.031040127655287388, "seconds": 15.337997561320662}}
{"epoch": 134, "learning_rate": 0.0005846342202379768, "train": {"mse": 0.0006886016541136477, "relative_l2": 0.013759936577620882, "rmse": 0.026241220514938855, "seconds": 15.307634951546788}}
{"epoch": 135, "learning_rate": 0.000579482580822555, "train": {"mse": 0.0006587770747567365, "relative_l2": 0.013458655843052014, "rmse": 0.025666652971447924, "seconds": 15.285456456243992}}
{"epoch": 136, "learning_rate": 0.0005743223897383621, "train": {"mse": 0.0006480039432853044, "relative_l2": 0.013348154527025249, "rmse": 0.025455921576036183, "seconds": 14.92902903445065}}
{"epoch": 137, "learning_rate": 0.0005691542128585006, "train": {"mse": 0.0006602535164046906, "relative_l2": 0.013473730553592383, "rmse": 0.02569539873994351, "seconds": 14.966978365555406}}
{"epoch": 138, "learning_rate": 0.0005639786169318055, "train": {"mse": 0.0009051824086202595, "relative_l2": 0.015776131785559252, "rmse": 0.03008624949408383, "seconds": 14.95079836063087}}
{"epoch": 139, "learning_rate": 0.0005587961695206939, "train": {"mse": 0.0005083660803393214, "relative_l2": 0.011822810585123593, "rmse": 0.02254697497092063, "seconds": 14.880436807870865}}
{"epoch": 140, "learning_rate": 0.0005536074389389253, "train": {"mse": 0.0006944508444049402, "relative_l2": 0.013818255043022594, "rmse": 0.02635243526516933, "seconds": 14.563493417575955}, "validation": {"mse": 0.0008441877231864396, "relative_l2": 0.01536485576983742, "rmse": 0.029054908762314837, "seconds": 0.4272911436855793}}
{"epoch": 141, "learning_rate": 0.0005484129941892794, "train": {"mse": 0.0006580482102201846, "relative_l2": 0.013451208519726952, "rmse": 0.025652450374577956, "seconds": 15.592570159584284}}
{"epoch": 142, "learning_rate": 0.0005432134049011592, "train": {"mse": 0.00047761790871382235, "relative_l2": 0.011459687484202782, "rmse": 0.021854471137820342, "seconds": 15.40413386747241}}
{"epoch": 143, "learning_rate": 0.0005380092412681244, "train": {"mse": 0.0005792845948727545, "relative_l2": 0.012620554560029303, "rmse": 0.02406833178416723, "seconds": 15.794429356232285}}
{"epoch": 144, "learning_rate": 0.0005328010739853628, "train": {"mse": 0.0005219783577376497, "relative_l2": 0.01198005184045277, "rmse": 0.02284684568463773, "seconds": 15.025138629600406}}
{"epoch": 145, "learning_rate": 0.0005275894741871076, "train": {"mse": 0.0007658730390780938, "relative_l2": 0.014511450203490954, "rmse": 0.027674411268861596, "seconds": 14.461728604510427}}
{"epoch": 146, "learning_rate": 0.0005223750133840061, "train": {"mse": 0.0003694007249173528, "relative_l2": 0.01007816277258651, "rmse": 0.019219800335002254, "seconds": 14.476147601380944}}
{"epoch": 147, "learning_rate": 0.0005171582634004468, "train": {"mse": 0.0005389037354977545, "relative_l2": 0.012172732261689393, "rmse": 0.02321430023708995, "seconds": 14.428558584302664}}
{"epoch": 148, "learning_rate": 0.0005119397963118535, "train": {"mse": 0.0004868128976422156, "relative_l2": 0.01156946996983888, "rmse": 0.022063836874900423, "seconds": 14.693685410544276}}
{"epoch": 149, "learning_rate": 0.0005067201843819485, "train": {"mse": 0.00038867747902632233, "relative_l2": 0.010337775909513847, "rmse": 0.019714904996634457, "seconds": 15.2543252017349}}
{"epoch": 150, "learning_rate": 0.0005015, "train": {"mse": 0.0005883725225330589, "relative_l2": 0.012719164748102063, "rmse": 0.024256391374915167, "seconds": 15.23285566829145}, "validation": {"mse": 0.0004482668269418195, "relative_l2": 0.01119637078508982, "rmse": 0.021172312744285153, "seconds": 0.45909344404935837}}
{"epoch": 151, "learning_rate": 0.0004962798156180515, "train": {"mse": 0.00048083252440431635, "relative_l2": 0.011498186362843516, "rmse": 0.02192789375212121, "seconds": 14.919982105493546}}
{"epoch": 152, "learning_rate": 0.0004910602036881467, "train": {"mse": 0.00044732770786551894, "relative_l2": 0.011090353074439471, "rmse": 0.021150123117029813, "seconds": 14.65758546255529}}
{"epoch": 153, "learning_rate": 0.0004858417365995531, "train": {"mse": 0.00047770362595122255, "relative_l2": 0.01146071450497813, "rmse": 0.02185643214139084, "seconds": 15.000503255054355}}
{"epoch": 154, "learning_rate": 0.000480624986615994, "train": {"mse": 0.0004175201842408932, "relative_l2": 0.010714482765289836, "rmse": 0.020433310652972835, "seconds": 14.709900068119168}}
{"epoch": 155, "learning_rate": 0.0004754105258128925, "train": {"mse": 0.00036843344560878245, "relative_l2": 0.010064958688650172, "rmse": 0.019194620225698202, "seconds": 14.19593963213265}}
{"epoch": 156, "learning_rate": 0.00047019892601463743, "train": {"mse": 0.00040362673091317366, "relative_l2": 0.010534705162755082, "rmse": 0.020090463680890337, "seconds": 14.908365139737725}}
{"epoch": 157, "learning_rate": 0.0004649907587318757, "train": {"mse": 0.00042434369542165666, "relative_l2": 0.01080167987819035, "rmse": 0.02059960425400587, "seconds": 14.518952926620841}}
{"epoch": 158, "learning_rate": 0.0004597865950988407, "train": {"mse": 0.00023530451304422406, "relative_l2": 0.008043546952780398, "rmse": 0.015339638621695887, "seconds": 14.893204422667623}}
{"epoch": 159, "learning_rate": 0.0004545870058107206, "train": {"mse": 0.0005041621834456088, "relative_l2": 0.011773825161819252, "rmse": 0.02245355614252693, "seconds": 15.88917020149529}}
{"epoch": 160, "learning_rate": 0.00044939256106107483, "train": {"mse": 0.0002973536813092565, "relative_l2": 0.009042094906689115, "rmse": 0.017243946222058815, "seconds": 14.638323348015547}, "validation": {"mse": 0.00024799576871647333, "relative_l2": 0.008327815737896498, "rmse": 0.015747881404064273, "seconds": 0.37849773094058037}}
{"epoch": 161, "learning_rate": 0.00044420383047930604, "train": {"mse": 0.0003116642447526821, "relative_l2": 0.009257119967571087, "rmse": 0.017654014975429302, "seconds": 14.51224310696125}}
{"epoch": 162, "learning_rate": 0.00043902138306819435, "train": {"mse": 0.00034241880009512225, "relative_l2": 0.009703116052627836, "rmse": 0.01850456160234882, "seconds": 14.844118349254131}}
{"epoch": 163, "learning_rate": 0.00043384578714149926, "train": {"mse": 0.0007501050633108783, "relative_l2": 0.014361291503125729, "rmse": 0.027388045992930533, "seconds": 14.890166327357292}}
{"epoch": 164, "learning_rate": 0.0004286776102616379, "train": {"mse": 0.0003000731934568363, "relative_l2": 0.009083350007217628, "rmse": 0.01732262085992868, "seconds": 13.643156895413995}}
{"epoch": 165, "learning_rate": 0.00042351741917744497, "train": {"mse": 0.0002960822251980414, "relative_l2": 0.00902274262770792, "rmse": 0.01720703998943576, "seconds": 13.5870566572994}}
{"epoch": 166, "learning_rate": 0.0004183657797620229, "train": {"mse": 0.0003863184032325973, "relative_l2": 0.010306356755251591, "rmse": 0.01965498418296482, "seconds": 14.192558519542217}}
{"epoch": 167, "learning_rate": 0.0004132232569506877, "train": {"mse": 0.00033954032852264224, "relative_l2": 0.00966224743992582, "rmse": 0.018426620105777464, "seconds": 14.39270076341927}}
{"epoch": 168, "learning_rate": 0.0004080904146790163, "train": {"mse": 0.0002750983872099551, "relative_l2": 0.008697140202179291, "rmse": 0.01658609017248957, "seconds": 14.001709662377834}}
{"epoch": 169, "learning_rate": 0.0004029678158210056, "train": {"mse": 0.0002833108928627121, "relative_l2": 0.008826003298404711, "rmse": 0.01683184163609889, "seconds": 13.908053126186132}}
{"epoch": 170, "learning_rate": 0.0003978560221273469, "train": {"mse": 0.0003156344537487525, "relative_l2": 0.00931589590056964, "rmse": 0.017766104067824, "seconds": 14.586352080106735}, "validation": {"mse": 0.0002998636820597087, "relative_l2": 0.009157373047848706, "rmse": 0.017316572468583636, "seconds": 0.4367958679795265}}
{"epoch": 171, "learning_rate": 0.00039275559416382356, "train": {"mse": 0.00028944142964071855, "relative_l2": 0.008920984737119527, "rmse": 0.017012978270741386, "seconds": 14.558747094124556}}
{"epoch": 172, "learning_rate": 0.0003876670912498382, "train": {"mse": 0.00024525317041697856, "relative_l2": 0.008211826484079698, "rmse": 0.015660560986662596, "seconds": 14.261007169261575}}
{"epoch": 173, "learning_rate": 0.00038259107139707754, "train": {"mse": 0.00021338565544691865, "relative_l2": 0.007659758609953587, "rmse": 0.01460772588211179, "seconds": 14.505847070366144}}
{"epoch": 174, "learning_rate": 0.00037752809124832, "train": {"mse": 0.00024144496651228793, "relative_l2": 0.008147823234531802, "rmse": 0.015538499493589718, "seconds": 14.45192738622427}}
{"epoch": 175, "learning_rate": 0.00037247870601639355, "train": {"mse": 0.0005154166764127993, "relative_l2": 0.011904515635296535, "rmse": 0.022702790057893753, "seconds": 14.800676438957453}}
{"epoch": 176, "learning_rate": 0.0003674434694232903, "train": {"mse": 0.0003497203834518463, "relative_l2": 0.009806022249282084, "rmse": 0.01870081237411483, "seconds": 15.05340045131743}}
{"epoch": 177, "learning_rate": 0.00036242293363944423, "train": {"mse": 0.00017844397874173528, "relative_l2": 0.007004600555256644, "rmse": 0.013358292508465866, "seconds": 15.391637358814478}}
{"epoch": 178, "learning_rate": 0.0003574176492231809, "train": {"mse": 0.00016497630958785554, "relative_l2": 0.006735087853531218, "rmse": 0.01284431039752059, "seconds": 15.158330207690597}}
{"epoch": 179, "learning_rate": 0.00035242816506034095, "train": {"mse": 0.00013836619972944735, "relative_l2": 0.0061680445696917895, "rmse": 0.011762916293566291, "seconds": 15.508199278265238}}
{"epoch": 180, "learning_rate": 0.0003474550283040888, "train": {"mse": 0.00016572135270474675, "relative_l2": 0.006750278756683249, "rmse": 0.012873280572750162, "seconds": 15.56443564966321}, "validation": {"mse": 0.00035156563703647395, "relative_l2": 0.009915444353127524, "rmse": 0.018750083654119357, "seconds": 0.4674833957105875}}
{"epoch": 181, "learning_rate": 0.00034249878431491217, "train": {"mse": 0.00030949743579247757, "relative_l2": 0.009224885335540792, "rmse": 0.017592539208212032, "seconds": 15.245667343959212}}
{"epoch": 182, "learning_rate": 0.0003375599766008163, "train": {"mse": 0.00038414725724332586, "relative_l2": 0.010277354598916542, "rmse": 0.019599674926980955, "seconds": 15.50842647254467}}
{"epoch": 183, "learning_rate": 0.00033263914675772226, "train": {"mse": 0.00020148150963697606, "relative_l2": 0.0074430351671447145, "rmse": 0.01419441825637726, "seconds": 15.88175455853343}}
{"epoch": 184, "learning_rate": 0.00032773683441007524, "train": {"mse": 0.00028122012810316864, "relative_l2": 0.008793375641629637, "rmse": 0.016769619199706612, "seconds": 15.483106596395373}}
{"epoch": 185, "learning_rate": 0.00032285357715166794, "train": {"mse": 0.000242385492686502, "relative_l2": 0.00816367555764792, "rmse": 0.015568734460016396, "seconds": 15.665718814358115}}
{"epoch": 186, "learning_rate": 0.0003179899104866882, "train": {"mse": 0.000125444216547374, "relative_l2": 0.005872970164890112, "rmse": 0.011200188237140214, "seconds": 15.697995940223336}}
{"epoch": 187, "learning_rate": 0.0003131463677709941, "train": {"mse": 0.00022657831310036178, "relative_l2": 0.007892991199385866, "rmse": 0.015052518496928074, "seconds": 15.767316060140729}}
{"epoch": 188, "learning_rate": 0.0003083234801536267, "train": {"mse": 0.00021060018634605788, "relative_l2": 0.007609599511946148, "rmse": 0.014512070367320367, "seconds": 16.577920634299517}}
{"epoch": 189, "learning_rate": 0.0003035217765185618, "train": {"mse": 0.00018395669598303394, "relative_l2": 0.007111975849243688, "rmse": 0.01356306366508076, "seconds": 16.479256752878428}}
{"epoch": 190, "learning_rate": 0.0002987417834267136, "train": {"mse": 9.846690286419349e-05, "relative_l2": 0.005203284686476349, "rmse": 0.00992304907093548, "seconds": 16.261120656505227}, "validation": {"mse": 0.00011472055583656905, "relative_l2": 0.00566408279620091, "rmse": 0.010710768218786599, "seconds": 0.48883282393217087}}
{"epoch": 191, "learning_rate": 0.00029398402505819007, "train": {"mse": 0.0001607071745181512, "relative_l2": 0.006647373141096068, "rmse": 0.012677033348467268, "seconds": 17.001585161313415}}
{"epoch": 192, "learning_rate": 0.00028924902315481123, "train": {"mse": 0.00021032900020271955, "relative_l2": 0.007604699394937928, "rmse": 0.014502723889074065, "seconds": 16.410936890169978}}
{"epoch": 193, "learning_rate": 0.0002845372969628947, "train": {"mse": 0.0002886517492359032, "relative_l2": 0.008908806415822552, "rmse": 0.016989754242951932, "seconds": 16.935192545875907}}
{"epoch": 194, "learning_rate": 0.0002798493631763137, "train": {"mse": 9.297824029675025e-05, "relative_l2": 0.005056186519598025, "rmse": 0.009642522506935114, "seconds": 16.37132666632533}}
{"epoch": 195, "learning_rate": 0.0002751857358798359, "train": {"mse": 0.0001710253321482036, "relative_l2": 0.0068574499487677135, "rmse": 0.013077665393647431, "seconds": 16.152101734653115}}
{"epoch": 196, "learning_rate": 0.00027054692649274904, "train": {"mse": 0.0001341189812757298, "relative_l2": 0.0060726405049079096, "rmse": 0.0115809749708619, "seconds": 16.201023295521736}}
{"epoch": 197, "learning_rate": 0.00026593344371277663, "train": {"mse": 7.372689313755302e-05, "relative_l2": 0.004502413889851429, "rmse": 0.00858643657971996, "seconds": 15.930490294471383}}
{"epoch": 198, "learning_rate": 0.0002613457934602949, "train": {"mse": 0.00011231973309240893, "relative_l2": 0.005557257290147799, "rmse": 0.010598100447363618, "seconds": 15.698991036042571}}
{"epoch": 199, "learning_rate": 0.0002567844788228523, "train": {"mse": 9.536433115214882e-05, "relative_l2": 0.005120654009764687, "rmse": 0.00976546625369976, "seconds": 15.618828611448407}}
{"epoch": 200, "learning_rate": 0.0002522499999999999, "train": {"mse": 0.00010082365176872817, "relative_l2": 0.005265185306540323, "rmse": 0.010041098135598923, "seconds": 15.896144257858396}, "validation": {"mse": 0.00039354652511383484, "relative_l2": 0.010490761479209838, "rmse": 0.019838007085235018, "seconds": 0.45938009954988956}}
{"epoch": 201, "learning_rate": 0.00024774285424843996, "train": {"mse": 0.0001581940001832273, "relative_l2": 0.0065951917857205765, "rmse": 0.012577519635573117, "seconds": 16.51893158070743}}
{"epoch": 202, "learning_rate": 0.0002432635358274947, "train": {"mse": 0.0001820178368848241, "relative_l2": 0.007074397316842979, "rmse": 0.01349139862596996, "seconds": 18.166460556909442}}
{"epoch": 203, "learning_rate": 0.00023881253594490627, "train": {"mse": 0.00011536016102560503, "relative_l2": 0.005631970249092038, "rmse": 0.010740584761809063, "seconds": 20.295429076999426}}
{"epoch": 204, "learning_rate": 0.00023439034270297031, "train": {"mse": 0.00011074210222133858, "relative_l2": 0.0055180900451128004, "rmse": 0.010523407348446537, "seconds": 15.441559245809913}}
{"epoch": 205, "learning_rate": 0.00022999744104500918, "train": {"mse": 8.941609578694175e-05, "relative_l2": 0.004958385361764696, "rmse": 0.00945600844896734, "seconds": 16.114314679056406}}
{"epoch": 206, "learning_rate": 0.00022563431270219303, "train": {"mse": 6.821813526267777e-05, "relative_l2": 0.004330942032299078, "rmse": 0.00825942705414109, "seconds": 15.8981937430799}}
{"epoch": 207, "learning_rate": 0.000221301436140713, "train": {"mse": 5.913486138075412e-05, "relative_l2": 0.004032312821526444, "rmse": 0.007689919465166987, "seconds": 16.115749280899763}}
{"epoch": 208, "learning_rate": 0.00021699928650931085, "train": {"mse": 9.982989952711764e-05, "relative_l2": 0.005239173034971646, "rmse": 0.009991491356505176, "seconds": 15.373073667287827}}
{"epoch": 209, "learning_rate": 0.00021272833558717453, "train": {"mse": 9.18134738823135e-05, "relative_l2": 0.005024416798145902, "rmse": 0.009581934767170642, "seconds": 14.956316351890564}}
{"epoch": 210, "learning_rate": 0.0002084890517322022, "train": {"mse": 8.535393811985404e-05, "relative_l2": 0.004844447510583918, "rmse": 0.009238719506503812, "seconds": 15.008771613240242}, "validation": {"mse": 9.66636977509824e-05, "relative_l2": 0.005199249684421012, "rmse": 0.009831769817839635, "seconds": 0.5030383411794901}}
{"epoch": 211, "learning_rate": 0.00020428189982964044, "train": {"mse": 0.00012432374021488274, "relative_l2": 0.005846682125576476, "rmse": 0.011150055614878463, "seconds": 14.959185166284442}}
{"epoch": 212, "learning_rate": 0.00020010734124110613, "train": {"mse": 0.00011872762044270834, "relative_l2": 0.005713580553442692, "rmse": 0.010896220465955538, "seconds": 14.501717429608107}}
{"epoch": 213, "learning_rate": 0.00019596583375399131, "train": {"mse": 7.796015025612837e-05, "relative_l2": 0.004629870104066835, "rmse": 0.00882950453061373, "seconds": 13.725727368146181}}
{"epoch": 214, "learning_rate": 0.0001918578315312623, "train": {"mse": 8.109182635705153e-05, "relative_l2": 0.004721945454865803, "rmse": 0.009005100019269721, "seconds": 14.78940306045115}}
{"epoch": 215, "learning_rate": 0.0001877837850616561, "train": {"mse": 7.528098709806949e-05, "relative_l2": 0.004549619760389126, "rmse": 0.00867646166925605, "seconds": 13.535852409899235}}
{"epoch": 216, "learning_rate": 0.00018374414111027815, "train": {"mse": 7.060520682268277e-05, "relative_l2": 0.004406063886120869, "rmse": 0.008402690451437728, "seconds": 14.96996977366507}}
{"epoch": 217, "learning_rate": 0.0001797393426696107, "train": {"mse": 9.644536610373004e-05, "relative_l2": 0.005149595965314169, "rmse": 0.009820660166390549, "seconds": 15.015584368258715}}
{"epoch": 218, "learning_rate": 0.00017576982891093256, "train": {"mse": 7.312107961810754e-05, "relative_l2": 0.004483877822761001, "rmse": 0.008551086458345953, "seconds": 14.058813335373998}}
{"epoch": 219, "learning_rate": 0.00017183603513615944, "train": {"mse": 8.089570980110093e-05, "relative_l2": 0.004716232361922561, "rmse": 0.00899420423389979, "seconds": 14.394320340827107}}
{"epoch": 220, "learning_rate": 0.00016793839273010917, "train": {"mse": 7.526188467790981e-05, "relative_l2": 0.00454904249469751, "rmse": 0.00867536078084997, "seconds": 13.716789962723851}, "validation": {"mse": 6.15015696146769e-05, "relative_l2": 0.004147172229867348, "rmse": 0.007842293645017184, "seconds": 0.406850166618824}}
{"epoch": 221, "learning_rate": 0.00016407732911319367, "train": {"mse": 6.0118727388972056e-05, "relative_l2": 0.004065719027291742, "rmse": 0.007753626724892814, "seconds": 13.919352412223816}}
{"epoch": 222, "learning_rate": 0.00016025326769454867, "train": {"mse": 5.440469159337575e-05, "relative_l2": 0.0038676808076147534, "rmse": 0.007375953605695724, "seconds": 15.182927772402763}}
{"epoch": 223, "learning_rate": 0.00015646662782560226, "train": {"mse": 4.553839403712107e-05, "relative_l2": 0.0035385167577378787, "rmse": 0.006748214136875109, "seconds": 15.155222792178392}}
{"epoch": 224, "learning_rate": 0.00015271782475408726, "train": {"mse": 4.978050795381893e-05, "relative_l2": 0.003699661919392487, "rmse": 0.007055530309893008, "seconds": 14.02353740669787}}
{"epoch": 225, "learning_rate": 0.00014900726957850608, "train": {"mse": 6.214390067521207e-05, "relative_l2": 0.0041336307576681185, "rmse": 0.007883140280066826, "seconds": 14.124043475836515}}
{"epoch": 226, "learning_rate": 0.00014533536920304763, "train": {"mse": 4.3649270672522144e-05, "relative_l2": 0.00346434367196699, "rmse": 0.006606759468341657, "seconds": 14.996055202558637}}
{"epoch": 227, "learning_rate": 0.00014170252629296646, "train": {"mse": 4.410087905244199e-05, "relative_l2": 0.003482218548151112, "rmse": 0.006640849271926144, "seconds": 14.49770836904645}}
{"epoch": 228, "learning_rate": 0.00013810913923042645, "train": {"mse": 7.985738727622879e-05, "relative_l2": 0.004685867429623909, "rmse": 0.008936296060238201, "seconds": 14.556378925219178}}
{"epoch": 229, "learning_rate": 0.0001345556020708126, "train": {"mse": 4.4134369201051026e-05, "relative_l2": 0.0034835410668309203, "rmse": 0.006643370319427559, "seconds": 14.32884182035923}}
{"epoch": 230, "learning_rate": 0.0001310423044995189, "train": {"mse": 5.2023693092330964e-05, "relative_l2": 0.0037821000618317576, "rmse": 0.007212745184209058, "seconds": 14.424153765663505}, "validation": {"mse": 5.468786547997755e-05, "relative_l2": 0.003910699611789749, "rmse": 0.007395124439789878, "seconds": 0.37528714537620544}}
{"epoch": 231, "learning_rate": 0.0001275696317892159, "train": {"mse": 4.078603961510572e-05, "relative_l2": 0.00334879197079403, "rmse": 0.006386394884056711, "seconds": 14.367775974795222}}
{"epoch": 232, "learning_rate": 0.00012413796475759949, "train": {"mse": 4.229769525889627e-05, "relative_l2": 0.0034102858035878845, "rmse": 0.006503667831223876, "seconds": 15.456122709438205}}
{"epoch": 233, "learning_rate": 0.00012074767972563083, "train": {"mse": 3.825771308944611e-05, "relative_l2": 0.0032433364257127327, "rmse": 0.006185281973317474, "seconds": 14.707648864015937}}
{"epoch": 234, "learning_rate": 0.0001173991484762691, "train": {"mse": 3.911770270494168e-05, "relative_l2": 0.0032795869054353505, "rmse": 0.006254414657259437, "seconds": 15.748232873156667}}
{"epoch": 235, "learning_rate": 0.0001140927382137, "train": {"mse": 4.3416134040512724e-05, "relative_l2": 0.003455079522125123, "rmse": 0.006589092049782939, "seconds": 14.73509800620377}}
{"epoch": 236, "learning_rate": 0.0001108288115230689, "train": {"mse": 3.83408567386711e-05, "relative_l2": 0.003246858806587146, "rmse": 0.006191999413652354, "seconds": 14.811162469908595}}
{"epoch": 237, "learning_rate": 0.00010760772633071843, "train": {"mse": 3.573301090689714e-05, "relative_l2": 0.003134492644028768, "rmse": 0.005977709503388161, "seconds": 14.674010068178177}}
{"epoch": 238, "learning_rate": 0.00010442983586493815, "train": {"mse": 3.851017142960173e-05, "relative_l2": 0.0032540194998578954, "rmse": 0.006205656406021987, "seconds": 14.46565418317914}}
{"epoch": 239, "learning_rate": 0.00010129548861722948, "train": {"mse": 4.8150482482301024e-05, "relative_l2": 0.003638587458977891, "rmse": 0.006939054869526615, "seconds": 15.074603816494346}}
{"epoch": 240, "learning_rate": 9.820502830408873e-05, "train": {"mse": 3.602728015648391e-05, "relative_l2": 0.003147372800828981, "rmse": 0.0060022729158614495, "seconds": 14.689587891101837}, "validation": {"mse": 4.16452175604845e-05, "relative_l2": 0.003412648349782292, "rmse": 0.006453310589184786, "seconds": 0.4809345882385969}}
{"epoch": 241, "learning_rate": 9.515879382931565e-05, "train": {"mse": 3.519864872306169e-05, "relative_l2": 0.0031109671181926367, "rmse": 0.005932844909742854, "seconds": 15.620246475562453}}
{"epoch": 242, "learning_rate": 9.215711924684851e-05, "train": {"mse": 4.268986136613492e-05, "relative_l2": 0.003426058870509672, "rmse": 0.006533747880515051, "seconds": 15.108113983646035}}
{"epoch": 243, "learning_rate": 8.920033372413085e-05, "train": {"mse": 3.115103106774732e-05, "relative_l2": 0.002926635673315327, "rmse": 0.005581310873598363, "seconds": 14.491395058110356}}
{"epoch": 244, "learning_rate": 8.62887615060154e-05, "train": {"mse": 3.090169149006674e-05, "relative_l2": 0.002914899109453656, "rmse": 0.005558928987679798, "seconds": 14.40431535616517}}
{"epoch": 245, "learning_rate": 8.342272187920614e-05, "train": {"mse": 3.206794114407903e-05, "relative_l2": 0.0029693951027643826, "rmse": 0.005662856270830033, "seconds": 14.720152031630278}}
{"epoch": 246, "learning_rate": 8.060252913724547e-05, "train": {"mse": 3.408250332830433e-05, "relative_l2": 0.0030612453908974613, "rmse": 0.005838022210329825, "seconds": 14.651162886992097}}
{"epoch": 247, "learning_rate": 7.78284925460484e-05, "train": {"mse": 3.235478810445515e-05, "relative_l2": 0.0029826459563362293, "rmse": 0.005688126941661477, "seconds": 14.36023854278028}}
{"epoch": 248, "learning_rate": 7.510091630998745e-05, "train": {"mse": 2.9705758770544847e-05, "relative_l2": 0.0028579376524632623, "rmse": 0.005450298961574938, "seconds": 14.29769796691835}}
{"epoch": 249, "learning_rate": 7.242009953853414e-05, "train": {"mse": 2.9898043878064184e-05, "relative_l2": 0.002867172749385675, "rmse": 0.005467910375825868, "seconds": 14.585736526176333}}
{"epoch": 250, "learning_rate": 6.978633621345741e-05, "train": {"mse": 2.9171451408706024e-05, "relative_l2": 0.002832118961713328, "rmse": 0.005401060211542362, "seconds": 14.442718075588346}, "validation": {"mse": 3.603087404292977e-05, "relative_l2": 0.003174288316289915, "rmse": 0.006002572285523079, "seconds": 0.4339186102151871}}
{"epoch": 251, "learning_rate": 6.719991515658549e-05, "train": {"mse": 2.7401833905431325e-05, "relative_l2": 0.0027448729031676654, "rmse": 0.005234676103201737, "seconds": 14.49949419312179}}
{"epoch": 252, "learning_rate": 6.4661119998134e-05, "train": {"mse": 2.8797038491376623e-05, "relative_l2": 0.002813885117157565, "rmse": 0.005366287216630938, "seconds": 14.587123500183225}}
{"epoch": 253, "learning_rate": 6.21702291456014e-05, "train": {"mse": 2.9336855463876933e-05, "relative_l2": 0.002840136607275392, "rmse": 0.005416350751555602, "seconds": 14.390060348436236}}
{"epoch": 254, "learning_rate": 5.972751575323945e-05, "train": {"mse": 2.6410289772018463e-05, "relative_l2": 0.0026947535702965377, "rmse": 0.005139094255996718, "seconds": 14.66526841558516}}
{"epoch": 255, "learning_rate": 5.733324769209866e-05, "train": {"mse": 2.7521638242070546e-05, "relative_l2": 0.002750866827169408, "rmse": 0.005246106960601408, "seconds": 14.328276865184307}}
{"epoch": 256, "learning_rate": 5.4987687520652775e-05, "train": {"mse": 2.7645088241485777e-05, "relative_l2": 0.002757029666523921, "rmse": 0.005257859663540458, "seconds": 14.323852894827724}}
{"epoch": 257, "learning_rate": 5.269109245600653e-05, "train": {"mse": 2.850329309642434e-05, "relative_l2": 0.0027994967544490734, "rmse": 0.005338847543845426, "seconds": 14.32299286685884}}
{"epoch": 258, "learning_rate": 5.044371434568935e-05, "train": {"mse": 2.8163713466621443e-05, "relative_l2": 0.0027827707607076457, "rmse": 0.005306949544382483, "seconds": 14.532894032076001}}
{"epoch": 259, "learning_rate": 4.824579964003634e-05, "train": {"mse": 2.7103066206454278e-05, "relative_l2": 0.0027298682398793116, "rmse": 0.005206060526583827, "seconds": 14.44808480516076}}
{"epoch": 260, "learning_rate": 4.609758936516352e-05, "train": {"mse": 2.671490515063623e-05, "relative_l2": 0.0027102494646903965, "rmse": 0.005168646355733407, "seconds": 14.206702021881938}, "validation": {"mse": 3.3466990122538125e-05, "relative_l2": 0.003059266419512178, "rmse": 0.005785066129487037, "seconds": 0.4196342770010233}}
{"epoch": 261, "learning_rate": 4.399931909653551e-05, "train": {"mse": 2.5154061993201097e-05, "relative_l2": 0.0026298835131654988, "rmse": 0.005015382537075422, "seconds": 13.927740147337317}}
{"epoch": 262, "learning_rate": 4.195121893313243e-05, "train": {"mse": 2.5440162765289735e-05, "relative_l2": 0.002644797148418718, "rmse": 0.005043824220300479, "seconds": 13.9988445173949}}
{"epoch": 263, "learning_rate": 3.995351347221762e-05, "train": {"mse": 2.4652733108002744e-05, "relative_l2": 0.0026035442429985893, "rmse": 0.00496515187159494, "seconds": 14.025815242901444}}
{"epoch": 264, "learning_rate": 3.80064217847067e-05, "train": {"mse": 2.4820524965693613e-05, "relative_l2": 0.0026123895053303437, "rmse": 0.004982020169137577, "seconds": 13.830986419692636}}
{"epoch": 265, "learning_rate": 3.611015739114493e-05, "train": {"mse": 2.4536944482616797e-05, "relative_l2": 0.002597423186184728, "rmse": 0.004953478018788092, "seconds": 14.266621768474579}}
{"epoch": 266, "learning_rate": 3.426492823829211e-05, "train": {"mse": 2.4451234859382796e-05, "relative_l2": 0.0025928824235610776, "rmse": 0.004944818991569135, "seconds": 14.173437988385558}}
{"epoch": 267, "learning_rate": 3.247093667631861e-05, "train": {"mse": 2.387469933180514e-05, "relative_l2": 0.0025621314327045844, "rmse": 0.004886174304279897, "seconds": 13.511410580947995}}
{"epoch": 268, "learning_rate": 3.072837943661573e-05, "train": {"mse": 2.353078115010214e-05, "relative_l2": 0.002543610711483051, "rmse": 0.004850853651688756, "seconds": 14.35852270014584}}
{"epoch": 269, "learning_rate": 2.9037447610221606e-05, "train": {"mse": 2.3444023817599177e-05, "relative_l2": 0.0025389171311973016, "rmse": 0.004841902912863823, "seconds": 14.673140110448003}}
{"epoch": 270, "learning_rate": 2.7398326626865973e-05, "train": {"mse": 2.332956310279831e-05, "relative_l2": 0.0025327113944624735, "rmse": 0.004830068643694239, "seconds": 15.112548291683197}, "validation": {"mse": 3.256191322189605e-05, "relative_l2": 0.0030176156898983, "rmse": 0.005706304690594084, "seconds": 0.40451771207153797}}
{"epoch": 271, "learning_rate": 2.581119623463601e-05, "train": {"mse": 2.3499687941012505e-05, "relative_l2": 0.0025419296120920668, "rmse": 0.004847647670882498, "seconds": 15.52371265180409}}
{"epoch": 272, "learning_rate": 2.4276230480264488e-05, "train": {"mse": 2.3030361396347928e-05, "relative_l2": 0.002516418108129999, "rmse": 0.004798995873758169, "seconds": 15.556681752204895}}
{"epoch": 273, "learning_rate": 2.279359769004389e-05, "train": {"mse": 2.309688179792758e-05, "relative_l2": 0.0025200495334118814, "rmse": 0.004805921534724384, "seconds": 15.019509682431817}}
{"epoch": 274, "learning_rate": 2.136346045136745e-05, "train": {"mse": 2.2922240236324227e-05, "relative_l2": 0.0025105042163589145, "rmse": 0.0047877176437551355, "seconds": 14.937077272683382}}
{"epoch": 275, "learning_rate": 1.998597559489946e-05, "train": {"mse": 2.2483184570799807e-05, "relative_l2": 0.0024863449739418652, "rmse": 0.004741643657087678, "seconds": 15.257013693451881}}
{"epoch": 276, "learning_rate": 1.8661294177377428e-05, "train": {"mse": 2.2366698487790044e-05, "relative_l2": 0.002479895421844389, "rmse": 0.004729344403592325, "seconds": 15.084639575332403}}
{"epoch": 277, "learning_rate": 1.738956146504649e-05, "train": {"mse": 2.215092367754725e-05, "relative_l2": 0.0024679044753112686, "rmse": 0.004706476779667275, "seconds": 15.801084073260427}}
{"epoch": 278, "learning_rate": 1.6170916917729612e-05, "train": {"mse": 2.198532013122193e-05, "relative_l2": 0.0024586620957721184, "rmse": 0.0046888506194185725, "seconds": 16.83941163867712}}
{"epoch": 279, "learning_rate": 1.5005494173534475e-05, "train": {"mse": 2.1860248314406344e-05, "relative_l2": 0.002451658471445196, "rmse": 0.004675494445981766, "seconds": 16.95285846479237}}
{"epoch": 280, "learning_rate": 1.3893421034197933e-05, "train": {"mse": 2.170297314306933e-05, "relative_l2": 0.002442823232324062, "rmse": 0.004658644990023315, "seconds": 14.703028209507465}, "validation": {"mse": 2.8613762465303766e-05, "relative_l2": 0.0028287623019082574, "rmse": 0.005349183345642937, "seconds": 0.42379622533917427}}
{"epoch": 281, "learning_rate": 1.2834819451071717e-05, "train": {"mse": 2.1621458925410896e-05, "relative_l2": 0.0024382314156043013, "rmse": 0.004649888055148306, "seconds": 14.376246446743608}}
{"epoch": 282, "learning_rate": 1.1829805511748738e-05, "train": {"mse": 2.1735979030708115e-05, "relative_l2": 0.0024446803180945094, "rmse": 0.004662186078515969, "seconds": 13.943904528394341}}
{"epoch": 283, "learning_rate": 1.087848942733293e-05, "train": {"mse": 2.163542787471931e-05, "relative_l2": 0.002439019054868715, "rmse": 0.004651389886337127, "seconds": 13.890574580058455}}
{"epoch": 284, "learning_rate": 9.980975520353275e-06, "train": {"mse": 2.127617933079154e-05, "relative_l2": 0.0024186850364734907, "rmse": 0.004612610901733588, "seconds": 14.185118936002254}}
{"epoch": 285, "learning_rate": 9.137362213323883e-06, "train": {"mse": 2.1277933634683758e-05, "relative_l2": 0.00241878448392733, "rmse": 0.004612801061685162, "seconds": 14.04349204711616}}
{"epoch": 286, "learning_rate": 8.347742017950322e-06, "train": {"mse": 2.147878772484328e-05, "relative_l2": 0.0024301736531466933, "rmse": 0.004634521304821382, "seconds": 14.026591062545776}}
{"epoch": 287, "learning_rate": 7.612201524985372e-06, "train": {"mse": 2.1283073196867983e-05, "relative_l2": 0.0024190765880122604, "rmse": 0.004613358125798168, "seconds": 14.107480973005295}}
{"epoch": 288, "learning_rate": 6.930821394732839e-06, "train": {"mse": 2.1033538696532714e-05, "relative_l2": 0.0024048534804673428, "rmse": 0.004586233606842625, "seconds": 14.018290637061}}
{"epoch": 289, "learning_rate": 6.303676348202376e-06, "train": {"mse": 2.1009205344194422e-05, "relative_l2": 0.002403461878434266, "rmse": 0.004583579970306444, "seconds": 13.966503964737058}}
{"epoch": 290, "learning_rate": 5.730835158915769e-06, "train": {"mse": 2.1018812899104134e-05, "relative_l2": 0.0024040115017066694, "rmse": 0.004584627891018434, "seconds": 14.02113433368504}, "validation": {"mse": 2.7613379046350657e-05, "relative_l2": 0.002778873319843663, "rmse": 0.005254843389326713, "seconds": 0.41076222248375416}}
{"epoch": 291, "learning_rate": 5.2123606453646245e-06, "train": {"mse": 2.104778936999049e-05, "relative_l2": 0.0024056681444503875, "rmse": 0.004587786979578552, "seconds": 15.076845955103636}}
{"epoch": 292, "learning_rate": 4.748309664122074e-06, "train": {"mse": 2.0881552325037423e-05, "relative_l2": 0.0023961491052256344, "rmse": 0.004569633718914178, "seconds": 15.274482421576977}}
{"epoch": 293, "learning_rate": 4.338733103607641e-06, "train": {"mse": 2.078067832840179e-05, "relative_l2": 0.0023903542124870205, "rmse": 0.004558582929858992, "seconds": 14.314001308754086}}
{"epoch": 294, "learning_rate": 3.9836758785066295e-06, "train": {"mse": 2.0810900476878276e-05, "relative_l2": 0.0023920921673476277, "rmse": 0.004561896587701027, "seconds": 14.206052901223302}}
{"epoch": 295, "learning_rate": 3.6831769248449453e-06, "train": {"mse": 2.0707577764393088e-05, "relative_l2": 0.0023861466055614075, "rmse": 0.0045505579618760035, "seconds": 14.276873297989368}}
{"epoch": 296, "learning_rate": 3.4372691957190965e-06, "train": {"mse": 2.065416591134138e-05, "relative_l2": 0.002383067017118436, "rmse": 0.004544685457910303, "seconds": 13.854361115023494}}
{"epoch": 297, "learning_rate": 3.2459796576827976e-06, "train": {"mse": 2.0733924302274357e-05, "relative_l2": 0.0023876640867177205, "rmse": 0.004553451910614008, "seconds": 14.244956916198134}}
{"epoch": 298, "learning_rate": 3.1093292877895186e-06, "train": {"mse": 2.060133882625374e-05, "relative_l2": 0.002380017746239859, "rmse": 0.00453886977410167, "seconds": 14.114920562133193}}
{"epoch": 299, "learning_rate": 3.0273330712921967e-06, "train": {"mse": 2.0588900324351296e-05, "relative_l2": 0.0023792991442753235, "rmse": 0.004537499347035908, "seconds": 13.991408504545689}}
{"epoch": 300, "learning_rate": 3e-06, "train": {"mse": 2.0598725644414296e-05, "relative_l2": 0.00237986666387655, "rmse": 0.004538581897951638, "seconds": 14.133972907438874}, "validation": {"mse": 2.696991728213495e-05, "relative_l2": 0.0027463050727497976, "rmse": 0.005193256905077482, "seconds": 0.37248550169169903}}
{"summary": {"additional_epochs": 300, "best_validation_mse": 2.696991728213495e-05, "best_validation_relative_l2": 0.0027463050727497976, "best_validation_score": 0.0027463050727497976, "end_epoch": 300, "initial_learning_rate": 0.001, "kept_resume_learning_rate": false, "minimum_learning_rate": 3e-06, "optimizer": "adamw", "plateau_cooldown": null, "plateau_factor": null, "plateau_patience": null, "plateau_threshold": null, "plateau_threshold_mode": null, "resume_checkpoint": null, "scheduler": "cosine", "scheduler_restarted_on_resume": false, "start_epoch": 0, "test": {"mse": 2.772189423947515e-05, "relative_l2": 0.0028964909609337864, "rmse": 0.005265158519880969, "seconds": 0.15874986350536346}, "total_seconds": 4351.492535632104, "training_loss": "relative_l2", "validation_selection_metric": "relative_l2", "weight_decay": 0.0001}}
